08-19 21:05:18.565  1648  4697 D NuPlayerDriver: notifyListener_l(0xebe8c000), (2, 0, 0), loop setting(0, 0)
08-19 21:05:18.580  4393  4393 I SetupWizard.WizardManager: onNext resultCode = -1, Stack = [suw/wizard_script_new_device_account_flow#account_google_services,suw/wizard_script_setup_as_new_flow#account_flow,suw/wizard_script#setup_as_new_flow]
08-19 21:05:18.580  4393  4398 I art     : Do full code cache collection, code=125KB, data=116KB
08-19 21:05:18.581  4393  4398 I art     : Starting a blocking GC JitCodeCache
08-19 21:05:18.581  4393  4398 I art     : After code cache collection, code=89KB, data=77KB
08-19 21:05:18.585  1914  3636 I ActivityManager: START u0 {act=com.google.android.setupwizard.OPA_OPT_IN flg=0x4000000 cmp=com.google.android.setupwizard/.account.OpaWrapper (has extras)} from uid 10021 on display 0
08-19 21:05:18.599  4263  4733 I chatty  : uid=10029 com.google.android.gms.persistent expire 1 line
08-19 21:05:18.600  4263  5998 I chatty  : uid=10029(com.google.android.gms) Binder:4263_6 expire 1 line
08-19 21:05:18.611  1648  5556 D NuPlayerDriver: seekTo(0xebe8c000) 4000 ms at state 6
08-19 21:05:18.611  1648  5556 D NuPlayerDriver: notifyListener_l(0xebe8c000), (7, 0, 0), loop setting(0, 0)
08-19 21:05:18.612  4263  6209 I chatty  : uid=10029 com.google.android.gms.persistent expire 2 lines
08-19 21:05:18.619  4263  4733 I chatty  : uid=10029 com.google.android.gms.persistent expire 3 lines
08-19 21:05:18.627  1648  4709 I NuPlayerDecoder: [OMX.qcom.video.decoder.avc] resubmitting CSD
08-19 21:05:18.627  1648  4709 I NuPlayerDecoder: [OMX.qcom.video.decoder.avc] resubmitting CSD
08-19 21:05:18.629  1914  1914 D ZenLog  : disable_effects: 0|com.google.android.gms|1|com.google.android.backup.notification.tag|10029,booleanState
08-19 21:05:18.655  4263  6016 I chatty  : uid=10029(com.google.android.gms) lowpool[8] expire 1 line
08-19 21:05:18.676  1914  2112 I ActivityManager: START u0 {act=com.google.android.apps.gsa.opa.OPA_OPT_IN_WRAPPED (has extras)} from uid 10021 on display 0
08-19 21:05:18.683  4393  4393 W SetupWizard.OpaWrapper: intent has no matching activity; start next screen and finish; intent=Intent { act=com.google.android.apps.gsa.opa.OPA_OPT_IN_WRAPPED (has extras) }
08-19 21:05:18.686  1648  4697 D NuPlayerDriver: notifyListener_l(0xebe8c000), (4, 0, 0), loop setting(0, 0)
08-19 21:05:18.697  4263  4733 I GCoreUlr: WorldUpdater received intent Intent { act=com.google.android.location.reporting.ACTION_UPDATE_WORLD cmp=com.google.android.gms/com.google.android.location.reporting.service.DispatchingService (has extras) } with receiverAction com.google.android.gsf.settings.GoogleLocationSettings.UPDATE_LOCATION_SETTINGS
08-19 21:05:18.701  4263  4728 W Settings: Setting airplane_mode_on has moved from android.provider.Settings.System to android.provider.Settings.Global, returning read-only value.
08-19 21:05:18.734  4393  4393 I SetupWizard.OpaWrapper: subactivity result {OpaSubactivity(10002), RESULT_CANCELED(0), null}
08-19 21:05:18.735  1914  4359 I ActivityManager: START u0 {act=com.android.wizard.NEXT cmp=com.google.android.setupwizard/.WizardManagerActivity (has extras)} from uid 10021 on display 0
08-19 21:05:18.740  4263  4733 I GCoreUlr: WorldUpdater:com.google.android.gsf.settings.GoogleLocationSettings.UPDATE_LOCATION_SETTINGS: Ensuring that reporting is stopped because of reasons: {account#10#=[InactiveReason{mIdentifier=6, mName='ReportingNotEnabled'}, InactiveReason{mIdentifier=14, mName='HistoryNotEnabled'}]}
08-19 21:05:18.742  1648  1648 D NuPlayerDriver: start(0xebe8c000), state is 6, eos is 0
08-19 21:05:18.751  4263  6203 I GCoreUlr: Starting service, intent=Intent { act=com.google.android.location.reporting.ACTION_UPDATE_WORLD cmp=com.google.android.gms/com.google.android.location.reporting.service.DispatchingService (has extras) }, extras=Bundle[{receiverAction=com.google.android.location.internal.server.ACTION_RESTARTED}]
08-19 21:05:18.752  1648  4697 D NuPlayerDriver: notifyListener_l(0xebe8c000), (200, 3, 0), loop setting(0, 0)
08-19 21:05:18.752  1648  4697 D NuPlayerDriver: notifyListener_l(0xebe8c000), (6, 0, 0), loop setting(0, 0)
08-19 21:05:18.752  4393  4406 W MediaPlayer: info/warning (3, 0)
08-19 21:05:18.755  4263  4733 I GCoreUlr: Unbound from all location providers
08-19 21:05:18.755  4263  4733 I GCoreUlr: Place inference reporting - stop
08-19 21:05:18.756  4263  6016 I GCoreUlr: Unregistering for aliased place alerts.
08-19 21:05:18.776  4263  4733 I GCoreUlr: DispatchingService ignoring Intent { act=android.net.wifi.WIFI_STATE_CHANGED flg=0x4000010 (has extras) } because ULR inactive
08-19 21:05:18.807  4263  4733 I GCoreUlr: WorldUpdater received intent Intent { act=com.google.android.location.reporting.ACTION_UPDATE_WORLD cmp=com.google.android.gms/com.google.android.location.reporting.service.DispatchingService (has extras) } with receiverAction com.google.android.location.internal.server.ACTION_RESTARTED
08-19 21:05:18.819  4393  4393 I SetupWizard.WizardManager: onNext resultCode = 3, Stack = [suw/wizard_script_new_device_account_flow#opa,suw/wizard_script_setup_as_new_flow#account_flow,suw/wizard_script#setup_as_new_flow]
08-19 21:05:18.829  1914  2113 I ActivityManager: START u0 {act=com.google.android.setupwizard.SUGGESTED_ACTIONS flg=0x4000000 cmp=com.google.android.setupwizard/.user.SuggestedActionsActivity (has extras)} from uid 10021 on display 0
08-19 21:05:18.831  4263  5577 D BluetoothLeScanner: could not find callback wrapper
08-19 21:05:18.843  4263  4733 I GCoreUlr: WorldUpdater:com.google.android.location.internal.server.ACTION_RESTARTED: Ensuring that reporting is stopped because of reasons: {account#10#=[InactiveReason{mIdentifier=6, mName='ReportingNotEnabled'}, InactiveReason{mIdentifier=14, mName='HistoryNotEnabled'}]}
08-19 21:05:18.844  4263  5577 I BeaconBle: Client requested scan, settings=BleSettings [scanMode=LOW_LATENCY, callbackType=ALL_MATCHES, reportDelayMillis=0, 6 filters, 1 clients, callingClientName=Nearby]
08-19 21:05:18.847  4263  4733 I GCoreUlr: Unbound from all location providers
08-19 21:05:18.847  4263  4733 I GCoreUlr: Place inference reporting - stop
08-19 21:05:18.848  4263  6213 I GCoreUlr: Unregistering for aliased place alerts.
08-19 21:05:18.856  4263  4263 I GCoreUlr: DispatchingService.onDestroy()
08-19 21:05:18.863  4263  4263 I GCoreUlr: Stopping handler for UlrDispSvcFast
08-19 21:05:18.874  4263  4263 I GCoreUlr: Unbound from all location providers
08-19 21:05:18.874  4263  4263 I GCoreUlr: Place inference reporting - stop
08-19 21:05:18.875  4263  6213 I GCoreUlr: Unregistering for aliased place alerts.
08-19 21:05:18.883  4263  5577 I BeaconBle: 'L' hardware scan: 6 filters, scanMode=2, reportdelay=0, callback type=1, #clients=1
08-19 21:05:18.884  4263  5577 I BeaconBle: Starting scan on OS scanner. BT state: 12
08-19 21:05:18.890  4263  4286 D BluetoothLeScanner: onClientRegistered() - status=0 clientIf=5 mClientIf=0
08-19 21:05:18.919  4263  5577 D BluetoothLeScanner: could not find callback wrapper
08-19 21:05:18.928  3413  3531 D BtGatt.GattService: onScanParamSetupCompleted : 0
08-19 21:05:18.943  5172  5840 D OpenGLRenderer: endAllActiveAnimators on 0x7f66cc7400 (InsetDrawable) with handle 0x7f5f1f9340
08-19 21:05:18.973   687   687 W SurfaceFlinger: couldn't log to binary event log: overflow.
08-19 21:05:19.474  4393  4393 I art     : Starting a blocking GC Explicit
08-19 21:05:19.486   687   687 W SurfaceFlinger: couldn't log to binary event log: overflow.
08-19 21:05:19.487  4393  4393 I art     : Explicit concurrent mark sweep GC freed 9195(839KB) AllocSpace objects, 3(92KB) LOS objects, 40% free, 24MB/40MB, paused 128us total 12.935ms
08-19 21:05:19.488  4393  4393 I art     : Starting a blocking GC Explicit
08-19 21:05:19.495  4287  5418 W DpmTcmClient: Couldn't find 'tcm' socket after 120times. quit trying
08-19 21:05:19.501  4393  4393 I art     : Explicit concurrent mark sweep GC freed 736(30KB) AllocSpace objects, 0(0B) LOS objects, 40% free, 24MB/40MB, paused 124us total 13.068ms
08-19 21:05:20.723  1648  4709 I NuPlayerDecoder: [video] saw output EOS
08-19 21:05:20.804  1648  4697 D NuPlayerDriver: notifyListener_l(0xebe8c000), (2, 0, 0), loop setting(0, 0)
08-19 21:05:20.804  1648  3511 D NuPlayerDriver: seekTo(0xebe8c000) 4000 ms at state 6
08-19 21:05:20.804  1648  3511 D NuPlayerDriver: notifyListener_l(0xebe8c000), (7, 0, 0), loop setting(0, 0)
08-19 21:05:20.809  1648  4709 I NuPlayerDecoder: [OMX.qcom.video.decoder.avc] resubmitting CSD
08-19 21:05:20.809  1648  4709 I NuPlayerDecoder: [OMX.qcom.video.decoder.avc] resubmitting CSD
08-19 21:05:20.846  1648  4697 D NuPlayerDriver: notifyListener_l(0xebe8c000), (4, 0, 0), loop setting(0, 0)
08-19 21:05:20.849  1648  3766 D NuPlayerDriver: start(0xebe8c000), state is 6, eos is 0
08-19 21:05:20.853  1648  4697 D NuPlayerDriver: notifyListener_l(0xebe8c000), (200, 3, 0), loop setting(0, 0)
08-19 21:05:20.853  4393  5241 W MediaPlayer: info/warning (3, 0)
08-19 21:05:20.853  1648  4697 D NuPlayerDriver: notifyListener_l(0xebe8c000), (6, 0, 0), loop setting(0, 0)
08-19 21:05:20.900  5456  5482 W DpmTcmClient: Couldn't find 'tcm' socket after 120times. quit trying
08-19 21:05:21.772  4263  5577 D BluetoothLeScanner: could not find callback wrapper
08-19 21:05:21.773  4263  5577 I BeaconBle: Client requested scan, settings=BleSettings [scanMode=ZERO_POWER, callbackType=ALL_MATCHES, reportDelayMillis=0, 6 filters, 0 clients, callingClientName=Nearby]
08-19 21:05:21.779  4263  5577 I BeaconBle: Stopping scan on delegate scanner. BT state: 12
08-19 21:05:21.784  4263  5577 I BeaconBle: Resetting - new scanner available: true
08-19 21:05:21.784  4263  5577 I BeaconBle: ZERO_POWER is disabled.
08-19 21:05:21.784  4263  5577 I BeaconBle: 'L' hardware scan: scan stopped, no powered clients
08-19 21:05:22.831  1648  4709 I NuPlayerDecoder: [video] saw output EOS
08-19 21:05:22.910  1648  4697 D NuPlayerDriver: notifyListener_l(0xebe8c000), (2, 0, 0), loop setting(0, 0)
08-19 21:05:22.911  1648  3511 D NuPlayerDriver: seekTo(0xebe8c000) 4000 ms at state 6
08-19 21:05:22.911  1648  3511 D NuPlayerDriver: notifyListener_l(0xebe8c000), (7, 0, 0), loop setting(0, 0)
08-19 21:05:22.916  1648  4709 I NuPlayerDecoder: [OMX.qcom.video.decoder.avc] resubmitting CSD
08-19 21:05:22.916  1648  4709 I NuPlayerDecoder: [OMX.qcom.video.decoder.avc] resubmitting CSD
08-19 21:05:22.953  1648  4697 D NuPlayerDriver: notifyListener_l(0xebe8c000), (4, 0, 0), loop setting(0, 0)
08-19 21:05:22.955  1648  3510 D NuPlayerDriver: start(0xebe8c000), state is 6, eos is 0
08-19 21:05:22.961  1648  4697 D NuPlayerDriver: notifyListener_l(0xebe8c000), (200, 3, 0), loop setting(0, 0)
08-19 21:05:22.961  1648  4697 D NuPlayerDriver: notifyListener_l(0xebe8c000), (6, 0, 0), loop setting(0, 0)
08-19 21:05:22.961  4393  5240 W MediaPlayer: info/warning (3, 0)
08-19 21:05:23.536  1914  2113 I ActivityManager: START u0 {act=com.android.wizard.NEXT cmp=com.google.android.setupwizard/.WizardManagerActivity (has extras)} from uid 10021 on display 0
08-19 21:05:23.554  4393  4393 I SetupWizard.WizardManager: onNext resultCode = -1, Stack = [suw/wizard_script_new_device_account_flow#suggested_actions,suw/wizard_script_setup_as_new_flow#account_flow,suw/wizard_script#setup_as_new_flow]
08-19 21:05:23.557  1914  3634 I ActivityManager: START u0 {act=com.google.android.setupwizard.START_DOWNLOADS flg=0x4000000 cmp=com.google.android.setupwizard/.account.StartDownloads (has extras)} from uid 10021 on display 0
08-19 21:05:23.578  1914  5547 I ActivityManager: START u0 {act=com.android.wizard.NEXT cmp=com.google.android.setupwizard/.WizardManagerActivity (has extras)} from uid 10021 on display 0
08-19 21:05:23.582  5456  5471 I Finsky  : [166] com.google.android.finsky.setup.g.f(97): Setup Wizard reports OK to begin downloading apps
08-19 21:05:23.589  4393  4393 I SetupWizard.WizardManager: onNext resultCode = -1, Stack = [suw/wizard_script_new_device_account_flow#start_downloads,suw/wizard_script_setup_as_new_flow#account_flow,suw/wizard_script#setup_as_new_flow]
08-19 21:05:23.592  1914  2712 I ActivityManager: START u0 {act=com.google.android.setupwizard.FINAL_HOLD flg=0x4000000 cmp=com.google.android.setupwizard/.account.FinalHold (has extras)} from uid 10021 on display 0
08-19 21:05:23.608  4393  6219 I SetupWizard.ProgressFragment: Starting final hold
08-19 21:05:23.615  3470  3470 D PhoneStatusBar: disable: < EXPAND icons ALERTS system_info BACK* HOME RECENT CLOCK SEARCH quick_settings >
08-19 21:05:23.621  5456  5468 I Finsky  : [163] com.google.android.finsky.setup.PlaySetupService.a(330): Performing final hold silently
08-19 21:05:23.622  5456  5468 I Finsky  : [163] com.google.android.finsky.setup.PlaySetupService.a(334): Blocking for Final Hold...
08-19 21:05:23.623  5456  5456 I Finsky  : [1] com.google.android.finsky.setup.VpaService.onStartCommand(79): VpaService is called for playsetupservice://installdefault
08-19 21:05:23.623  5456  5468 I Finsky  : [163] com.google.android.finsky.setup.PlaySetupService.d(320): Blocking for Final Hold...
08-19 21:05:23.626  5456  5456 W Finsky  : [1] com.google.android.finsky.setup.VpaService.a(39): Skipping additional VPA because already handled VPA
08-19 21:05:23.654  4393  4393 D SetupWizard.WizardManager: peekNextActivity wizardBundle=Bundle[{action=WizardAction{mId=android.resource://com.google.android.setupwizard/xml/wizard_script_new_device_account_flow#final_hold mUri=intent:#Intent;action=com.google.android.setupwizard.FINAL_HOLD;end mBranches={} default=null}, stack=[WizardAction{mId=android.resource://com.google.android.setupwizard/xml/wizard_script#setup_as_new_flow mUri=intent:#Intent;action=com.android.wizard.LOAD;S.loadScriptUri=android.resource%3A%2F%2Fcom.google.android.setupwizard%2Fxml%2Fwizard_script_setup_as_new_flow;end mBranches={} default=oem_post_setup}, WizardAction{mId=android.resource://com.google.android.setupwizard/xml/wizard_script_setup_as_new_flow#account_flow mUri=intent:#Intent;action=com.android.wizard.LOAD;S.loadScriptUri=android.resource%3A%2F%2Fcom.google.android.setupwizard%2Fxml%2Fwizard_script_new_device_account_flow;end mBranches={} default=null}, WizardAction{mId=android.resource://com.google.android.setupwizard/xml/wizard_script_new_device_account_flow#final_hold mUri=intent:#Intent;action=com.google.android.setupwizard.FINAL_HOLD;end mBranches={} default=null}]}] scriptUri=android.resource://com.google.android.setupwizard/xml/wizard_script_new_device_account_flow actionId=android.resource://com.google.android.setupwizard/xml/wizard_script_new_device_account_flow#final_hold
08-19 21:05:23.668  4393  4552 D OpenGLRenderer: endAllActiveAnimators on 0x7f6a36fc00 (RippleDrawable) with handle 0x7f6318b900
08-19 21:05:24.199  4393  4393 I art     : Starting a blocking GC Explicit
08-19 21:05:24.212  4393  4393 I art     : Explicit concurrent mark sweep GC freed 6090(680KB) AllocSpace objects, 4(1200KB) LOS objects, 40% free, 24MB/40MB, paused 135us total 12.782ms
08-19 21:05:24.213  4393  4393 I art     : Starting a blocking GC Explicit
08-19 21:05:24.225  4393  4393 I art     : Explicit concurrent mark sweep GC freed 1796(156KB) AllocSpace objects, 0(0B) LOS objects, 40% free, 24MB/40MB, paused 145us total 11.665ms
08-19 21:05:24.231  4393  4393 I art     : Starting a blocking GC Explicit
08-19 21:05:24.245  4393  4393 I art     : Explicit concurrent mark sweep GC freed 74(2720B) AllocSpace objects, 0(0B) LOS objects, 40% free, 24MB/40MB, paused 190us total 14.505ms
08-19 21:05:24.245  4393  4393 I art     : Starting a blocking GC Explicit
08-19 21:05:24.257  4393  4393 I art     : Explicit concurrent mark sweep GC freed 5(128B) AllocSpace objects, 0(0B) LOS objects, 40% free, 24MB/40MB, paused 140us total 10.990ms
08-19 21:05:24.263  4393  4393 I art     : Starting a blocking GC Explicit
08-19 21:05:24.275  4393  4393 I art     : Explicit concurrent mark sweep GC freed 66(5KB) AllocSpace objects, 0(0B) LOS objects, 40% free, 24MB/40MB, paused 134us total 11.380ms
08-19 21:05:24.275  4393  4393 I art     : Starting a blocking GC Explicit
08-19 21:05:24.285  4393  4393 I art     : Explicit concurrent mark sweep GC freed 15(1032B) AllocSpace objects, 0(0B) LOS objects, 40% free, 24MB/40MB, paused 149us total 10.047ms
08-19 21:05:24.297   687   687 W SurfaceFlinger: couldn't log to binary event log: overflow.
08-19 21:05:24.937  1648  4709 I NuPlayerDecoder: [video] saw output EOS
08-19 21:05:25.017  1648  4697 D NuPlayerDriver: notifyListener_l(0xebe8c000), (2, 0, 0), loop setting(0, 0)
08-19 21:05:25.018  1648  3766 D NuPlayerDriver: seekTo(0xebe8c000) 4000 ms at state 6
08-19 21:05:25.018  1648  3766 D NuPlayerDriver: notifyListener_l(0xebe8c000), (7, 0, 0), loop setting(0, 0)
08-19 21:05:25.023  1648  4709 I NuPlayerDecoder: [OMX.qcom.video.decoder.avc] resubmitting CSD
08-19 21:05:25.023  1648  4709 I NuPlayerDecoder: [OMX.qcom.video.decoder.avc] resubmitting CSD
08-19 21:05:25.061  1648  4697 D NuPlayerDriver: notifyListener_l(0xebe8c000), (4, 0, 0), loop setting(0, 0)
08-19 21:05:25.062  1648  1660 D NuPlayerDriver: start(0xebe8c000), state is 6, eos is 0
08-19 21:05:25.067  1648  4697 D NuPlayerDriver: notifyListener_l(0xebe8c000), (200, 3, 0), loop setting(0, 0)
08-19 21:05:25.067  1648  4697 D NuPlayerDriver: notifyListener_l(0xebe8c000), (6, 0, 0), loop setting(0, 0)
08-19 21:05:25.067  4393  4405 W MediaPlayer: info/warning (3, 0)
08-19 21:05:25.111  1914  3635 I ActivityManager: START u0 {act=com.android.wizard.NEXT cmp=com.google.android.setupwizard/.WizardManagerActivity (has extras)} from uid 10021 on display 0
08-19 21:05:25.140  4393  4393 I SetupWizard.WizardManager: onNext resultCode = -1, Stack = [suw/wizard_script_new_device_account_flow#final_hold,suw/wizard_script_setup_as_new_flow#account_flow,suw/wizard_script#setup_as_new_flow]
08-19 21:05:25.140  4393  4393 I SetupWizard.WizardManager: onExit resultCode = -1, Stack = [suw/wizard_script_new_device_account_flow#final_hold,suw/wizard_script_setup_as_new_flow#account_flow,suw/wizard_script#setup_as_new_flow]
08-19 21:05:25.140  4393  4393 I SetupWizard.WizardManager: onNext resultCode = -1, Stack = [suw/wizard_script_setup_as_new_flow#account_flow,suw/wizard_script#setup_as_new_flow]
08-19 21:05:25.141  4393  4393 I SetupWizard.WizardManager: onExit resultCode = -1, Stack = [suw/wizard_script_setup_as_new_flow#account_flow,suw/wizard_script#setup_as_new_flow]
08-19 21:05:25.141  4393  4393 I SetupWizard.WizardManager: onNext resultCode = -1, Stack = [suw/wizard_script#setup_as_new_flow]
08-19 21:05:25.141  4393  4393 I SetupWizard.WizardManager: onNext nextAction not available nextAction=WizardAction{mId=android.resource://com.google.android.setupwizard/xml/wizard_script#oem_post_setup mUri=intent:#Intent;action=com.android.setupwizard.OEM_POST_SETUP;end mBranches={} default=exit}
08-19 21:05:25.144  1914  4332 I ActivityManager: START u0 {act=com.android.setupwizard.EXIT flg=0x4000000 cmp=com.google.android.setupwizard/.SetupWizardExitActivity (has extras)} from uid 10021 on display 0
08-19 21:05:25.189  3470  3470 D PhoneStatusBar: disable: < expand* icons alerts* system_info BACK home* recent* clock* search* quick_settings >
08-19 21:05:25.192  3470  3470 D PhoneStatusBar: heads up is enabled
08-19 21:05:25.195  4393  4393 I SetupWizard.ComponentLifecycleCallback: Resetting enabled state of all components
08-19 21:05:25.221  1914  2115 W BroadcastQueue: Permission Denial: broadcasting Intent { act=com.google.android.gsf.settings.GoogleLocationSettings.UPDATE_LOCATION_SETTINGS flg=0x10 } from com.google.android.setupwizard (pid=4393, uid=10021) is not exported from uid 10029 due to receiver com.google.android.gms/.chimera.GmsIntentOperationService$PersistentInternalReceiver
08-19 21:05:25.221  4393  4393 I SetupWizard.AddContactsIntentService: Starting intent to add contacts
08-19 21:05:25.225  4393  4393 I SetupWizard.SetupWizardExitActivity: *** SetupWizard Exit ***
08-19 21:05:25.226  4393  4393 I SetupWizard.SetupWizardExitActivity: Setup Wizard is launching HOME.
08-19 21:05:25.230  1914  3636 I ActivityManager: START u0 {act=android.intent.action.MAIN cat=[android.intent.category.HOME] flg=0x10208000 cmp=com.slim.slimlauncher/org.slim.launcher.SlimLauncher} from uid 10021 on display 0
08-19 21:05:25.231  1914  2114 E SyncManager: Couldn't find backoff values for nflintham@gmail.com/com.google.android.gms.people:u0
08-19 21:05:25.248  1914  3636 I ActivityManager: Start proc 6229:com.slim.slimlauncher/u0a18 for activity com.slim.slimlauncher/org.slim.launcher.SlimLauncher
08-19 21:05:25.262  1914  1914 I DevicePolicyManagerService: Set ro.device_owner property to false
08-19 21:05:25.266  1914  2114 E SyncManager: Couldn't find backoff values for nflintham@gmail.com/com.google.android.gms.auth.accountstate:u0
08-19 21:05:25.272  1914  3635 W ActivityManager: Finishing task with all activities already finished
08-19 21:05:25.272  1914  3635 W ActivityManager: Duplicate finish request for ActivityRecord{4eba00b u0 com.google.android.setupwizard/.SetupWizardExitActivity t3 f}
08-19 21:05:25.272  1914  2114 I chatty  : uid=1000(system) android.bg expire 26 lines
08-19 21:05:25.274  1914  2114 E SyncManager: Couldn't find backoff values for nflintham@gmail.com/com.android.calendar:u0
08-19 21:05:25.277  6229  6229 W System  : ClassLoader referenced unknown path: /system/priv-app/SlimLauncher/lib/arm64
08-19 21:05:25.282  1914  1914 D NightDisplayService: setUp: currentUser=0
08-19 21:05:25.282  4263  4263 I Coffee-OnbodyLure: User present, Check whether to show notification
08-19 21:05:25.283  1914  1914 D NightDisplayService: onAutoModeChanged: autoMode=0
08-19 21:05:25.283  1914  1914 I NightDisplayService: Turning off night display
08-19 21:05:25.284  1914  2114 E SyncManager: Couldn't find backoff values for nflintham@gmail.com/com.google.android.gms.drive.sync:u0
08-19 21:05:25.288  6229  6229 D LauncherProvider: Launcher process started
08-19 21:05:25.288  4301  6246 W Settings: Setting device_provisioned has moved from android.provider.Settings.Secure to android.provider.Settings.Global.
08-19 21:05:25.289  4301  6246 D NfcService: Discovery configuration equal, not updating.
08-19 21:05:25.291  1914  2114 E SyncManager: Couldn't find backoff values for nflintham@gmail.com/com.google.android.gms.fitness:u0
08-19 21:05:25.292  1648  1660 D NuPlayerDriver: stop(0xebe8c000)
08-19 21:05:25.292  1648  1660 D NuPlayerDriver: notifyListener_l(0xebe8c000), (8, 0, 0), loop setting(0, 0)
08-19 21:05:25.293   687  4082 D PermissionCache: checking android.permission.HARDWARE_TEST for uid=1000 => granted (643 us)
08-19 21:05:25.295  1914  2114 E SyncManager: Couldn't find backoff values for nflintham@gmail.com/com.google.android.gms.auth.confirm:u0
08-19 21:05:25.297  1648  3511 D NuPlayerDriver: reset(0xebe8c000) at state 8
08-19 21:05:25.299  1914  2114 E SyncManager: Couldn't find backoff values for nflintham@gmail.com/com.google.android.gms.appstate:u0
08-19 21:05:25.302  1914  2114 E SyncManager: Couldn't find backoff values for nflintham@gmail.com/com.android.contacts.metadata:u0
08-19 21:05:25.308  1914  2114 E SyncManager: Couldn't find backoff values for nflintham@gmail.com/com.android.contacts:u0
08-19 21:05:25.313  1914  2114 E SyncManager: Couldn't find backoff values for nflintham@gmail.com/com.google.android.gms.photos.iu.EsGoogleIuProvider:u0
08-19 21:05:25.315  1914  2114 E SyncManager: Couldn't find backoff values for nflintham@gmail.com/com.google.android.gms.reminders:u0
08-19 21:05:25.320  1914  2114 E SyncManager: Couldn't find backoff values for nflintham@gmail.com/com.google.android.gms.games.background:u0
08-19 21:05:25.334  1914  2114 E SyncManager: Couldn't find backoff values for nflintham@gmail.com/com.google.android.gms.games:u0
08-19 21:05:25.334   718  4722 I OMX-VDEC-1080P: omx_vdec::component_deinit() complete
08-19 21:05:25.337   718  4722 I OMX-VDEC-1080P: Exit OMX vdec Destructor: fd=10
08-19 21:05:25.337   718  4722 I OMX-VDEC-1080P: Video slvp perflock released
08-19 21:05:25.337  6229  6229 V Launcher: LauncherAppState inited
08-19 21:05:25.342  1648  4697 W AMessage: failed to post message as target looper for handler 0 is gone.
08-19 21:05:25.344  1648  4697 D NuPlayerDriver: notifyResetComplete(0xebe8c000)
08-19 21:05:25.345  4263  4263 I Coffee-PlaceLure: User present
08-19 21:05:25.345  4263  4263 I Coffee-HomeAddressChangeTracker: User Present. Maybe fetch home.
08-19 21:05:25.346  4263  4263 I Coffee-HomeAddressChangeTracker: fetch for account nflintham@gmail.com
08-19 21:05:25.346  4263  4263 I Coffee-HomeFetcher: return existing home address!
08-19 21:05:25.346  4263  4263 I Coffee-HomeAddressChangeTracker: home address is not changed.
08-19 21:05:25.355  4263  4263 I Coffee-InactivityTracker: updateIdelThreshold to 240
08-19 21:05:25.372  3470  3470 D PhoneStatusBar: disable: < expand icons alerts system_info back* home recent clock search quick_settings >
08-19 21:05:25.404  4393  4393 W MediaPlayer: mediaplayer went away with unhandled events
08-19 21:05:25.404  4393  4393 I art     : Starting a blocking GC Explicit
08-19 21:05:25.404  1914  3565 I ActivityManager: Activity reported stop, but no longer stopping: ActivityRecord{4eba00b u0 com.google.android.setupwizard/.SetupWizardExitActivity t3 f}
08-19 21:05:25.425  4393  4393 I art     : Explicit concurrent mark sweep GC freed 4285(479KB) AllocSpace objects, 4(100KB) LOS objects, 25% free, 25MB/33MB, paused 220us total 20.846ms
08-19 21:05:25.429  4393  4393 I art     : Starting a blocking GC Explicit
08-19 21:05:25.432  1914  4071 I ActivityManager: Start proc 6257:com.slim.slimlauncher:wallpaper_chooser/u0a18 for service com.slim.slimlauncher/com.android.launcher3.dynamicui.ColorExtractionService
08-19 21:05:25.446  4393  4393 I art     : Explicit concurrent mark sweep GC freed 4050(284KB) AllocSpace objects, 2(19MB) LOS objects, 41% free, 5MB/9MB, paused 268us total 16.762ms
08-19 21:05:25.453  4393  4393 I art     : Starting a blocking GC Explicit
08-19 21:05:25.456  4263  4263 I Coffee-PlaceLure: destroy
08-19 21:05:25.465  1914  2114 I RetailDemoModeService: Deleting contents of /data/preloads
08-19 21:05:25.467  4393  4393 I art     : Explicit concurrent mark sweep GC freed 229(7KB) AllocSpace objects, 2(1216KB) LOS objects, 47% free, 4MB/8MB, paused 206us total 14.162ms
08-19 21:05:25.469  4393  4393 I art     : Starting a blocking GC Explicit
08-19 21:05:25.475  6257  6257 W System  : ClassLoader referenced unknown path: /system/priv-app/SlimLauncher/lib/arm64
08-19 21:05:25.480  4393  4393 I art     : Explicit concurrent mark sweep GC freed 5(128B) AllocSpace objects, 0(0B) LOS objects, 47% free, 4MB/8MB, paused 192us total 11.557ms
08-19 21:05:25.486  4263  4263 I TrustAgent: [VoiceUnlockTrustletChimeraService] GSA is not installed.
08-19 21:05:25.505  4263  4263 I TrustAgent: [TrustletManager] registerTrustlet: Connectionless-BLE
08-19 21:05:25.515  6229  6254 V GridSizeMigrationTask: Workspace migration completed in 10
08-19 21:05:25.516  6229  6254 D Launcher.Model: loadWorkspace: loading default favorites
08-19 21:05:25.517  1914  2114 I ActivityManager: Start proc 6282:com.google.android.syncadapters.calendar/u0a56 for service com.google.android.syncadapters.calendar/.CalendarSyncAdapterService
08-19 21:05:25.522  4263  4263 I TrustAgent: [TrustletManager] registerTrustlet: NFC
08-19 21:05:25.530  4263  4263 I Coffee-NearbyAlertTracker: startTracking
08-19 21:05:25.536  4263  4263 I Coffee-HomeFetcher: return existing home address!
08-19 21:05:25.536  4263  4263 I Coffee-PlaceLure: addPlace
08-19 21:05:25.542  4263  4263 I Coffee-HomeAddressChangeTracker: fetch for account nflintham@gmail.com
08-19 21:05:25.542  4263  4263 I Coffee-HomeFetcher: return existing home address!
08-19 21:05:25.543  4263  4263 I Coffee-HomeAddressChangeTracker: home address is not changed.
08-19 21:05:25.543  4263  4263 I TrustAgent: [TrustletManager] registerTrustlet: Place
08-19 21:05:25.549  6229  6254 D LauncherProvider: loading default workspace
08-19 21:05:25.560  4263  4263 I TrustAgent: [TrustletManager] registerTrustlet: Bluetooth
08-19 21:05:25.575  6282  6282 W System  : ClassLoader referenced unknown path: /system/app/GoogleCalendarSyncAdapter/lib/arm64
08-19 21:05:25.587  4263  4263 I TrustAgent: [VoiceUnlockTrustletChimeraService] GSA is not installed.
08-19 21:05:25.588  4263  4263 I TrustAgent: [VoiceUnlockTrustletChimeraService] GSA is not installed.
08-19 21:05:25.589  4263  4263 I TrustAgent: [TrustletManager] registerTrustlet: Voiceunlock
08-19 21:05:25.597  6229  6292 I Adreno  : QUALCOMM build                   : 49e65ee, Ie324a8a06c
08-19 21:05:25.597  6229  6292 I Adreno  : Build Date                       : 03/16/17
08-19 21:05:25.597  6229  6292 I Adreno  : OpenGL ES Shader Compiler Version: XE031.14.00.01
08-19 21:05:25.597  6229  6292 I Adreno  : Local Branch                     : 
08-19 21:05:25.597  6229  6292 I Adreno  : Remote Branch                    : 
08-19 21:05:25.597  6229  6292 I Adreno  : Remote Branch                    : 
08-19 21:05:25.597  6229  6292 I Adreno  : Reconstruct Branch               : 
08-19 21:05:25.598  6229  6292 I Adreno  : PFP: 0x005ff104, ME: 0x005ff063
08-19 21:05:25.600  6229  6292 I OpenGLRenderer: Initialized EGL, version 1.4
08-19 21:05:25.600  6229  6292 D OpenGLRenderer: Swap behavior 1
08-19 21:05:25.604  4263  6162 W Places  : ?: The PlaceGeofenceListener is not registered.
08-19 21:05:25.613  6229  6254 W DefaultLayoutParser: No preference or single system activity found for Intent { act=android.intent.action.MAIN cat=[android.intent.category.APP_MESSAGING] }
08-19 21:05:25.615  6229  6254 W DefaultLayoutParser: No preference or single system activity found for Intent { act=android.intent.action.VIEW dat=sms: }
08-19 21:05:25.616  6229  6254 W DefaultLayoutParser: No preference or single system activity found for Intent { act=android.intent.action.VIEW dat=smsto: }
08-19 21:05:25.618  6229  6254 W DefaultLayoutParser: No preference or single system activity found for Intent { act=android.intent.action.VIEW dat=mms: }
08-19 21:05:25.619  6229  6254 W DefaultLayoutParser: No preference or single system activity found for Intent { act=android.intent.action.VIEW dat=mmsto: }
08-19 21:05:25.621  6229  6254 W DefaultLayoutParser: No preference or single system activity found for Intent { act=android.intent.action.MAIN cat=[android.intent.category.APP_BROWSER] }
08-19 21:05:25.622  6229  6254 W DefaultLayoutParser: No preference or single system activity found for Intent { act=android.intent.action.VIEW dat=http://www.example.com/... }
08-19 21:05:25.629  4470  4855 I CastDatabase: Opening the database
08-19 21:05:25.646  4470  4855 I SQLiteCastDBHelper: Creating cast database
08-19 21:05:25.647  6229  6254 W DefaultLayoutParser: No preference or single system activity found for Intent { act=android.intent.action.MAIN cat=[android.intent.category.APP_EMAIL] }
08-19 21:05:25.649  6229  6254 W DefaultLayoutParser: No preference or single system activity found for Intent { act=android.intent.action.VIEW dat=mailto: }
08-19 21:05:25.656  4470  4855 I SQLiteCastStore: 0 CastNetworkInfo instances loaded, 0 CastDeviceInfo instances loaded, 0 paired guest mode devices loaded.
08-19 21:05:25.661  4263  4263 I Coffee-NearbyAlertTracker: requestNearbyAlerts(com.google.android.gms.trustlet.place.internal.PlaceTrustletChimeraService@ca9abd)
08-19 21:05:25.661  4263  4263 I Coffee-NearbyAlertTracker: The place id list is empty.
08-19 21:05:25.661  4263  4263 I Coffee-PlaceLure: onTrackerReady
08-19 21:05:25.661  4263  4263 I Coffee-NearbyAlertTracker: requestNearbyAlerts(agry@c97a8b2)
08-19 21:05:25.678  1914  4332 W ActivityManager: Unable to start service Intent { act=com.google.android.gms.playlog.service.START pkg=com.google.android.gms } U=0: not found
08-19 21:05:25.681  4263  6314 I Auth    : [AccountStateSyncAdapter] performSync(account=<ELLIDED:1441722312>)
08-19 21:05:25.683  1914  4072 W ActivityManager: Unbind failed: could not find connection for android.os.BinderProxy@dfa87b7
08-19 21:05:25.684  6282  6282 E GmsClient: unable to connect to service: com.google.android.gms.playlog.service.START
08-19 21:05:25.706  6282  6282 W AnalyticsLogBase: PlayLogger.onLoggerFailedConnection
08-19 21:05:25.762  4263  4584 W GCoreFlp: No location to return for getLastLocation()
08-19 21:05:25.789  4263  4584 W GCoreFlp: No location to return for getLastLocation()
08-19 21:05:25.905  4263  6318 W Conscrypt: Could not set socket write timeout:
08-19 21:05:25.905  4263  6318 W Conscrypt:    java.lang.reflect.Method.invoke(Native Method)
08-19 21:05:25.905  4263  6318 W Conscrypt:    yid.a(:com.google.android.gms:58)
08-19 21:05:25.917  4470  4470 I CastSocket: 25 >= 18. Adding new CastClientAuthKeyManager.
08-19 21:05:25.920  4470  4470 I DiscoveryManager: WifiGuestModeDeviceScanner enabled.
08-19 21:05:25.923  4470  4470 V MediaRouter: Adding route: RouteInfo{ name=Phone, description=null, status=null, category=RouteCategory{ name=null types=ROUTE_TYPE_LIVE_AUDIO ROUTE_TYPE_LIVE_VIDEO  groupable=false }, supportedTypes=ROUTE_TYPE_LIVE_AUDIO ROUTE_TYPE_LIVE_VIDEO , presentationDisplay=null }
08-19 21:05:25.926  4470  4470 V MediaRouter: Updating audio routes: AudioRoutesInfo{ type=SPEAKER }
08-19 21:05:25.927  4470  4470 V MediaRouter: Selecting route: RouteInfo{ name=Phone, description=null, status=null, category=RouteCategory{ name=null types=ROUTE_TYPE_LIVE_AUDIO ROUTE_TYPE_LIVE_VIDEO  groupable=false }, supportedTypes=ROUTE_TYPE_LIVE_AUDIO ROUTE_TYPE_LIVE_VIDEO , presentationDisplay=null }
08-19 21:05:25.928  4470  4470 I MediaRouter: Found default route: MediaRouter.RouteInfo{ uniqueId=android/aaz:DEFAULT_ROUTE, name=Phone, description=null, iconUri=null, enabled=true, connecting=false, connectionState=0, canDisconnect=false, playbackType=0, playbackStream=3, deviceType=0, volumeHandling=1, volume=11, volumeMax=15, presentationDisplayId=-1, extras=null, settingsIntent=null, providerPackageName=android }
08-19 21:05:26.009  4470  4470 V MediaRouter: Selecting route: RouteInfo{ name=Phone, description=null, status=null, category=RouteCategory{ name=null types=ROUTE_TYPE_LIVE_AUDIO ROUTE_TYPE_LIVE_VIDEO  groupable=false }, supportedTypes=ROUTE_TYPE_LIVE_AUDIO ROUTE_TYPE_LIVE_VIDEO , presentationDisplay=null }
08-19 21:05:26.037  4263  4847 I Auth    : [ReflectiveChannelBinder] Successfully bound channel!
08-19 21:05:26.045  4470  6288 I Authzen : [AuthTokenProvider] successfully got auth token
08-19 21:05:26.047  4263  6318 W Conscrypt: Could not set socket write timeout:
08-19 21:05:26.048  4263  6318 W Conscrypt:    java.lang.reflect.Method.invoke(Native Method)
08-19 21:05:26.048  4263  6318 W Conscrypt:    yid.a(:com.google.android.gms:58)
08-19 21:05:26.058  4470  6288 I Authzen : [RegistrationManager] Fetching signing key...
08-19 21:05:26.064  4470  6288 I Authzen : [RegistrationManager] Signing key fetched successfully!
08-19 21:05:26.086  4470  6288 I Authzen : [AuthTokenProvider] successfully got auth token
08-19 21:05:26.161  4470  6363 I RemindersSync: Found sync condition that we don't recognize, aborting. [T SyncAdapterThread-2:id=449:priority=5:group=main]
08-19 21:05:26.206  4263  6314 I Auth    : [AccountStateSyncAdapter] Skipping rename because the lookup contains the same email.
08-19 21:05:26.242  4263  4847 W Conscrypt: Could not set socket write timeout:
08-19 21:05:26.242  4263  4283 W Conscrypt: Could not set socket write timeout:
08-19 21:05:26.242  4263  4283 W Conscrypt:    java.lang.reflect.Method.invoke(Native Method)
08-19 21:05:26.242  4263  4847 W Conscrypt:    java.lang.reflect.Method.invoke(Native Method)
08-19 21:05:26.242  4263  4847 W Conscrypt:    yid.a(:com.google.android.gms:58)
08-19 21:05:26.242  4263  4283 W Conscrypt:    yid.a(:com.google.android.gms:58)
08-19 21:05:26.248  4470  6370 I GoogleURLConnFactory: Using platform SSLCertificateSocketFactory
08-19 21:05:26.252  4263  6373 I Auth    : [AccountStateSyncAdapter] performSync(account=<ELLIDED:1441722312>)
08-19 21:05:26.272  4263  4847 W Conscrypt: Could not set socket write timeout:
08-19 21:05:26.273  4263  4847 W Conscrypt:    java.lang.reflect.Method.invoke(Native Method)
08-19 21:05:26.273  4263  4847 W Conscrypt:    yid.a(:com.google.android.gms:58)
08-19 21:05:26.276  4263  4283 W Conscrypt: Could not set socket write timeout:
08-19 21:05:26.276  4263  4283 W Conscrypt:    java.lang.reflect.Method.invoke(Native Method)
08-19 21:05:26.277  4263  4283 W Conscrypt:    yid.a(:com.google.android.gms:58)
08-19 21:05:26.305  4263  5999 W Conscrypt: Could not set socket write timeout:
08-19 21:05:26.305  4263  5999 W Conscrypt:    java.lang.reflect.Method.invoke(Native Method)
08-19 21:05:26.305  4263  5999 W Conscrypt:    yid.a(:com.google.android.gms:58)
08-19 21:05:26.406  4263  4544 W Conscrypt: Could not set socket write timeout:
08-19 21:05:26.406  4263  4544 W Conscrypt:    java.lang.reflect.Method.invoke(Native Method)
08-19 21:05:26.406  4263  4544 W Conscrypt:    yid.a(:com.google.android.gms:58)
08-19 21:05:26.407  4263  5999 W Conscrypt: Could not set socket write timeout:
08-19 21:05:26.408  4263  5999 W Conscrypt:    java.lang.reflect.Method.invoke(Native Method)
08-19 21:05:26.408  4263  5999 W Conscrypt:    yid.a(:com.google.android.gms:58)
08-19 21:05:26.433  4263  6375 I GCoreUlr: Uploading GCM registration ID for account#10#
08-19 21:05:26.454  4263  4544 W Conscrypt: Could not set socket write timeout:
08-19 21:05:26.455  4263  4544 W Conscrypt:    java.lang.reflect.Method.invoke(Native Method)
08-19 21:05:26.455  4263  4544 W Conscrypt:    yid.a(:com.google.android.gms:58)
08-19 21:05:26.458  4470  6288 I Authzen : [DeviceStateSyncManager] Device state updated successfully
08-19 21:05:26.460  4263  6373 I Auth    : [AccountStateSyncAdapter] Skipping rename because the lookup contains the same email.
08-19 21:05:26.636  4263  5999 I Auth    : [BroadcastManager] Broadcasting account services changed.
08-19 21:05:26.709  4263  6380 I Fitness : Removing exisiting levelDb files.
08-19 21:05:26.709  4263  6380 I Fitness : Migrating recent datapoints to levelDb.
08-19 21:05:26.729  4263  6380 I Fitness : Time to migrate datasource datapoints from sqlite to leveldb: 21
08-19 21:05:26.775  6282  6387 E SQLiteLog: (1) no such table: timelysettings
08-19 21:05:26.844  4671  6388 I SyncAdapterProxy: Delagator disabled, using the (deprecated) GData sync adapter
08-19 21:05:26.881  4470  4858 W Conscrypt: Could not set socket write timeout:
08-19 21:05:26.881  4470  4858 W Conscrypt:    java.lang.reflect.Method.invoke(Native Method)
08-19 21:05:26.881  4470  4858 W Conscrypt:    yid.a(:com.google.android.gms:58)
08-19 21:05:26.884  6282  6390 W System  : ClassLoader referenced unknown path: /system/priv-app/PrebuiltGmsCore/lib/arm64
08-19 21:05:26.884  6282  6390 D ApplicationLoaders: ignored Vulkan layer search path /system/priv-app/PrebuiltGmsCore/lib/arm64:/system/fake-libs64:/system/priv-app/PrebuiltGmsCore/PrebuiltGmsCore.apk!/lib/arm64-v8a:/system/lib64:/vendor/lib64 for namespace 0x7f863f70f0
08-19 21:05:26.890  6282  6390 W System  : ClassLoader referenced unknown path: /system/priv-app/PrebuiltGmsCore/lib/arm64
08-19 21:05:26.890  6282  6390 W System  : ClassLoader referenced unknown path: /system/priv-app/PrebuiltGmsCore/lib/arm64
08-19 21:05:26.892  6282  6390 W System  : ClassLoader referenced unknown path: /system/priv-app/PrebuiltGmsCore/lib/arm64
08-19 21:05:26.893  6282  6390 W System  : ClassLoader referenced unknown path: /system/priv-app/PrebuiltGmsCore/lib/arm64
08-19 21:05:26.897  6282  6390 V NativeCrypto: Registering com/google/android/gms/org/conscrypt/NativeCrypto's 259 native methods...
08-19 21:05:26.904  6282  6390 D NetworkSecurityConfig: No Network Security Config specified, using platform default
08-19 21:05:26.905  6282  6390 I ProviderInstaller: Installed default security provider GmsCore_OpenSSL
08-19 21:05:26.905  6282  6390 W AbstractGoogleClient: Application name is not set. Call Builder#setApplicationName.
08-19 21:05:26.922  4470  4858 W Conscrypt: Could not set socket write timeout:
08-19 21:05:26.922  4470  4858 W Conscrypt:    java.lang.reflect.Method.invoke(Native Method)
08-19 21:05:26.922  4470  4858 W Conscrypt:    yid.a(:com.google.android.gms:58)
08-19 21:05:26.930  4470  6359 I Auth.Api.Credentials: [v1.CredentialStore] Bulk save with account <ELLIDED:368087047>.
08-19 21:05:27.168  6282  6390 I DpmTcmClient: RegisterTcmMonitor from: com.android.okhttp.TcmIdleTimerMonitor
08-19 21:05:27.174  4671  6395 I SyncAdapterProxy: Delagator disabled, using the (deprecated) GData sync adapter
08-19 21:05:27.231  4470  6399 E Auth.Api.Credentials: [CredentialSyncAdapter] Unknown sync event.
08-19 21:05:27.234  3413  3431 D BluetoothPbapService: **************onChange on contact uri ************
08-19 21:05:27.235  4671  6395 V ContactsSyncAdapter: No contacts feed data; creating new feedSyncState...
08-19 21:05:27.240  3413  3687 D BluetoothPbapService: **************onChange on contact uri ************
08-19 21:05:27.298  4263  6375 I GCoreUlrLong: sendSettings(syncNotDefinedYet): sent GetSettingsResults{mModMillis=null, mReportingEnabled=false, mReportingSource=com.google.android.gms+new-device-tag, mHistoryEnabled=null, mHistorySource=com.google.android.gms+new-device-tag, mUserRestriction=0, mSource=0, mConcurrencyType=0, mDeletions=[], mPrimaryDevice=null, mAcccountType=0}, got back GetSettingsResults{mModMillis=1503173126954, mReportingEnabled=false, mReportingSource=null, mHistoryEnabled=true, mHistorySource=null, mUserRestriction=0, mSource=0, mConcurrencyType=0, mDeletions=[], mPrimaryDevice=true, mAcccountType=0}; success: true
08-19 21:05:27.298  4263  6375 I GCoreUlr: GCM ID uploaded for account#10#
08-19 21:05:27.301  4263  6375 I GCoreUlrLong: syncNotDefinedYet() GetSettingsResults{mModMillis=1503173126954, mReportingEnabled=false, mReportingSource=null, mHistoryEnabled=true, mHistorySource=null, mUserRestriction=0, mSource=0, mConcurrencyType=0, mDeletions=[], mPrimaryDevice=true, mAcccountType=0} at 1503173127301: account#10#: LR=0 -> -1, LH=0 -> 1, [HistoryNotEnabled, ReportingNotEnabled] -> [ReportingNotEnabled]; 
08-19 21:05:27.301  4263  6375 I GCoreUlr: Starting service, intent=Intent { act=com.google.android.location.reporting.ACTION_UPDATE_ACTIVE_STATE cmp=com.google.android.gms/com.google.android.location.reporting.service.DispatchingService (has extras) }, extras=Bundle[{source=sync_new_account}]
08-19 21:05:27.305  4263  6375 I GCoreUlr: AutoEnableManager setReportingEnabled for account#10#
08-19 21:05:27.311  4263  6375 I GCoreUlrLong: ReportingAutoEnableManager.setReportingEnabled at 1503173127311: account#10#: LR=-1 -> 1, LH=1, [ReportingNotEnabled] -> []; 
08-19 21:05:27.311  4263  6375 I GCoreUlr: Starting service, intent=Intent { act=com.google.android.location.reporting.ACTION_UPDATE_ACTIVE_STATE cmp=com.google.android.gms/com.google.android.location.reporting.service.DispatchingService (has extras) }, extras=Bundle[{source=autoenable}]
08-19 21:05:27.312  4263  6375 I GCoreUlr: AutoEnableManager setIneligible for account#10#
08-19 21:05:27.318  1914  2114 E SyncManager: Job params not found for 100398
08-19 21:05:27.331  4263  6400 I GCoreUlr: AutoEnableManager setIneligible for account#10#
08-19 21:05:27.343  4263  4719 I GCoreUlr: DispatchingService.updateActiveState+sync_new_account: Ensuring that reporting is active for [account#10#]
08-19 21:05:27.348  4263  4719 I GCoreUlr: Registered for wifi state change updates
08-19 21:05:27.355  4263  4263 I GCoreUlr: Starting service, intent=Intent { act=com.google.android.location.reporting.WIFI_TRIGGERED_FLUSH_AND_UPLOAD cmp=com.google.android.gms/com.google.android.location.reporting.service.DispatchingService }, extras=null
08-19 21:05:27.369  6282  6390 E CalendarSyncAdapter: Unable to get calendar account
08-19 21:05:27.369  6282  6390 E CalendarSyncAdapter: java.io.InterruptedIOException: thread interrupted
08-19 21:05:27.369  6282  6390 E CalendarSyncAdapter: 	at com.android.okhttp.okio.Timeout.throwIfReached(Timeout.java:145)
08-19 21:05:27.369  6282  6390 E CalendarSyncAdapter: 	at com.android.okhttp.okio.Okio$1.write(Okio.java:73)
08-19 21:05:27.369  6282  6390 E CalendarSyncAdapter: 	at com.android.okhttp.okio.AsyncTimeout$1.write(AsyncTimeout.java:155)
08-19 21:05:27.369  6282  6390 E CalendarSyncAdapter: 	at com.android.okhttp.okio.RealBufferedSink.flush(RealBufferedSink.java:221)
08-19 21:05:27.369  6282  6390 E CalendarSyncAdapter: 	at com.android.okhttp.internal.http.HttpConnection.flush(HttpConnection.java:141)
08-19 21:05:27.369  6282  6390 E CalendarSyncAdapter: 	at com.android.okhttp.internal.http.HttpTransport.finishRequest(HttpTransport.java:52)
08-19 21:05:27.369  6282  6390 E CalendarSyncAdapter: 	at com.android.okhttp.internal.http.HttpEngine.readNetworkResponse(HttpEngine.java:905)
08-19 21:05:27.369  6282  6390 E CalendarSyncAdapter: 	at com.android.okhttp.internal.http.HttpEngine.readResponse(HttpEngine.java:783)
08-19 21:05:27.369  6282  6390 E CalendarSyncAdapter: 	at com.android.okhttp.internal.huc.HttpURLConnectionImpl.execute(HttpURLConnectionImpl.java:463)
08-19 21:05:27.369  6282  6390 E CalendarSyncAdapter: 	at com.android.okhttp.internal.huc.HttpURLConnectionImpl.getResponse(HttpURLConnectionImpl.java:405)
08-19 21:05:27.369  6282  6390 E CalendarSyncAdapter: 	at com.android.okhttp.internal.huc.HttpURLConnectionImpl.getResponseCode(HttpURLConnectionImpl.java:521)
08-19 21:05:27.369  6282  6390 E CalendarSyncAdapter: 	at com.android.okhttp.internal.huc.DelegatingHttpsURLConnection.getResponseCode(DelegatingHttpsURLConnection.java:105)
08-19 21:05:27.369  6282  6390 E CalendarSyncAdapter: 	at com.android.okhttp.internal.huc.HttpsURLConnectionImpl.getResponseCode(HttpsURLConnectionImpl.java)
08-19 21:05:27.369  6282  6390 E CalendarSyncAdapter: 	at com.google.api.client.http.javanet.NetHttpResponse.<init>(NetHttpResponse.java:37)
08-19 21:05:27.369  6282  6390 E CalendarSyncAdapter: 	at com.google.api.client.http.javanet.NetHttpRequest.execute(NetHttpRequest.java:94)
08-19 21:05:27.369  6282  6390 E CalendarSyncAdapter: 	at com.google.api.client.http.HttpRequest.execute(HttpRequest.java:972)
08-19 21:05:27.369  6282  6390 E CalendarSyncAdapter: 	at com.google.api.client.googleapis.services.AbstractGoogleClientRequest.executeUnparsed(AbstractGoogleClientRequest.java:419)
08-19 21:05:27.369  6282  6390 E CalendarSyncAdapter: 	at com.google.api.client.googleapis.services.AbstractGoogleClientRequest.executeUnparsed(AbstractGoogleClientRequest.java:352)
08-19 21:05:27.369  6282  6390 E CalendarSyncAdapter: 	at com.google.api.client.googleapis.services.AbstractGoogleClientRequest.execute(AbstractGoogleClientRequest.java:469)
08-19 21:05:27.369  6282  6390 E CalendarSyncAdapter: 	at com.google.android.syncadapters.calendar.Utils.executeAndLog(Utils.java:555)
08-19 21:05:27.369  6282  6390 E CalendarSyncAdapter: 	at com.google.android.syncadapters.calendar.CalendarSyncAdapterApiary.processAccountCalendars(CalendarSyncAdapterApiary.java:2820)
08-19 21:05:27.369  6282  6390 E CalendarSyncAdapter: 	at com.google.android.syncadapters.calendar.CalendarSyncAdapterApiary.updateCalendarsFromServerFeed(CalendarSyncAdapterApiary.java:2268)
08-19 21:05:27.369  6282  6390 E CalendarSyncAdapter: 	at com.google.android.syncadapters.calendar.CalendarSyncAdapterApiary.getServerDiffsForAccount(CalendarSyncAdapterApiary.java:2149)
08-19 21:05:27.369  6282  6390 E CalendarSyncAdapter: 	at com.google.android.syncadapters.calendar.CalendarSyncAdapterApiary.performSync(CalendarSyncAdapterApiary.java:590)
08-19 21:05:27.369  6282  6390 E CalendarSyncAdapter: 	at com.google.android.syncadapters.calendar.CalendarSyncAdapterApiary.onPerformLoggedSync(CalendarSyncAdapterApiary.java:440)
08-19 21:05:27.369  6282  6390 E CalendarSyncAdapter: 	at com.android.emailcommon.syncadapter.LoggingThreadedSyncAdapter.onPerformSync(LoggingThreadedSyncAdapter.java:49)
08-19 21:05:27.369  6282  6390 E CalendarSyncAdapter: 	at android.content.AbstractThreadedSyncAdapter$SyncThread.run(AbstractThreadedSyncAdapter.java:272)
08-19 21:05:27.370  6282  6390 E CalendarSyncAdapter: Exception in onPerformLoggedSync 
08-19 21:05:27.370  6282  6390 E CalendarSyncAdapter: java.io.InterruptedIOException: thread interrupted
08-19 21:05:27.370  6282  6390 E CalendarSyncAdapter: 	at com.android.okhttp.okio.Timeout.throwIfReached(Timeout.java:145)
08-19 21:05:27.370  6282  6390 E CalendarSyncAdapter: 	at com.android.okhttp.okio.Okio$1.write(Okio.java:73)
08-19 21:05:27.370  6282  6390 E CalendarSyncAdapter: 	at com.android.okhttp.okio.AsyncTimeout$1.write(AsyncTimeout.java:155)
08-19 21:05:27.370  6282  6390 E CalendarSyncAdapter: 	at com.android.okhttp.okio.RealBufferedSink.flush(RealBufferedSink.java:221)
08-19 21:05:27.370  6282  6390 E CalendarSyncAdapter: 	at com.android.okhttp.internal.http.HttpConnection.flush(HttpConnection.java:141)
08-19 21:05:27.370  6282  6390 E CalendarSyncAdapter: 	at com.android.okhttp.internal.http.HttpTransport.finishRequest(HttpTransport.java:52)
08-19 21:05:27.370  6282  6390 E CalendarSyncAdapter: 	at com.android.okhttp.internal.http.HttpEngine.readNetworkResponse(HttpEngine.java:905)
08-19 21:05:27.370  6282  6390 E CalendarSyncAdapter: 	at com.android.okhttp.internal.http.HttpEngine.readResponse(HttpEngine.java:783)
08-19 21:05:27.370  6282  6390 E CalendarSyncAdapter: 	at com.android.okhttp.internal.huc.HttpURLConnectionImpl.execute(HttpURLConnectionImpl.java:463)
08-19 21:05:27.370  6282  6390 E CalendarSyncAdapter: 	at com.android.okhttp.internal.huc.HttpURLConnectionImpl.getResponse(HttpURLConnectionImpl.java:405)
