08-19 21:03:56.800  1914  4359 I ActivityManager: START u0 {act=com.google.android.gms.ui.UNPACKING_REDIRECT dat=intent://com.google.android.gms.auth.uiflows.common/92ceda39-3038-4e48-b5df-73f3b5c70558 pkg=com.google.android.gms cmp=com.google.android.gms/.auth.uiflows.common.UnpackingRedirectActivity (has extras)} from uid 10021 on display 0
08-19 21:03:56.863  5172  5177 I chatty  : uid=10029(com.google.android.gms) Jit thread pool expire 9 lines
08-19 21:03:56.868  1914  4359 I ActivityManager: START u0 {cat=[categoryhack:8a77fde4-b423-435b-a440-aade746f8888] flg=0x2000000 cmp=com.google.android.gms/.auth.uiflows.addaccount.AccountIntroActivity (has extras)} from uid 10029 on display 0
08-19 21:03:56.891  1914  3634 I ActivityManager: START u0 {flg=0x2000000 cmp=com.google.android.gms/.auth.uiflows.addaccount.PreAddAccountActivity (has extras)} from uid 10029 on display 0
08-19 21:03:56.970  3470  3470 D PhoneStatusBar: disable: < EXPAND icons ALERTS system_info BACK* HOME RECENT CLOCK SEARCH quick_settings >
08-19 21:03:56.973  5172  5840 I chatty  : uid=10029(com.google.android.gms) RenderThread expire 4 lines
08-19 21:03:56.988  1914  4332 I ActivityManager: START u0 {flg=0x2000000 cmp=com.google.android.gms/.auth.uiflows.minutemaid.MinuteMaidActivity (has extras)} from uid 10029 on display 0
08-19 21:03:57.130  5172  5172 I chatty  : uid=10029 com.google.android.gms.ui expire 21 lines
08-19 21:03:57.285  3470  3470 D PhoneStatusBar: disable: < EXPAND icons ALERTS system_info back* HOME RECENT CLOCK SEARCH quick_settings >
08-19 21:03:57.307  4263  4283 I chatty  : uid=10029(com.google.android.gms) Binder:4263_1 expire 10 lines
08-19 21:03:57.368   687   687 W SurfaceFlinger: couldn't log to binary event log: overflow.
08-19 21:03:57.368   719   879 I chatty  : uid=1013(media) Binder:719_1 expire 38 lines
08-19 21:03:57.386  4393  4393 I art     : Starting a blocking GC Explicit
08-19 21:03:57.402  4393  4393 I art     : Explicit concurrent mark sweep GC freed 3301(302KB) AllocSpace objects, 2(1160KB) LOS objects, 25% free, 23MB/31MB, paused 193us total 16.605ms
08-19 21:03:57.403  4393  4393 I art     : Starting a blocking GC Explicit
08-19 21:03:57.417  4393  4393 I art     : Explicit concurrent mark sweep GC freed 1874(173KB) AllocSpace objects, 1(1140KB) LOS objects, 25% free, 22MB/29MB, paused 209us total 13.544ms
08-19 21:03:57.428  4393  4393 I art     : Starting a blocking GC Explicit
08-19 21:03:57.440  4393  4393 I art     : Explicit concurrent mark sweep GC freed 87(3KB) AllocSpace objects, 0(0B) LOS objects, 25% free, 22MB/29MB, paused 182us total 11.489ms
08-19 21:03:57.440  4393  4393 I art     : Starting a blocking GC Explicit
08-19 21:03:57.453  4393  4393 I art     : Explicit concurrent mark sweep GC freed 5(128B) AllocSpace objects, 0(0B) LOS objects, 25% free, 22MB/29MB, paused 192us total 12.913ms
08-19 21:03:57.455  5172  5871 I chatty  : uid=10029(com.google.android.gms) Chrome_InProcGp expire 10 lines
08-19 21:03:57.480   633   639 D DrmLibTime: got the req here! ret=0
08-19 21:03:57.480   633   639 D DrmLibTime: command id, time_cmd_id = 770
08-19 21:03:57.480   633   639 D DrmLibTime: time_getutcsec starts!
08-19 21:03:57.480   633   639 D DrmLibTime: QSEE Time Listener: time_getutcsec
08-19 21:03:57.480   633   639 D DrmLibTime: QSEE Time Listener: get_utc_seconds
08-19 21:03:57.480   633   639 D DrmLibTime: QSEE Time Listener: time_get_modem_time
08-19 21:03:57.480   633   639 D DrmLibTime: QSEE Time Listener: Checking if ATS_MODEM is set or not.
08-19 21:03:57.480   633   639 D DrmLibTime: QSEE Time Listener: ATS_MODEM is not set. Fallback to Android system time.
08-19 21:03:57.480   633   639 D DrmLibTime: QSEE Time Listener: Retrieved Android system time: 1503173037
08-19 21:03:57.480   633   639 D DrmLibTime: time_getutcsec returns 0, sec = 1503173037; nsec = 0
08-19 21:03:57.480   633   639 D DrmLibTime: time_getutcsec finished! 
08-19 21:03:57.480   633   639 D DrmLibTime: iotcl_continue_command finished! and return 0 
08-19 21:03:57.480   633   639 D DrmLibTime: before calling ioctl to read the next time_cmd
08-19 21:03:57.499   719   719 I chatty  : uid=1013(media) /system/bin/mediadrmserver expire 25 lines
08-19 21:03:57.533  5282  5296 I chatty  : uid=10029(com.google.android.gms) Binder:5282_3 expire 5 lines
08-19 21:03:57.533   687   687 W SurfaceFlinger: couldn't log to binary event log: overflow.
08-19 21:03:57.580   719  5365 I chatty  : uid=1013(media) Binder:719_2 expire 12 lines
08-19 21:03:57.782   687   687 W SurfaceFlinger: couldn't log to binary event log: overflow.
08-19 21:03:58.198   670   670 I cnss-daemon: wlan_service_core_minfreq: RESET
08-19 21:03:58.198   670   670 E cnss-daemon: wlan_service_core_minfreq: reset: handle not valid
08-19 21:03:58.423  4393  5242 W MediaPlayer: info/warning (3, 0)
08-19 21:04:00.530  4393  4408 W MediaPlayer: info/warning (3, 0)
08-19 21:04:01.052  3424  3424 W InputMethodService: Window size has been changed. This may cause jankiness of resizing window: -1 -> -2
08-19 21:04:01.054  3424  3424 I LatinIME: Starting input. Cursor position = 0,0
08-19 21:04:02.630  1648  3511 I chatty  : uid=1013(media) Binder:1648_3 expire 10 lines
08-19 21:04:02.633  4393  5242 W MediaPlayer: info/warning (3, 0)
08-19 21:04:02.767  3584  3584 D VideoCall_LowBattery: disconnectVideoCalls on low battery
08-19 21:04:02.767  3584  3584 D VideoCall_LowBattery: disconnectVideoCalls 
08-19 21:04:04.691  1648  4697 I chatty  : uid=1013(media) /system/bin/mediaserver expire 45 lines
08-19 21:04:04.696  1648  4709 I chatty  : uid=1013(media) /system/bin/mediaserver expire 32 lines
08-19 21:04:04.736  4393  4746 W MediaPlayer: info/warning (3, 0)
08-19 21:04:06.848  4393  5241 W MediaPlayer: info/warning (3, 0)
08-19 21:04:08.975  4393  5240 W MediaPlayer: info/warning (3, 0)
08-19 21:04:08.999   670   670 I cnss-daemon: RTM_NEWNEIGH message received: 28
08-19 21:04:08.999   670   670 E cnss-daemon: Stale or unreachable neighbors, ndm state: 4
08-19 21:04:10.873  3424  3424 W InputMethodService: Window size has been changed. This may cause jankiness of resizing window: -1 -> -2
08-19 21:04:10.874  5172  5172 I chatty  : uid=10029 com.google.android.gms.ui expire 9 lines
08-19 21:04:11.083  4393  5242 W MediaPlayer: info/warning (3, 0)
08-19 21:04:12.478  3424  3424 W InputMethodService: Window size has been changed. This may cause jankiness of resizing window: -1 -> -2
08-19 21:04:12.481  3424  3424 I LatinIME: Starting input. Cursor position = 19,19
08-19 21:04:13.181  1648  5556 I chatty  : uid=1013(media) Binder:1648_5 expire 5 lines
08-19 21:04:13.183  4393  4408 W MediaPlayer: info/warning (3, 0)
08-19 21:04:15.290  4393  5242 W MediaPlayer: info/warning (3, 0)
08-19 21:04:17.400  4393  4406 W MediaPlayer: info/warning (3, 0)
08-19 21:04:19.498  1648  3511 I chatty  : uid=1013(media) Binder:1648_3 expire 3 lines
08-19 21:04:19.503  4393  5241 W MediaPlayer: info/warning (3, 0)
08-19 21:04:21.227  1914  3390 D ConnectivityService: handleLingerComplete for NetworkAgentInfo [MOBILE (LTE) - 100]
08-19 21:04:21.228  3584  3965 D DcNetworkAgent: NetworkAgent: NetworkAgent channel lost
08-19 21:04:21.228  1914  3390 D ConnectivityService: NetworkAgentInfo [MOBILE (LTE) - 100] got DISCONNECTED, was satisfying 6
08-19 21:04:21.228  3584  3965 D DcNetworkAgent: NetworkAgent: DcNetworkAgent: [unwanted]: disconnect apnContext={mApnType=default mState=CONNECTED mWaitingApns={[[ApnSettingV3] T-Mobile Internet, 533, 23430, general.t-mobile.uk, , http://mmsc.t-mobile.co.uk:8002, 149.254.201.135, 8080, , 1, default | supl | mms, IP, IP, true, 0, 0, 0, false, 0, 0, 0, 0, , , false, [ApnSettingV3] T-Mobile Broadband, 534, 23430, broadband.t-mobile.uk, , , , , , -1, default | dun, IP, IP, true, 0, 0, 0, false, 0, 0, 0, 0, , , false, [ApnSettingV3] EE Internet, 536, 23430, everywhere, , , , , , 1, default | supl, IP, IP, true, 0, 0, 0, false, 0, 0, 0, 0, , , false, [ApnSettingV3] Asda Mobile, 543, 23430, everywhere, , http://mms/, 149.254.201.135, 8080, , 1, default | supl | mms, IP, IP, true, 0, 0, 0, false, 0, 0, 0, 0, , , false]} mApnSetting={[ApnSettingV3] T-Mobile Internet, 533, 23430, general.t-mobile.uk, , http://mmsc.t-mobile.co.uk:8002, 149.254.201.135, 8080, , 1, default | supl | mms, IP, IP, true, 0, 0, 0, false, 0, 0, 0, 0, , , false} mReason=dataDisabled mDataEnabled=false mDependencyMet=true}
08-19 21:04:21.231  3579  3614 D QtiTetherService/IpaWrapper: getStats(false)
08-19 21:04:21.236  1914  3390 I Nat464Xlat: Android Xlat is disabled
08-19 21:04:21.263  1649  2077 I Netd    : Destroyed 17 sockets on 31.94.195.218 in 0.4 ms
08-19 21:04:21.263  4470  4785 I chatty  : uid=10029(com.google.android.gms) lowpool[0] expire 1 line
08-19 21:04:21.287  1649  2085 E Netd    : netlink response contains error (No such file or directory)
08-19 21:04:21.610  4393  4405 W MediaPlayer: info/warning (3, 0)
08-19 21:04:21.994  1914  3577 I chatty  : uid=1000(system) Thread-4 expire 12 lines
08-19 21:04:21.999  5456  5456 W Finsky  : [1] com.google.android.finsky.application.FinskyAppImpl.bw(1162): No account configured on this device.
08-19 21:04:22.000  5456  5456 W Finsky  : [1] com.google.android.finsky.application.FinskyAppImpl.bw(1162): No account configured on this device.
08-19 21:04:22.003  5456  5456 W Finsky  : [1] com.google.android.finsky.application.FinskyAppImpl.bw(1162): No account configured on this device.
08-19 21:04:22.003  5456  5456 I Finsky  : [1] com.google.android.finsky.hygiene.DailyHygiene$DailyHygieneService.onStartCommand(22): DailyHygiene holdoff continue
08-19 21:04:22.064  4470  5934 I chatty  : uid=10029(com.google.android.gms) expire 2 lines
08-19 21:04:22.118  4470  5938 I chatty  : uid=10029(com.google.android.gms) expire 3 lines
08-19 21:04:23.722  4393  4406 W MediaPlayer: info/warning (3, 0)
08-19 21:04:25.828  4393  4746 W MediaPlayer: info/warning (3, 0)
08-19 21:04:26.299   670   670 I cnss-daemon: RTM_NEWNEIGH message received: 28
08-19 21:04:26.299   670   670 E cnss-daemon: Stale or unreachable neighbors, ndm state: 16
08-19 21:04:26.315   670   670 I cnss-daemon: RTM_NEWNEIGH message received: 28
08-19 21:04:26.315   670   670 I cnss-daemon: NDA_DST received: 192.168.1.254 ul: 562997164615872
08-19 21:04:26.315   670   670 I cnss-daemon: NDA_LLADDR received
08-19 21:04:27.802  1648  4709 I chatty  : uid=1013(media) /system/bin/mediaserver expire 6 lines
08-19 21:04:27.924  1648  4697 I chatty  : uid=1013(media) /system/bin/mediaserver expire 7 lines
08-19 21:04:27.931  4393  5242 W MediaPlayer: info/warning (3, 0)
08-19 21:04:28.492  3424  3424 W InputMethodService: Window size has been changed. This may cause jankiness of resizing window: -1 -> -2
08-19 21:04:30.042  4393  4746 W MediaPlayer: info/warning (3, 0)
08-19 21:04:31.453  1914  2712 I ActivityManager: START u0 {flg=0x2000000 cmp=com.google.android.gms/.auth.uiflows.addaccount.AddAccountActivity (has extras)} from uid 10029 on display 0
08-19 21:04:31.488  3470  3470 D PhoneStatusBar: disable: < EXPAND icons ALERTS system_info BACK* HOME RECENT CLOCK SEARCH quick_settings >
08-19 21:04:31.499  5172  5948 I chatty  : uid=10029 com.google.android.gms.ui expire 1 line
08-19 21:04:31.547  4263  4263 I chatty  : uid=10029 com.google.android.gms.persistent expire 22 lines
08-19 21:04:31.579   719  5365 I chatty  : uid=1013(media) Binder:719_2 expire 38 lines
08-19 21:04:31.693   633   639 D DrmLibTime: got the req here! ret=0
08-19 21:04:31.693   633   639 D DrmLibTime: command id, time_cmd_id = 770
08-19 21:04:31.693   633   639 D DrmLibTime: time_getutcsec starts!
08-19 21:04:31.693   633   639 D DrmLibTime: QSEE Time Listener: time_getutcsec
08-19 21:04:31.693   633   639 D DrmLibTime: QSEE Time Listener: get_utc_seconds
08-19 21:04:31.693   633   639 D DrmLibTime: QSEE Time Listener: time_get_modem_time
08-19 21:04:31.693   633   639 D DrmLibTime: QSEE Time Listener: Checking if ATS_MODEM is set or not.
08-19 21:04:31.694   633   639 D DrmLibTime: QSEE Time Listener: ATS_MODEM is not set. Fallback to Android system time.
08-19 21:04:31.694   633   639 D DrmLibTime: QSEE Time Listener: Retrieved Android system time: 1503173071
08-19 21:04:31.694   633   639 D DrmLibTime: time_getutcsec returns 0, sec = 1503173071; nsec = 0
08-19 21:04:31.694   633   639 D DrmLibTime: time_getutcsec finished! 
08-19 21:04:31.694   633   639 D DrmLibTime: iotcl_continue_command finished! and return 0 
08-19 21:04:31.694   633   639 D DrmLibTime: before calling ioctl to read the next time_cmd
08-19 21:04:31.712   719   879 I chatty  : uid=1013(media) Binder:719_1 expire 25 lines
08-19 21:04:31.773   719   719 I chatty  : uid=1013(media) /system/bin/mediadrmserver expire 12 lines
08-19 21:04:32.015  1648  4709 I chatty  : uid=1013(media) /system/bin/mediaserver expire 1 line
08-19 21:04:32.071   687   687 W SurfaceFlinger: couldn't log to binary event log: overflow.
08-19 21:04:32.095  1648  4697 I chatty  : uid=1013(media) /system/bin/mediaserver expire 1 line
08-19 21:04:32.095  1648  3766 I chatty  : uid=1013(media) Binder:1648_4 expire 2 lines
08-19 21:04:32.100  1648  4709 I chatty  : uid=1013(media) /system/bin/mediaserver expire 2 lines
08-19 21:04:32.149  1648  4697 I chatty  : uid=1013(media) /system/bin/mediaserver expire 3 lines
08-19 21:04:32.152  1648  3511 I chatty  : uid=1013(media) Binder:1648_3 expire 1 line
08-19 21:04:32.155  4393  5240 W MediaPlayer: info/warning (3, 0)
08-19 21:04:32.488  4470  5967 I chatty  : uid=10029(com.google.android.gms) expire 2 lines
08-19 21:04:32.493  4470  5972 I chatty  : uid=10029(com.google.android.gms) expire 13 lines
08-19 21:04:32.504  4263  5966 I chatty  : uid=10029 com.google.android.gms.persistent expire 4 lines
08-19 21:04:32.582  4263  4719 I chatty  : uid=10029(com.google.android.gms) lowpool[1] expire 11 lines
08-19 21:04:32.593  1914  5547 I chatty  : uid=1000(system) Binder:1914_D expire 2 lines
08-19 21:04:32.604  1914  3635 I chatty  : uid=1000(system) Binder:1914_6 expire 2 lines
08-19 21:04:32.613  4563  4588 I ContactsProvider: Accounts changed
08-19 21:04:32.615  4470  4858 I chatty  : uid=10029(com.google.android.gms) expire 11 lines
08-19 21:04:32.626  5456  5456 E PlayCommon: [1] com.google.android.play.a.e.<init>(14): Failed to restore PlayMetalog
08-19 21:04:32.627  5456  5456 E PlayCommon: [1] com.google.android.play.a.e.<init>(20): Failed to restore LogsUploadAttempt
08-19 21:04:32.649  4563  4588 I ContactsProvider: Accounts changed
08-19 21:04:32.660  5456  5456 I Finsky  : [1] com.google.android.finsky.receivers.AccountsChangedReceiver.onReceive(48): Skipping additional VPA because not provisioned.
08-19 21:04:32.661  5456  5456 I Finsky  : [1] com.google.android.finsky.cj.a.a(32): Refreshing user settings: account=[QGTDtY39184wCEjcPsONP-DHrlU]
08-19 21:04:32.665  5456  5483 D Volley  : [176] a.b: Cache cleared.
08-19 21:04:32.665  5456  5492 D Volley  : [184] a.b: Cache cleared.
08-19 21:04:32.670  5456  5456 D Volley  : [1] a.b: Cache cleared.
08-19 21:04:32.682  4563  4588 D ContactDirectoryManager: Found com.google.contacts.gal.provider
08-19 21:04:32.694  4563  4588 I ContactDirectoryManager: deleted 0 stale rows which don't have any relevant directory
08-19 21:04:32.698  4563  4588 I ContactDirectoryManager: Discovered 0 contact directories in 33ms
08-19 21:04:32.700  5456  5492 D Volley  : [184] a.b: Cache cleared.
08-19 21:04:32.700  5456  5483 D Volley  : [176] a.b: Cache cleared.
08-19 21:04:32.702  5456  5456 D Volley  : [1] a.b: Cache cleared.
08-19 21:04:32.703  3413  3687 D BluetoothPbapService: **************onChange on contact uri ************
08-19 21:04:32.718  5172  5949 I chatty  : uid=10029 com.google.android.gms.ui expire 4 lines
08-19 21:04:32.733  5456  5456 I Finsky  : [1] com.google.android.finsky.az.a.h.run(2): Loaded library for account: [QGTDtY39184wCEjcPsONP-DHrlU]
08-19 21:04:32.733  5456  5456 I Finsky  : [1] com.google.android.finsky.az.a.h.run(5): Finished loading 1 libraries.
08-19 21:04:32.763  4470  5989 I chatty  : uid=10029(com.google.android.gms) expire 6 lines
08-19 21:04:32.813  5456  5483 D Volley  : [176] a.b: Cache cleared.
08-19 21:04:32.813  5456  5492 D Volley  : [184] a.b: Cache cleared.
08-19 21:04:32.819  5456  5456 D Volley  : [1] a.b: Cache cleared.
08-19 21:04:32.824  4263  5992 I chatty  : uid=10029 com.google.android.gms.persistent expire 1 line
08-19 21:04:32.853  4263  4847 I chatty  : uid=10029(com.google.android.gms) Binder:4263_4 expire 6 lines
08-19 21:04:32.853  4263  5984 I chatty  : uid=10029 com.google.android.gms.persistent expire 9 lines
08-19 21:04:32.855  4263  5991 I chatty  : uid=10029 com.google.android.gms.persistent expire 3 lines
08-19 21:04:32.857  3413  4020 D BluetoothPbapService: **************onChange on contact uri ************
08-19 21:04:32.869  3413  3432 D BluetoothPbapService: **************onChange on contact uri ************
08-19 21:04:33.003  4393  4393 I SetupWizard.AccountSetupWrapper: subactivity result {AccountSetupSubactivity(10002), RESULT_OK(-1), Bundle[mParcelledData.dataSize=192]}
08-19 21:04:33.007  1914  2112 I ActivityManager: START u0 {act=com.android.wizard.NEXT cmp=com.google.android.setupwizard/.WizardManagerActivity (has extras)} from uid 10021 on display 0
08-19 21:04:33.042  4393  4393 I SetupWizard.WizardManager: onNext resultCode = -1, Stack = [suw/wizard_script_setup_as_new_flow#account_setup,suw/wizard_script#setup_as_new_flow]
08-19 21:04:33.047  1914  3635 I ActivityManager: START u0 {act=com.google.android.setupwizard.GMS_ACCOUNT_CHECKIN flg=0x4000000 cmp=com.google.android.setupwizard/.account.GmsAccountCheckin (has extras)} from uid 10021 on display 0
08-19 21:04:33.059  4470  6004 I chatty  : uid=10029(com.google.android.gms) expire 22 lines
08-19 21:04:33.113  4263  5168 I chatty  : uid=10029(com.google.android.gms) highpool[3] expire 4 lines
08-19 21:04:33.149  4393  4393 I SetupWizard.GmsAccountCheckinFragment: Account checkin, waiting for gservices, timeout=45000
08-19 21:04:33.161  4470  4895 I chatty  : uid=10029(com.google.android.gms) Thread-22 expire 1 line
08-19 21:04:33.184  3470  3470 D PhoneStatusBar: disable: < EXPAND icons ALERTS system_info back* HOME RECENT CLOCK SEARCH quick_settings >
08-19 21:04:33.191  4263  5970 I chatty  : uid=10029 com.google.android.gms.persistent expire 54 lines
08-19 21:04:33.207  4470  5987 I chatty  : uid=10029(com.google.android.gms) expire 3 lines
08-19 21:04:33.233  4470  6004 E ActivityThread: Failed to find provider info for com.google.android.wearable.settings
08-19 21:04:33.298   687   687 W SurfaceFlinger: couldn't log to binary event log: overflow.
08-19 21:04:33.346  4263  4733 I chatty  : uid=10029 com.google.android.gms.persistent expire 15 lines
08-19 21:04:33.481  5456  5456 I Finsky  : [1] com.google.android.finsky.cd.e.b_(36): Server requests device config token
08-19 21:04:33.483  5456  5456 I Finsky  : [1] com.google.android.finsky.z.j.a(15): Start requesting GCM Reg Id
08-19 21:04:33.483  5456  5456 D GCMRegistrar: resetting backoff for com.android.vending
08-19 21:04:33.488  5456  5456 V GCMRegistrar: Registering app com.android.vending of senders 932144863878
08-19 21:04:33.543  4263  5557 I chatty  : uid=10029 com.google.android.gms.persistent expire 9 lines
08-19 21:04:33.568  4470  6003 I chatty  : uid=10029(com.google.android.gms) expire 1 line
08-19 21:04:33.589  4470  6019 I chatty  : uid=10029(com.google.android.gms) expire 10 lines
08-19 21:04:33.611   719   879 I chatty  : uid=1013(media) Binder:719_1 expire 9 lines
08-19 21:04:33.625  4752  4752 I CalendarProvider2: Sending notification intent: Intent { act=android.intent.action.PROVIDER_CHANGED dat=content://com.android.calendar flg=0x20000000 }
08-19 21:04:33.625  4752  4752 W ContentResolver: Failed to get type for: content://com.android.calendar (Unknown URL content://com.android.calendar)
08-19 21:04:33.638  4752  4752 I CalendarProvider2: Sending notification intent: Intent { act=android.intent.action.PROVIDER_CHANGED dat=content://com.android.calendar flg=0x20000000 }
08-19 21:04:33.638  4752  4752 W ContentResolver: Failed to get type for: content://com.android.calendar (Unknown URL content://com.android.calendar)
08-19 21:04:33.638  4470  6021 I chatty  : uid=10029(com.google.android.gms) expire 8 lines
08-19 21:04:33.696   719   879 D DrmWidevineDash: OEMCrypto_Initialize sion_buffer g_wv_fhandle->ion_sbuffer  0x0xed561000
08-19 21:04:33.696   719   879 E DrmWidevineDash: sion_buffer g_wv_fhandle->ion_sbuffer  0x0xed561000
08-19 21:04:33.717   633   639 D DrmLibTime: got the req here! ret=0
08-19 21:04:33.717   633   639 D DrmLibTime: command id, time_cmd_id = 770
08-19 21:04:33.717   633   639 D DrmLibTime: time_getutcsec starts!
08-19 21:04:33.717   633   639 D DrmLibTime: QSEE Time Listener: time_getutcsec
08-19 21:04:33.717   633   639 D DrmLibTime: QSEE Time Listener: get_utc_seconds
08-19 21:04:33.717   633   639 D DrmLibTime: QSEE Time Listener: time_get_modem_time
08-19 21:04:33.717   633   639 D DrmLibTime: QSEE Time Listener: Checking if ATS_MODEM is set or not.
08-19 21:04:33.717   633   639 D DrmLibTime: QSEE Time Listener: ATS_MODEM is not set. Fallback to Android system time.
08-19 21:04:33.717   633   639 D DrmLibTime: QSEE Time Listener: Retrieved Android system time: 1503173073
08-19 21:04:33.717   633   639 D DrmLibTime: time_getutcsec returns 0, sec = 1503173073; nsec = 0
08-19 21:04:33.717   633   639 D DrmLibTime: time_getutcsec finished! 
08-19 21:04:33.717   633   639 D DrmLibTime: iotcl_continue_command finished! and return 0 
08-19 21:04:33.717   633   639 D DrmLibTime: before calling ioctl to read the next time_cmd
08-19 21:04:33.724   719   879 D DrmWidevineDash: OEMCrypto_APIVersion: starts!
08-19 21:04:33.725   719   879 D DrmWidevineDash: hlos api version =  11
08-19 21:04:33.725   719   879 D DrmWidevineDash: tz api version =  11
08-19 21:04:33.725   719   879 D DrmWidevineDash: OEMCrypto_APIVersion: ends! returns version 11
08-19 21:04:33.725   719   879 D DrmWidevineDash: OEMCrypto_SupportsUsageTable: starts!
08-19 21:04:33.725   719   879 D DrmWidevineDash: OEMCrypto_SupportsUsageTable: is_supported = 1
08-19 21:04:33.725   719   879 D DrmWidevineDash: OEMCrypto_SupportsUsageTable: wv_app_version =0x38
08-19 21:04:33.725   719   879 D DrmWidevineDash: OEMCrypto_SupportsUsageTable: ends! returns 0
08-19 21:04:33.725   719   879 D DrmWidevineDash: OEMCrypto_Initialize: ends! returns 0
08-19 21:04:33.725   719   879 D DrmWidevineDash: OEMCrypto_APIVersion: starts!
08-19 21:04:33.726   719   879 D DrmWidevineDash: hlos api version =  11
08-19 21:04:33.726   719   879 D DrmWidevineDash: tz api version =  11
08-19 21:04:33.726   719   879 D DrmWidevineDash: OEMCrypto_APIVersion: ends! returns version 11
08-19 21:04:33.726   719   879 D DrmWidevineDash: OEMCrypto_IsKeyboxValid: starts!
08-19 21:04:33.729   719   879 D DrmWidevineDash: OEMCrypto_IsKeyboxValid: ends! returns 0
08-19 21:04:33.729   719   879 D WVCdm   : OEMCrypto_Initialize Level 1 success. I will use level 1.
08-19 21:04:33.729   719   879 D DrmWidevineDash: OEMCrypto_OpenSession: starts! SID=0xec4813ec
08-19 21:04:33.729   719   879 D DrmWidevineDash: OEMCrypto_OpenSession Session ID = 0
08-19 21:04:33.730   719   879 D DrmWidevineDash: OEMCrypto_OpenSession SID = 1
08-19 21:04:33.730   719   879 D DrmWidevineDash: OEMCrypto_OpenSession: ends! returns 0
08-19 21:04:33.730   719   879 D DrmWidevineDash: OEMCrypto_GetRandom: starts! randomData=0xec307140, dataLength=8
08-19 21:04:33.731   719   879 D DrmWidevineDash: OEMCrypto_GetRandom: ends! returns 0
08-19 21:04:33.731   719   879 D DrmWidevineDash: OEMCrypto_LoadDeviceRSAKey: starts! SID=1, wrapped_rsa_key=0xebc4f600, wrapped_rsa_key_length=1280
08-19 21:04:33.735   719   879 D DrmWidevineDash: OEMCrypto_LoadDeviceRSAKey: ends! returns 0
08-19 21:04:33.735   719   879 D DrmWidevineDash: OEMCrypto_GetRandom: starts! randomData=0xec30e020, dataLength=4
08-19 21:04:33.736   719   879 D DrmWidevineDash: OEMCrypto_GetRandom: ends! returns 0
08-19 21:04:33.737   719   879 I WVCdm   : CdmEngine::QueryKeyControlInfo
08-19 21:04:33.739   719  5365 I WVCdm   : CdmEngine::GenerateKeyRequest
08-19 21:04:33.739   719  5365 D DrmWidevineDash: OEMCrypto_GetDeviceID: starts! deviceID=0xec599da0, idLength=0xec1841d4
08-19 21:04:33.748   719  5365 D DrmWidevineDash: OEMCrypto_GetDeviceID: ends! returns 0
08-19 21:04:33.748   719  5365 D DrmWidevineDash: OEMCrypto_Security_Patch_Level: starts!
08-19 21:04:33.749   719  5365 E DrmWidevineDash: tz api security patch level =  0
08-19 21:04:33.749   719  5365 D DrmWidevineDash: OEMCrypto_Security_Patch_Level: ends! returns level 0
08-19 21:04:33.749   719  5365 D DrmWidevineDash: OEMCrypto_SupportsUsageTable: starts!
08-19 21:04:33.749   719  5365 D DrmWidevineDash: OEMCrypto_SupportsUsageTable: is_supported = 1
08-19 21:04:33.749   719  5365 D DrmWidevineDash: OEMCrypto_SupportsUsageTable: wv_app_version =0x38
08-19 21:04:33.749   719  5365 D DrmWidevineDash: OEMCrypto_SupportsUsageTable: ends! returns 0
08-19 21:04:33.749   719  5365 D DrmWidevineDash: OEMCrypto_IsAntiRollbackHwPresent: starts!
08-19 21:04:33.750   719  5365 D DrmWidevineDash: OEMCrypto_IsAntiRollbackHwPresent ends! ret=0, is_antirb_enabled = 1
08-19 21:04:33.750   719  5365 D DrmWidevineDash: OEMCrypto_APIVersion: starts!
08-19 21:04:33.751   719  5365 D DrmWidevineDash: hlos api version =  11
08-19 21:04:33.751   719  5365 D DrmWidevineDash: tz api version =  11
08-19 21:04:33.751   719  5365 D DrmWidevineDash: OEMCrypto_APIVersion: ends! returns version 11
08-19 21:04:33.751   719  5365 D DrmWidevineDash: OEMCrypto_GetHDCPCapability starts!
08-19 21:04:33.752   719  5365 D DrmWidevineDash: OEMCrypto_GetHDCPCapability current=255, max=4
08-19 21:04:33.752   719  5365 D DrmWidevineDash: OEMCrypto_GetHDCPCapability ends! ret = 0
08-19 21:04:33.752   719  5365 D DrmWidevineDash: OEMCrypto_GenerateNonce: starts! SID=1, nonce=0xec1843bc
08-19 21:04:33.753   719  5365 D DrmWidevineDash: OEMCrypto_GenerateNonce: ends! returns 0
08-19 21:04:33.753   719  5365 D WVCdm   : PrepareKeyRequest: nonce=1662162590
08-19 21:04:33.753   719  5365 D DrmWidevineDash: OEMCrypto_GenerateRSASignature starts! SID=1, message=0xebce6700
08-19 21:04:33.753   719  5365 D DrmWidevineDash: message_length=1673, signature=0xec5b9500, signature_length=0xec18435c
08-19 21:04:33.790  5456  5456 V GCMBroadcastReceiver: onReceive: com.google.android.c2dm.intent.REGISTRATION
08-19 21:04:33.790  5456  5456 V GCMBroadcastReceiver: GCM IntentService class: com.android.vending.GCMIntentService
08-19 21:04:33.792  5456  5456 V GCMBaseIntentService: Acquiring wakelock
08-19 21:04:33.795   687   687 W SurfaceFlinger: couldn't log to binary event log: overflow.
08-19 21:04:33.799  5456  5456 V GCMBaseIntentService: Intent service name: GCMIntentService-932144863878-1
08-19 21:04:33.802  5456  6029 E GCMRegistrar: internal error: retry receiver class not set yet
08-19 21:04:33.802  5456  6029 V GCMRegistrar: Registering receiver
08-19 21:04:33.804  5456  6029 D GCMBaseIntentService: handleRegistration: registrationId = APA91bEmvHqlUAPqMAYKtYnH3O_RWjv35cBAoArqk9QPqMJTkF2zJC08sy6fsaL4_KiQKooABSxOuXwz6XShuxWuckdTUwN43TKJ9Cntv7rVNjVp5iZn0bAgsdYuU7HXxal-bWNheX16, error = null, unregistered = null
08-19 21:04:33.804  5456  6029 D GCMRegistrar: resetting backoff for com.android.vending
08-19 21:04:33.806  5456  6029 V GCMRegistrar: Saving regId on app version 80807300
08-19 21:04:33.809  5456  6029 V GCMBaseIntentService: Releasing wakelock
08-19 21:04:33.811  5456  5456 I Finsky  : [1] com.google.android.finsky.z.j.a(26): Uploading GcmRegistration Id because not registered yet
08-19 21:04:33.812  5456  5456 I Finsky  : [1] com.google.android.finsky.hygiene.DailyHygiene$DailyHygieneService.onStartCommand(22): DailyHygiene holdoff continue
08-19 21:04:33.851   719  5365 D DrmWidevineDash: OEMCrypto_GenerateRSASignature returns 0
08-19 21:04:33.852   719   719 I WVCdm   : CdmEngine::CloseSession
08-19 21:04:33.852   719   719 D DrmWidevineDash: OEMCrypto_CloseSession: starts! SID=1
08-19 21:04:33.853   719   719 D DrmWidevineDash: OEMCrypto_CloseSession: ends! returns 0
08-19 21:04:33.853   719   719 D DrmWidevineDash: OEMCrypto_Terminate: starts!
08-19 21:04:33.854   719   719 D         : CPPF_CheckMinEncLevelStatus: start!
08-19 21:04:33.855   719   719 D         : CPPF_CheckMinEncLevelStatus: No change
08-19 21:04:33.855   719   719 D         : CPPF_CheckMinEncLevelStatus: end!
08-19 21:04:33.855   719   719 D DrmWidevineDash: Service_Uninitialize: starts!
08-19 21:04:33.856   719   719 D DrmWidevineDash: Service_Uninitialize: ends! returns 0x0
08-19 21:04:33.856   719   719 D         : CPPF_ServiceUninitialize: start!
08-19 21:04:33.856   719   719 D         : CPPF_ServiceUninitialize: end! returns 0
08-19 21:04:33.856   719   719 D DrmWidevineDash: OEMCrypto_Terminate: ends! returns 0
08-19 21:04:33.857   719   879 I WVCdm   : CdmEngine::OpenSession
08-19 21:04:33.857   719   879 I WVCdm   : Level3 Library 4445 Mar 30 2016 13:23:54
08-19 21:04:33.859   719   879 D DrmWidevineDash: OEMCrypto_Initialize: starts! g_qsee_apps_version = 0x36
08-19 21:04:33.859   719   879 D         : CPPF_ServiceInitialize: start!
08-19 21:04:33.892   719   879 D         : CPPF_ServiceInitialize: end! returns 0
08-19 21:04:33.892   719   879 D DrmWidevineDash: Service_Initialize: starts!
08-19 21:04:33.933   719   879 D DrmWidevineDash: Service_Initialize: ends! returns 0
08-19 21:04:33.933   719   879 D QSAPPSVER: qsapps_get_capabilities: Capability from secure side: 0x1
08-19 21:04:33.933   719   879 D QSAPPSVER: qsapps_get_capabilities: returns 0
08-19 21:04:33.934   719   879 D DrmWidevineDash: OEMCrypto_Initialize sion_buffer g_wv_fhandle->ion_sbuffer  0x0xed55e000
08-19 21:04:33.934   719   879 E DrmWidevineDash: sion_buffer g_wv_fhandle->ion_sbuffer  0x0xed55e000
08-19 21:04:33.952   633   639 D DrmLibTime: got the req here! ret=0
08-19 21:04:33.952   633   639 D DrmLibTime: command id, time_cmd_id = 770
08-19 21:04:33.952   633   639 D DrmLibTime: time_getutcsec starts!
08-19 21:04:33.952   633   639 D DrmLibTime: QSEE Time Listener: time_getutcsec
08-19 21:04:33.952   633   639 D DrmLibTime: QSEE Time Listener: get_utc_seconds
08-19 21:04:33.952   633   639 D DrmLibTime: QSEE Time Listener: time_get_modem_time
08-19 21:04:33.952   633   639 D DrmLibTime: QSEE Time Listener: Checking if ATS_MODEM is set or not.
08-19 21:04:33.953   633   639 D DrmLibTime: QSEE Time Listener: ATS_MODEM is not set. Fallback to Android system time.
08-19 21:04:33.953   633   639 D DrmLibTime: QSEE Time Listener: Retrieved Android system time: 1503173073
08-19 21:04:33.953   633   639 D DrmLibTime: time_getutcsec returns 0, sec = 1503173073; nsec = 0
08-19 21:04:33.953   633   639 D DrmLibTime: time_getutcsec finished! 
08-19 21:04:33.953   633   639 D DrmLibTime: iotcl_continue_command finished! and return 0 
08-19 21:04:33.953   633   639 D DrmLibTime: before calling ioctl to read the next time_cmd
08-19 21:04:33.957   719   879 D DrmWidevineDash: OEMCrypto_APIVersion: starts!
08-19 21:04:33.957   719   879 D DrmWidevineDash: hlos api version =  11
08-19 21:04:33.957   719   879 D DrmWidevineDash: tz api version =  11
08-19 21:04:33.957   719   879 D DrmWidevineDash: OEMCrypto_APIVersion: ends! returns version 11
08-19 21:04:33.957   719   879 D DrmWidevineDash: OEMCrypto_SupportsUsageTable: starts!
08-19 21:04:33.958   719   879 D DrmWidevineDash: OEMCrypto_SupportsUsageTable: is_supported = 1
08-19 21:04:33.958   719   879 D DrmWidevineDash: OEMCrypto_SupportsUsageTable: wv_app_version =0x38
08-19 21:04:33.958   719   879 D DrmWidevineDash: OEMCrypto_SupportsUsageTable: ends! returns 0
08-19 21:04:33.958   719   879 D DrmWidevineDash: OEMCrypto_Initialize: ends! returns 0
08-19 21:04:33.958   719   879 D DrmWidevineDash: OEMCrypto_APIVersion: starts!
08-19 21:04:33.958   719   879 D DrmWidevineDash: hlos api version =  11
08-19 21:04:33.958   719   879 D DrmWidevineDash: tz api version =  11
08-19 21:04:33.958   719   879 D DrmWidevineDash: OEMCrypto_APIVersion: ends! returns version 11
08-19 21:04:33.958   719   879 D DrmWidevineDash: OEMCrypto_IsKeyboxValid: starts!
08-19 21:04:33.962   719   879 D DrmWidevineDash: OEMCrypto_IsKeyboxValid: ends! returns 0
08-19 21:04:33.962   719   879 D WVCdm   : OEMCrypto_Initialize Level 1 success. I will use level 1.
08-19 21:04:33.962   719   879 D DrmWidevineDash: OEMCrypto_OpenSession: starts! SID=0xec4813ec
08-19 21:04:33.962   719   879 D DrmWidevineDash: OEMCrypto_OpenSession Session ID = 0
08-19 21:04:33.963   719   879 D DrmWidevineDash: OEMCrypto_OpenSession SID = 1
08-19 21:04:33.963   719   879 D DrmWidevineDash: OEMCrypto_OpenSession: ends! returns 0
08-19 21:04:33.963   719   879 D DrmWidevineDash: OEMCrypto_GetRandom: starts! randomData=0xec307178, dataLength=8
08-19 21:04:33.964   719   879 D DrmWidevineDash: OEMCrypto_GetRandom: ends! returns 0
08-19 21:04:33.964   719   879 D DrmWidevineDash: OEMCrypto_LoadDeviceRSAKey: starts! SID=1, wrapped_rsa_key=0xebc4f000, wrapped_rsa_key_length=1280
08-19 21:04:33.968   719   879 D DrmWidevineDash: OEMCrypto_LoadDeviceRSAKey: ends! returns 0
08-19 21:04:33.968   719   879 D DrmWidevineDash: OEMCrypto_GetRandom: starts! randomData=0xec30e098, dataLength=4
08-19 21:04:33.969   719   879 D DrmWidevineDash: OEMCrypto_GetRandom: ends! returns 0
08-19 21:04:33.969   719   879 I WVCdm   : CdmEngine::QueryKeyControlInfo
08-19 21:04:33.970   719  6031 I WVCdm   : CdmEngine::OpenSession
08-19 21:04:33.970   719  6031 D DrmWidevineDash: OEMCrypto_OpenSession: starts! SID=0xeba803ec
08-19 21:04:33.970   719  6031 D DrmWidevineDash: OEMCrypto_OpenSession Session ID = 0
08-19 21:04:33.971   719  6031 D DrmWidevineDash: OEMCrypto_OpenSession SID = 2
08-19 21:04:33.971   719  6031 D DrmWidevineDash: OEMCrypto_OpenSession: ends! returns 0
08-19 21:04:33.971   719  6031 D DrmWidevineDash: OEMCrypto_GetRandom: starts! randomData=0xec3071e8, dataLength=8
08-19 21:04:33.971   719  6031 D DrmWidevineDash: OEMCrypto_GetRandom: ends! returns 0
08-19 21:04:33.971   719  6031 D DrmWidevineDash: OEMCrypto_LoadDeviceRSAKey: starts! SID=2, wrapped_rsa_key=0xebc53800, wrapped_rsa_key_length=1280
08-19 21:04:33.974   719  6031 D DrmWidevineDash: OEMCrypto_LoadDeviceRSAKey: ends! returns 0
08-19 21:04:33.974   719  6031 D DrmWidevineDash: OEMCrypto_GetRandom: starts! randomData=0xec30e048, dataLength=4
08-19 21:04:33.975   719  6031 D DrmWidevineDash: OEMCrypto_GetRandom: ends! returns 0
08-19 21:04:33.975   719  6031 I WVCdm   : CdmEngine::QueryKeyControlInfo
08-19 21:04:33.975   719   879 I WVCdm   : CdmEngine::GenerateKeyRequest
08-19 21:04:33.975   719   879 D DrmWidevineDash: OEMCrypto_GetDeviceID: starts! deviceID=0xec32b5e0, idLength=0xec4811d4
08-19 21:04:33.980   719   879 D DrmWidevineDash: OEMCrypto_GetDeviceID: ends! returns 0
08-19 21:04:33.980   719   879 D DrmWidevineDash: OEMCrypto_Security_Patch_Level: starts!
08-19 21:04:33.981   719   879 E DrmWidevineDash: tz api security patch level =  0
08-19 21:04:33.981   719   879 D DrmWidevineDash: OEMCrypto_Security_Patch_Level: ends! returns level 0
08-19 21:04:33.981   719   879 D DrmWidevineDash: OEMCrypto_SupportsUsageTable: starts!
08-19 21:04:33.981   719   879 D DrmWidevineDash: OEMCrypto_SupportsUsageTable: is_supported = 1
08-19 21:04:33.981   719   879 D DrmWidevineDash: OEMCrypto_SupportsUsageTable: wv_app_version =0x38
08-19 21:04:33.981   719   879 D DrmWidevineDash: OEMCrypto_SupportsUsageTable: ends! returns 0
08-19 21:04:33.981   719   879 D DrmWidevineDash: OEMCrypto_IsAntiRollbackHwPresent: starts!
08-19 21:04:33.982   719   879 D DrmWidevineDash: OEMCrypto_IsAntiRollbackHwPresent ends! ret=0, is_antirb_enabled = 1
08-19 21:04:33.982   719   879 D DrmWidevineDash: OEMCrypto_APIVersion: starts!
08-19 21:04:33.983   719   879 D DrmWidevineDash: hlos api version =  11
08-19 21:04:33.983   719   879 D DrmWidevineDash: tz api version =  11
08-19 21:04:33.983   719   879 D DrmWidevineDash: OEMCrypto_APIVersion: ends! returns version 11
08-19 21:04:33.983   719   879 D DrmWidevineDash: OEMCrypto_GetHDCPCapability starts!
08-19 21:04:33.983   719   879 D DrmWidevineDash: OEMCrypto_GetHDCPCapability current=255, max=4
08-19 21:04:33.983   719   879 D DrmWidevineDash: OEMCrypto_GetHDCPCapability ends! ret = 0
08-19 21:04:33.983   719   879 D DrmWidevineDash: OEMCrypto_GenerateNonce: starts! SID=2, nonce=0xec4813bc
08-19 21:04:33.984   719   879 D DrmWidevineDash: OEMCrypto_GenerateNonce: ends! returns 0
08-19 21:04:33.984   719   879 D WVCdm   : PrepareKeyRequest: nonce=3759241198
08-19 21:04:33.984   719   879 D DrmWidevineDash: OEMCrypto_GenerateRSASignature starts! SID=2, message=0xebc55000
08-19 21:04:33.984   719   879 D DrmWidevineDash: message_length=1673, signature=0xec37b000, signature_length=0xec48135c
08-19 21:04:34.036   719   879 D DrmWidevineDash: OEMCrypto_GenerateRSASignature returns 0
08-19 21:04:34.036   719  6031 I WVCdm   : CdmEngine::GenerateKeyRequest
08-19 21:04:34.037   719  6031 D DrmWidevineDash: OEMCrypto_GetDeviceID: starts! deviceID=0xec32b6a0, idLength=0xeba801d4
08-19 21:04:34.039   719  6031 D DrmWidevineDash: OEMCrypto_GetDeviceID: ends! returns 0
08-19 21:04:34.039   719  6031 D DrmWidevineDash: OEMCrypto_Security_Patch_Level: starts!
08-19 21:04:34.040   719  6031 E DrmWidevineDash: tz api security patch level =  0
08-19 21:04:34.040   719  6031 D DrmWidevineDash: OEMCrypto_Security_Patch_Level: ends! returns level 0
08-19 21:04:34.040   719  6031 D DrmWidevineDash: OEMCrypto_SupportsUsageTable: starts!
08-19 21:04:34.040   719  6031 D DrmWidevineDash: OEMCrypto_SupportsUsageTable: is_supported = 1
08-19 21:04:34.040   719  6031 D DrmWidevineDash: OEMCrypto_SupportsUsageTable: wv_app_version =0x38
08-19 21:04:34.040   719  6031 D DrmWidevineDash: OEMCrypto_SupportsUsageTable: ends! returns 0
08-19 21:04:34.040   719  6031 D DrmWidevineDash: OEMCrypto_IsAntiRollbackHwPresent: starts!
08-19 21:04:34.041   719  6031 D DrmWidevineDash: OEMCrypto_IsAntiRollbackHwPresent ends! ret=0, is_antirb_enabled = 1
08-19 21:04:34.041   719  6031 D DrmWidevineDash: OEMCrypto_APIVersion: starts!
08-19 21:04:34.041   719  6031 D DrmWidevineDash: hlos api version =  11
08-19 21:04:34.041   719  6031 D DrmWidevineDash: tz api version =  11
08-19 21:04:34.041   719  6031 D DrmWidevineDash: OEMCrypto_APIVersion: ends! returns version 11
08-19 21:04:34.041   719  6031 D DrmWidevineDash: OEMCrypto_GetHDCPCapability starts!
08-19 21:04:34.042   719  6031 D DrmWidevineDash: OEMCrypto_GetHDCPCapability current=255, max=4
08-19 21:04:34.042   719  6031 D DrmWidevineDash: OEMCrypto_GetHDCPCapability ends! ret = 0
08-19 21:04:34.042   719  6031 D DrmWidevineDash: OEMCrypto_GenerateNonce: starts! SID=1, nonce=0xeba803bc
08-19 21:04:34.043   719  6031 D DrmWidevineDash: OEMCrypto_GenerateNonce: ends! returns 0
08-19 21:04:34.043   719  6031 D WVCdm   : PrepareKeyRequest: nonce=3609664582
08-19 21:04:34.043   719  6031 D DrmWidevineDash: OEMCrypto_GenerateRSASignature starts! SID=1, message=0xebc56c00
08-19 21:04:34.043   719  6031 D DrmWidevineDash: message_length=1707, signature=0xec37b500, signature_length=0xeba8035c
08-19 21:04:34.072  4263  6034 I chatty  : uid=10029 com.google.android.gms.persistent expire 7 lines
08-19 21:04:34.076  5456  5456 I Finsky  : [1] com.google.android.finsky.z.c.b_(14): Received device config token CisaKQoTMzc0MDgyNTY2Mjk5NDkzMTYwMRISChAxNTAzMTczMDczOTczNTgx
08-19 21:04:34.095   719  6031 D DrmWidevineDash: OEMCrypto_GenerateRSASignature returns 0
08-19 21:04:34.095   719   719 I WVCdm   : CdmEngine::CloseSession
08-19 21:04:34.095   719   719 D DrmWidevineDash: OEMCrypto_CloseSession: starts! SID=2
08-19 21:04:34.096   719   719 D DrmWidevineDash: OEMCrypto_CloseSession: ends! returns 0
08-19 21:04:34.096   719  5365 I WVCdm   : CdmEngine::CloseSession
08-19 21:04:34.096   719  5365 D DrmWidevineDash: OEMCrypto_CloseSession: starts! SID=1
08-19 21:04:34.097   719  5365 D DrmWidevineDash: OEMCrypto_CloseSession: ends! returns 0
08-19 21:04:34.097   719  5365 D DrmWidevineDash: OEMCrypto_Terminate: starts!
08-19 21:04:34.098   719  5365 D         : CPPF_CheckMinEncLevelStatus: start!
08-19 21:04:34.098   719  5365 D         : CPPF_CheckMinEncLevelStatus: No change
08-19 21:04:34.098   719  5365 D         : CPPF_CheckMinEncLevelStatus: end!
08-19 21:04:34.098   719  5365 D DrmWidevineDash: Service_Uninitialize: starts!
08-19 21:04:34.099   719  5365 D DrmWidevineDash: Service_Uninitialize: ends! returns 0x0
08-19 21:04:34.099   719  5365 D         : CPPF_ServiceUninitialize: start!
08-19 21:04:34.100   719  5365 D         : CPPF_ServiceUninitialize: end! returns 0
08-19 21:04:34.100   719  5365 D DrmWidevineDash: OEMCrypto_Terminate: ends! returns 0
08-19 21:04:34.102  5282  5295 I chatty  : uid=10029(com.google.android.gms) Binder:5282_2 expire 4 lines
08-19 21:04:34.138  1648  4709 I NuPlayerDecoder: [video] saw output EOS
08-19 21:04:34.217  1648  4697 D NuPlayerDriver: notifyListener_l(0xebe8c000), (2, 0, 0), loop setting(0, 0)
08-19 21:04:34.218  1648  3766 D NuPlayerDriver: seekTo(0xebe8c000) 4000 ms at state 6
08-19 21:04:34.218  1648  3766 D NuPlayerDriver: notifyListener_l(0xebe8c000), (7, 0, 0), loop setting(0, 0)
08-19 21:04:34.225  1648  4709 I NuPlayerDecoder: [OMX.qcom.video.decoder.avc] resubmitting CSD
08-19 21:04:34.225  1648  4709 I NuPlayerDecoder: [OMX.qcom.video.decoder.avc] resubmitting CSD
08-19 21:04:34.262  1648  4697 D NuPlayerDriver: notifyListener_l(0xebe8c000), (4, 0, 0), loop setting(0, 0)
08-19 21:04:34.264  1648  3766 D NuPlayerDriver: start(0xebe8c000), state is 6, eos is 0
08-19 21:04:34.267  1648  4697 D NuPlayerDriver: notifyListener_l(0xebe8c000), (200, 3, 0), loop setting(0, 0)
08-19 21:04:34.268  1648  4697 D NuPlayerDriver: notifyListener_l(0xebe8c000), (6, 0, 0), loop setting(0, 0)
08-19 21:04:34.268  4393  5242 W MediaPlayer: info/warning (3, 0)
08-19 21:04:34.303  5456  5484 I Finsky  : [177] com.google.android.finsky.ah.a.d.a(99): Process stable target turned on mid-process: 12606677
08-19 21:04:34.303  5456  5484 I Finsky  : [177] com.google.android.finsky.ah.a.d.a(99): Process stable target turned on mid-process: 12606765
08-19 21:04:34.303  5456  5484 I Finsky  : [177] com.google.android.finsky.ah.a.d.a(99): Process stable target turned on mid-process: 12609510
08-19 21:04:34.304  5456  5484 I Finsky  : [177] com.google.android.finsky.ah.a.d.a(99): Process stable target turned on mid-process: 12609522
08-19 21:04:34.304  5456  5484 I Finsky  : [177] com.google.android.finsky.ah.a.d.a(99): Process stable target turned on mid-process: 12609703
08-19 21:04:34.310  5456  5456 I Finsky  : [1] com.google.android.finsky.cj.a.a(32): Refreshing user settings: account=[QGTDtY39184wCEjcPsONP-DHrlU]
08-19 21:04:34.311  5456  5483 D Volley  : [176] a.b: Cache cleared.
08-19 21:04:34.312  5456  5492 D Volley  : [184] a.b: Cache cleared.
08-19 21:04:34.321  5456  5456 D Volley  : [1] a.b: Cache cleared.
08-19 21:04:34.345  5456  5456 I Finsky  : [1] com.google.android.finsky.receivers.h.a(5): TAR:Initializing TOS acceptance
08-19 21:04:34.360  5456  5456 I Finsky  : [1] com.google.android.finsky.ce.a.a(42): TOS is not accepted
08-19 21:04:34.390  4470  4479 I chatty  : uid=10029(com.google.android.gms) FinalizerDaemon expire 1 line
08-19 21:04:34.428  4470  4857 I chatty  : uid=10029(com.google.android.gms) highpool[1] expire 1 line
08-19 21:04:34.451  5172  6053 I chatty  : uid=10029 com.google.android.gms.ui expire 1 line
08-19 21:04:35.189  4263  6058 I chatty  : uid=10029 com.google.android.gms.persistent expire 9 lines
08-19 21:04:35.250  4263  6059 I chatty  : uid=10029 com.google.android.gms.persistent expire 41 lines
08-19 21:04:35.372  4374  5513 I chatty  : uid=10029(com.google.android.gms) Binder:4374_A expire 1 line
08-19 21:04:35.422  4470  6004 E ActivityThread: Failed to find provider info for com.google.android.wearable.settings
08-19 21:04:35.587  5006  5006 E ConfigUpdater: Received malformed URL while handling Gservices.CHANGED_ACTION intent_firewall: null null
08-19 21:04:35.600  5006  5006 E ConfigUpdater: Received malformed URL while handling Gservices.CHANGED_ACTION apn_db: null null
08-19 21:04:35.602  4263  6064 I chatty  : uid=10029 com.google.android.gms.persistent expire 17 lines
08-19 21:04:35.603  5006  5006 E ConfigUpdater: Received malformed URL while handling Gservices.CHANGED_ACTION tzdata: null null
08-19 21:04:35.605  5006  5006 E ConfigUpdater: Received malformed URL while handling Gservices.CHANGED_ACTION selinux: null null
08-19 21:04:35.614  5006  5006 E ConfigUpdater: Received malformed URL while handling Gservices.CHANGED_ACTION carrier_provisioning_urls: null null
08-19 21:04:35.617  1914  3634 W ActivityManager: Unable to start service Intent { cmp=com.google.android.gms/.analytics.service.RefreshEnabledStateService } U=0: not found
08-19 21:04:35.689  4470  6071 I chatty  : uid=10029(com.google.android.gms) expire 2 lines
08-19 21:04:35.728  4470  6072 I chatty  : uid=10029(com.google.android.gms) expire 2 lines
08-19 21:04:35.852  4263  6065 I chatty  : uid=10029 com.google.android.gms.persistent expire 27 lines
08-19 21:04:35.903  4263  6016 I chatty  : uid=10029(com.google.android.gms) lowpool[8] expire 4 lines
08-19 21:04:36.095  4263  4703 I chatty  : uid=10029(com.google.android.gms) GeofencerStateM expire 1 line
08-19 21:04:36.111  4470  6081 I chatty  : uid=10029(com.google.android.gms) expire 7 lines
08-19 21:04:36.141  4263  6017 I chatty  : uid=10029(com.google.android.gms) lowpool[7] expire 7 lines
08-19 21:04:36.219  4263  4618 I chatty  : uid=10029 com.google.android.gms.persistent expire 10 lines
08-19 21:04:36.246  1648  4709 I NuPlayerDecoder: [video] saw output EOS
08-19 21:04:36.252  4470  6022 I chatty  : uid=10029(com.google.android.gms) expire 2 lines
08-19 21:04:36.263  4263  5116 I chatty  : uid=10029(com.google.android.gms) Binder:4263_5 expire 1 line
08-19 21:04:36.288  4470  6083 I chatty  : uid=10029(com.google.android.gms) expire 3 lines
08-19 21:04:36.290  4470  4470 I chatty  : uid=10029(com.google.android.gms) expire 2 lines
08-19 21:04:36.306  4470  6084 I chatty  : uid=10029(com.google.android.gms) expire 3 lines
08-19 21:04:36.323  1648  4697 D NuPlayerDriver: notifyListener_l(0xebe8c000), (2, 0, 0), loop setting(0, 0)
08-19 21:04:36.324  1648  1648 D NuPlayerDriver: seekTo(0xebe8c000) 4000 ms at state 6
08-19 21:04:36.324  1648  1648 D NuPlayerDriver: notifyListener_l(0xebe8c000), (7, 0, 0), loop setting(0, 0)
08-19 21:04:36.346  1648  4709 I NuPlayerDecoder: [OMX.qcom.video.decoder.avc] resubmitting CSD
08-19 21:04:36.346  1648  4709 I NuPlayerDecoder: [OMX.qcom.video.decoder.avc] resubmitting CSD
08-19 21:04:36.385  1648  4697 D NuPlayerDriver: notifyListener_l(0xebe8c000), (4, 0, 0), loop setting(0, 0)
08-19 21:04:36.388  1648  3511 D NuPlayerDriver: start(0xebe8c000), state is 6, eos is 0
08-19 21:04:36.396  1648  4697 D NuPlayerDriver: notifyListener_l(0xebe8c000), (200, 3, 0), loop setting(0, 0)
08-19 21:04:36.396  4393  5242 W MediaPlayer: info/warning (3, 0)
08-19 21:04:36.397  1648  4697 D NuPlayerDriver: notifyListener_l(0xebe8c000), (6, 0, 0), loop setting(0, 0)
08-19 21:04:36.609  4393  4393 I SetupWizard: Received checkin for account
08-19 21:04:36.611  4393  4393 D SetupWizard.WizardManager: peekNextActivity wizardBundle=Bundle[{action=WizardAction{mId=android.resource://com.google.android.setupwizard/xml/wizard_script_setup_as_new_flow#gms_account_checkin mUri=intent:#Intent;action=com.google.android.setupwizard.GMS_ACCOUNT_CHECKIN;end mBranches={1=mfm_check} default=start_vpa}, stack=[WizardAction{mId=android.resource://com.google.android.setupwizard/xml/wizard_script#setup_as_new_flow mUri=intent:#Intent;action=com.android.wizard.LOAD;S.loadScriptUri=android.resource%3A%2F%2Fcom.google.android.setupwizard%2Fxml%2Fwizard_script_setup_as_new_flow;end mBranches={} default=oem_post_setup}, WizardAction{mId=android.resource://com.google.android.setupwizard/xml/wizard_script_setup_as_new_flow#gms_account_checkin mUri=intent:#Intent;action=com.google.android.setupwizard.GMS_ACCOUNT_CHECKIN;end mBranches={1=mfm_check} default=start_vpa}]}] scriptUri=android.resource://com.google.android.setupwizard/xml/wizard_script_setup_as_new_flow actionId=android.resource://com.google.android.setupwizard/xml/wizard_script_setup_as_new_flow#gms_account_checkin
08-19 21:04:36.616  1914  4332 I ActivityManager: START u0 {act=com.android.wizard.NEXT cmp=com.google.android.setupwizard/.WizardManagerActivity (has extras)} from uid 10021 on display 0
08-19 21:04:36.651  4393  4393 I SetupWizard.WizardManager: onNext resultCode = -1, Stack = [suw/wizard_script_setup_as_new_flow#gms_account_checkin,suw/wizard_script#setup_as_new_flow]
08-19 21:04:36.657  1914  3565 I ActivityManager: START u0 {act=com.google.android.setupwizard.START_VPA flg=0x4000000 cmp=com.google.android.setupwizard/.account.StartVpa (has extras)} from uid 10021 on display 0
08-19 21:04:36.667  1914  3636 W ActivityManager: Duplicate finish request for ActivityRecord{975d71a u0 com.google.android.setupwizard/.WizardManagerActivity t3 f}
08-19 21:04:36.675  1914  4072 W InputMethodManagerService: Window already focused, ignoring focus gain of: com.android.internal.view.IInputMethodClient$Stub$Proxy@bbdd0be attribute=null, token = android.os.BinderProxy@6977f62
