08-19 21:04:36.682  4393  4393 D SetupWizard.WizardManager: peekNextActivity wizardBundle=Bundle[{action=WizardAction{mId=android.resource://com.google.android.setupwizard/xml/wizard_script_setup_as_new_flow#start_vpa mUri=intent:#Intent;action=com.google.android.setupwizard.START_VPA;end mBranches={} default=mfm_check}, stack=[WizardAction{mId=android.resource://com.google.android.setupwizard/xml/wizard_script#setup_as_new_flow mUri=intent:#Intent;action=com.android.wizard.LOAD;S.loadScriptUri=android.resource%3A%2F%2Fcom.google.android.setupwizard%2Fxml%2Fwizard_script_setup_as_new_flow;end mBranches={} default=oem_post_setup}, WizardAction{mId=android.resource://com.google.android.setupwizard/xml/wizard_script_setup_as_new_flow#start_vpa mUri=intent:#Intent;action=com.google.android.setupwizard.START_VPA;end mBranches={} default=mfm_check}]}] scriptUri=android.resource://com.google.android.setupwizard/xml/wizard_script_setup_as_new_flow actionId=android.resource://com.google.android.setupwizard/xml/wizard_script_setup_as_new_flow#start_vpa
08-19 21:04:36.684  1914  3634 I ActivityManager: START u0 {act=com.android.wizard.NEXT cmp=com.google.android.setupwizard/.WizardManagerActivity (has extras)} from uid 10021 on display 0
08-19 21:04:36.713  4393  4393 I SetupWizard.WizardManager: onNext resultCode = -1, Stack = [suw/wizard_script_setup_as_new_flow#start_vpa,suw/wizard_script#setup_as_new_flow]
08-19 21:04:36.729  1914  3565 I ActivityManager: START u0 {act=com.google.android.setupwizard.ACCOUNT_CHECK flg=0x4000000 cmp=com.google.android.setupwizard/.account.AccountCheck (has extras)} from uid 10021 on display 0
08-19 21:04:36.734  5456  5471 I Finsky  : [166] com.google.android.finsky.setup.g.d(66): Starting VPA
08-19 21:04:36.738  1914  4072 W ActivityManager: Duplicate finish request for ActivityRecord{65ff51f u0 com.google.android.setupwizard/.WizardManagerActivity t3 f}
08-19 21:04:36.740  5456  5456 I Finsky  : [1] com.google.android.finsky.setup.VpaService.onStartCommand(79): VpaService is called for playsetupservice://startvpa
08-19 21:04:36.754  1914  4072 W InputMethodManagerService: Window already focused, ignoring focus gain of: com.android.internal.view.IInputMethodClient$Stub$Proxy@9a26a5 attribute=null, token = android.os.BinderProxy@6977f62
08-19 21:04:36.756  5456  5456 I Finsky  : [1] com.google.android.finsky.setup.db.onPostExecute(4): No VPA stub found - stopping service
08-19 21:04:36.771  4393  4393 D SetupWizard.WizardManager: peekNextActivity wizardBundle=Bundle[{action=WizardAction{mId=android.resource://com.google.android.setupwizard/xml/wizard_script_setup_as_new_flow#mfm_check mUri=intent:#Intent;action=com.google.android.setupwizard.ACCOUNT_CHECK;end mBranches={1=no_account_flow} default=account_flow}, stack=[WizardAction{mId=android.resource://com.google.android.setupwizard/xml/wizard_script#setup_as_new_flow mUri=intent:#Intent;action=com.android.wizard.LOAD;S.loadScriptUri=android.resource%3A%2F%2Fcom.google.android.setupwizard%2Fxml%2Fwizard_script_setup_as_new_flow;end mBranches={} default=oem_post_setup}, WizardAction{mId=android.resource://com.google.android.setupwizard/xml/wizard_script_setup_as_new_flow#mfm_check mUri=intent:#Intent;action=com.google.android.setupwizard.ACCOUNT_CHECK;end mBranches={1=no_account_flow} default=account_flow}]}] scriptUri=android.resource://com.google.android.setupwizard/xml/wizard_script_setup_as_new_flow actionId=android.resource://com.google.android.setupwizard/xml/wizard_script_setup_as_new_flow#mfm_check
08-19 21:04:36.779  1914  2113 I ActivityManager: START u0 {act=com.android.wizard.NEXT cmp=com.google.android.setupwizard/.WizardManagerActivity (has extras)} from uid 10021 on display 0
08-19 21:04:36.819  4393  4393 I SetupWizard.WizardManager: onNext resultCode = -1, Stack = [suw/wizard_script_setup_as_new_flow#mfm_check,suw/wizard_script#setup_as_new_flow]
08-19 21:04:36.825  1914  4332 I ActivityManager: START u0 {act=com.android.wizard.LOAD flg=0x4000000 cmp=com.google.android.setupwizard/.WizardManagerActivity (has extras)} from uid 10021 on display 0
08-19 21:04:36.832  1914  2712 W ActivityManager: Duplicate finish request for ActivityRecord{cbf322b u0 com.google.android.setupwizard/.WizardManagerActivity t3 f}
08-19 21:04:36.894  4393  4393 I SetupWizard.WizardManager: onLoad scriptUri=android.resource://com.google.android.setupwizard/xml/wizard_script_new_device_account_flow, Stack = [suw/wizard_script_setup_as_new_flow#account_flow,suw/wizard_script#setup_as_new_flow]
08-19 21:04:36.911  1914  3634 I ActivityManager: START u0 {act=com.google.android.setupwizard.DATE_TIME_CHECK flg=0x4000000 cmp=com.google.android.setupwizard/.time.DateTimeCheck (has extras)} from uid 10021 on display 0
08-19 21:04:36.952  4393  4393 I SetupWizard.DateTimeCheckFragment: onActivityCreated isTimeSet=false isTimeZoneSet=true
08-19 21:04:37.029   687   687 W SurfaceFlinger: couldn't log to binary event log: overflow.
08-19 21:04:37.035  4393  4393 I art     : Starting a blocking GC Explicit
08-19 21:04:37.048  4393  4393 I art     : Explicit concurrent mark sweep GC freed 15072(1657KB) AllocSpace objects, 8(192KB) LOS objects, 40% free, 23MB/39MB, paused 127us total 13.228ms
08-19 21:04:37.050  4393  4393 I art     : Starting a blocking GC Explicit
08-19 21:04:37.063  4393  4393 I art     : Explicit concurrent mark sweep GC freed 1959(133KB) AllocSpace objects, 0(0B) LOS objects, 40% free, 23MB/39MB, paused 184us total 11.975ms
08-19 21:04:37.068  4393  4393 I art     : Starting a blocking GC Explicit
08-19 21:04:37.081  4393  4393 I art     : Explicit concurrent mark sweep GC freed 54(1992B) AllocSpace objects, 0(0B) LOS objects, 40% free, 23MB/39MB, paused 176us total 13.234ms
08-19 21:04:37.081  4393  4393 I art     : Starting a blocking GC Explicit
08-19 21:04:37.093  4393  4393 I art     : Explicit concurrent mark sweep GC freed 5(128B) AllocSpace objects, 0(0B) LOS objects, 40% free, 23MB/39MB, paused 167us total 11.400ms
08-19 21:04:37.144  4470  5243 I chatty  : uid=10029(com.google.android.gms) Binder:4470_6 expire 1 line
08-19 21:04:37.528  4393  4393 I art     : Starting a blocking GC Explicit
08-19 21:04:37.539  4393  4393 I art     : Explicit concurrent mark sweep GC freed 75(6KB) AllocSpace objects, 0(0B) LOS objects, 40% free, 23MB/39MB, paused 127us total 10.967ms
08-19 21:04:37.540  4393  4393 I art     : Starting a blocking GC Explicit
08-19 21:04:37.550  4393  4393 I art     : Explicit concurrent mark sweep GC freed 452(54KB) AllocSpace objects, 0(0B) LOS objects, 40% free, 23MB/39MB, paused 237us total 10.392ms
08-19 21:04:37.556  4393  4393 I art     : Starting a blocking GC Explicit
08-19 21:04:37.567  4393  4393 I art     : Explicit concurrent mark sweep GC freed 35(1376B) AllocSpace objects, 0(0B) LOS objects, 40% free, 23MB/39MB, paused 242us total 10.355ms
08-19 21:04:37.567  4393  4393 I art     : Starting a blocking GC Explicit
08-19 21:04:37.577  4393  4393 I art     : Explicit concurrent mark sweep GC freed 5(128B) AllocSpace objects, 0(0B) LOS objects, 40% free, 23MB/39MB, paused 135us total 9.659ms
08-19 21:04:37.584  4393  4393 I art     : Starting a blocking GC Explicit
08-19 21:04:37.594  4393  4393 I art     : Explicit concurrent mark sweep GC freed 83(6KB) AllocSpace objects, 0(0B) LOS objects, 40% free, 23MB/39MB, paused 154us total 9.832ms
08-19 21:04:37.594  4393  4393 I art     : Starting a blocking GC Explicit
08-19 21:04:37.605  4393  4393 I art     : Explicit concurrent mark sweep GC freed 15(1048B) AllocSpace objects, 0(0B) LOS objects, 40% free, 23MB/39MB, paused 126us total 10.655ms
08-19 21:04:37.626   687   687 W SurfaceFlinger: couldn't log to binary event log: overflow.
08-19 21:04:38.365  1648  4709 I NuPlayerDecoder: [video] saw output EOS
08-19 21:04:38.446  1648  4697 D NuPlayerDriver: notifyListener_l(0xebe8c000), (2, 0, 0), loop setting(0, 0)
08-19 21:04:38.446  1648  3766 D NuPlayerDriver: seekTo(0xebe8c000) 4000 ms at state 6
08-19 21:04:38.446  1648  3766 D NuPlayerDriver: notifyListener_l(0xebe8c000), (7, 0, 0), loop setting(0, 0)
08-19 21:04:38.451  1648  4709 I NuPlayerDecoder: [OMX.qcom.video.decoder.avc] resubmitting CSD
08-19 21:04:38.451  1648  4709 I NuPlayerDecoder: [OMX.qcom.video.decoder.avc] resubmitting CSD
08-19 21:04:38.453  4393  4393 I SetupWizard.DateTimeCheckFragment: mSendResultRunnable
08-19 21:04:38.454  4393  4393 D SetupWizard.WizardManager: peekNextActivity wizardBundle=Bundle[{action=WizardAction{mId=android.resource://com.google.android.setupwizard/xml/wizard_script_new_device_account_flow#date_time_check mUri=intent:#Intent;action=com.google.android.setupwizard.DATE_TIME_CHECK;end mBranches={1=user_name_check} default=date_time}, stack=[WizardAction{mId=android.resource://com.google.android.setupwizard/xml/wizard_script#setup_as_new_flow mUri=intent:#Intent;action=com.android.wizard.LOAD;S.loadScriptUri=android.resource%3A%2F%2Fcom.google.android.setupwizard%2Fxml%2Fwizard_script_setup_as_new_flow;end mBranches={} default=oem_post_setup}, WizardAction{mId=android.resource://com.google.android.setupwizard/xml/wizard_script_setup_as_new_flow#account_flow mUri=intent:#Intent;action=com.android.wizard.LOAD;S.loadScriptUri=android.resource%3A%2F%2Fcom.google.android.setupwizard%2Fxml%2Fwizard_script_new_device_account_flow;end mBranches={} default=null}, WizardAction{mId=android.resource://com.google.android.setupwizard/xml/wizard_script_new_device_account_flow#date_time_check mUri=intent:#Intent;action=com.google.android.setupwizard.DATE_TIME_CHECK;end mBranches={1=user_name_check} default=date_time}]}] scriptUri=android.resource://com.google.android.setupwizard/xml/wizard_script_new_device_account_flow actionId=android.resource://com.google.android.setupwizard/xml/wizard_script_new_device_account_flow#date_time_check
08-19 21:04:38.456  1914  4071 I ActivityManager: START u0 {act=com.android.wizard.NEXT cmp=com.google.android.setupwizard/.WizardManagerActivity (has extras)} from uid 10021 on display 0
08-19 21:04:38.487  4393  4393 I SetupWizard.WizardManager: onNext resultCode = -1, Stack = [suw/wizard_script_new_device_account_flow#date_time_check,suw/wizard_script_setup_as_new_flow#account_flow,suw/wizard_script#setup_as_new_flow]
08-19 21:04:38.493  1914  4332 I ActivityManager: START u0 {act=com.android.setupwizard.DATE_TIME flg=0x4000000 cmp=com.google.android.setupwizard/.time.DateTimeActivity (has extras)} from uid 10021 on display 0
08-19 21:04:38.493  1648  4697 D NuPlayerDriver: notifyListener_l(0xebe8c000), (4, 0, 0), loop setting(0, 0)
08-19 21:04:38.520  1648  5556 D NuPlayerDriver: start(0xebe8c000), state is 6, eos is 0
08-19 21:04:38.522  1648  4697 D NuPlayerDriver: notifyListener_l(0xebe8c000), (200, 3, 0), loop setting(0, 0)
08-19 21:04:38.522  1648  4697 D NuPlayerDriver: notifyListener_l(0xebe8c000), (6, 0, 0), loop setting(0, 0)
08-19 21:04:38.522  4393  5241 W MediaPlayer: info/warning (3, 0)
08-19 21:04:38.618  4393  4393 I System  : Loaded time zone names for "en_GB" in 11ms (11ms in ICU)
08-19 21:04:39.170  4393  4393 I art     : Starting a blocking GC Explicit
08-19 21:04:39.183  4393  4393 I art     : Explicit concurrent mark sweep GC freed 14821(1131KB) AllocSpace objects, 3(1180KB) LOS objects, 39% free, 23MB/39MB, paused 134us total 12.912ms
08-19 21:04:39.184  4393  4393 I art     : Starting a blocking GC Explicit
08-19 21:04:39.195  4393  4393 I art     : Explicit concurrent mark sweep GC freed 2137(180KB) AllocSpace objects, 0(0B) LOS objects, 40% free, 23MB/39MB, paused 205us total 11.228ms
08-19 21:04:39.201  4393  4393 I art     : Starting a blocking GC Explicit
08-19 21:04:39.212  4393  4393 I art     : Explicit concurrent mark sweep GC freed 103(3KB) AllocSpace objects, 0(0B) LOS objects, 40% free, 23MB/39MB, paused 138us total 10.927ms
08-19 21:04:39.212  4393  4393 I art     : Starting a blocking GC Explicit
08-19 21:04:39.222  4393  4393 I art     : Explicit concurrent mark sweep GC freed 5(128B) AllocSpace objects, 0(0B) LOS objects, 40% free, 23MB/39MB, paused 128us total 9.753ms
08-19 21:04:40.503  1648  4709 I NuPlayerDecoder: [video] saw output EOS
08-19 21:04:40.585  1648  4697 D NuPlayerDriver: notifyListener_l(0xebe8c000), (2, 0, 0), loop setting(0, 0)
08-19 21:04:40.585  1648  1660 D NuPlayerDriver: seekTo(0xebe8c000) 4000 ms at state 6
08-19 21:04:40.585  1648  1660 D NuPlayerDriver: notifyListener_l(0xebe8c000), (7, 0, 0), loop setting(0, 0)
08-19 21:04:40.590  1648  4709 I NuPlayerDecoder: [OMX.qcom.video.decoder.avc] resubmitting CSD
08-19 21:04:40.590  1648  4709 I NuPlayerDecoder: [OMX.qcom.video.decoder.avc] resubmitting CSD
08-19 21:04:40.628  1648  4697 D NuPlayerDriver: notifyListener_l(0xebe8c000), (4, 0, 0), loop setting(0, 0)
08-19 21:04:40.629  1648  1648 D NuPlayerDriver: start(0xebe8c000), state is 6, eos is 0
08-19 21:04:40.634  1648  4697 D NuPlayerDriver: notifyListener_l(0xebe8c000), (200, 3, 0), loop setting(0, 0)
08-19 21:04:40.634  1648  4697 D NuPlayerDriver: notifyListener_l(0xebe8c000), (6, 0, 0), loop setting(0, 0)
08-19 21:04:40.634  4393  5240 W MediaPlayer: info/warning (3, 0)
08-19 21:04:40.811  1652  1652 I chatty  : uid=1041(audioserver) /system/bin/audioserver expire 10 lines
08-19 21:04:40.811  1652  3399 I chatty  : uid=1041(audioserver) Binder:1652_2 expire 10 lines
08-19 21:04:40.812  1914  4072 I ActivityManager: START u0 {act=com.android.wizard.NEXT cmp=com.google.android.setupwizard/.WizardManagerActivity (has extras)} from uid 10021 on display 0
08-19 21:04:40.812  1652  1683 I chatty  : uid=1041(audioserver) AudioOut_D expire 30 lines
08-19 21:04:40.830  4393  4393 I SetupWizard.WizardManager: onNext resultCode = -1, Stack = [suw/wizard_script_new_device_account_flow#date_time,suw/wizard_script_setup_as_new_flow#account_flow,suw/wizard_script#setup_as_new_flow]
08-19 21:04:40.833  1914  2113 I ActivityManager: START u0 {act=com.google.android.setupwizard.NAME_CHECK flg=0x4000000 cmp=com.google.android.setupwizard/.user.NameCheck (has extras)} from uid 10021 on display 0
08-19 21:04:40.856  1914  3636 I ActivityManager: START u0 {act=com.android.wizard.NEXT cmp=com.google.android.setupwizard/.WizardManagerActivity (has extras)} from uid 10021 on display 0
08-19 21:04:40.870  4393  4393 I SetupWizard.WizardManager: onNext resultCode = 1, Stack = [suw/wizard_script_new_device_account_flow#user_name_check,suw/wizard_script_setup_as_new_flow#account_flow,suw/wizard_script#setup_as_new_flow]
08-19 21:04:40.878  1914  5548 I ActivityManager: START u0 {act=com.google.android.setupwizard.LOCK_SCREEN flg=0x4000000 cmp=com.google.android.setupwizard/.user.LockScreenWrapper (has extras)} from uid 10021 on display 0
08-19 21:04:40.884  3413  3431 D BluetoothPbapService: **************onChange on contact uri ************
08-19 21:04:40.909  1914  5547 I ActivityManager: START u0 {act=android.settings.FINGERPRINT_SETUP pkg=com.android.settings cmp=com.android.settings/.fingerprint.SetupFingerprintEnrollIntroduction (has extras)} from uid 10021 on display 0
08-19 21:04:40.928  3413  3687 D BluetoothPbapService: **************onChange on contact uri ************
08-19 21:04:41.097  4393  4552 D OpenGLRenderer: endAllActiveAnimators on 0x7f6a214400 (InsetDrawable) with handle 0x7f6a2bd300
08-19 21:04:41.426  4393  4393 I art     : Starting a blocking GC Explicit
08-19 21:04:41.438  4393  4393 I art     : Explicit concurrent mark sweep GC freed 5321(587KB) AllocSpace objects, 3(1180KB) LOS objects, 25% free, 22MB/30MB, paused 135us total 12.508ms
08-19 21:04:41.440  4393  4393 I art     : Starting a blocking GC Explicit
08-19 21:04:41.451  4393  4393 I art     : Explicit concurrent mark sweep GC freed 1773(136KB) AllocSpace objects, 0(0B) LOS objects, 25% free, 22MB/30MB, paused 143us total 11.518ms
08-19 21:04:41.457  4393  4393 I art     : Starting a blocking GC Explicit
08-19 21:04:41.468  4393  4393 I art     : Explicit concurrent mark sweep GC freed 67(2488B) AllocSpace objects, 0(0B) LOS objects, 25% free, 22MB/30MB, paused 135us total 11.122ms
08-19 21:04:41.468  4393  4393 I art     : Starting a blocking GC Explicit
08-19 21:04:41.478  4393  4393 I art     : Explicit concurrent mark sweep GC freed 5(128B) AllocSpace objects, 0(0B) LOS objects, 25% free, 22MB/30MB, paused 168us total 9.774ms
08-19 21:04:41.485  4393  4393 I art     : Starting a blocking GC Explicit
08-19 21:04:41.495  4393  4393 I art     : Explicit concurrent mark sweep GC freed 66(5KB) AllocSpace objects, 0(0B) LOS objects, 24% free, 22MB/30MB, paused 137us total 9.933ms
08-19 21:04:41.495  4393  4393 I art     : Starting a blocking GC Explicit
08-19 21:04:41.506  4393  4393 I art     : Explicit concurrent mark sweep GC freed 15(1032B) AllocSpace objects, 0(0B) LOS objects, 25% free, 22MB/30MB, paused 141us total 10.938ms
08-19 21:04:42.611  1648  4709 I NuPlayerDecoder: [video] saw output EOS
08-19 21:04:42.691  1648  4697 D NuPlayerDriver: notifyListener_l(0xebe8c000), (2, 0, 0), loop setting(0, 0)
08-19 21:04:42.692  1648  1648 D NuPlayerDriver: seekTo(0xebe8c000) 4000 ms at state 6
08-19 21:04:42.692  1648  1648 D NuPlayerDriver: notifyListener_l(0xebe8c000), (7, 0, 0), loop setting(0, 0)
08-19 21:04:42.697  1648  4709 I NuPlayerDecoder: [OMX.qcom.video.decoder.avc] resubmitting CSD
08-19 21:04:42.697  1648  4709 I NuPlayerDecoder: [OMX.qcom.video.decoder.avc] resubmitting CSD
08-19 21:04:42.732  1648  4697 D NuPlayerDriver: notifyListener_l(0xebe8c000), (4, 0, 0), loop setting(0, 0)
08-19 21:04:42.733  1648  1660 D NuPlayerDriver: start(0xebe8c000), state is 6, eos is 0
08-19 21:04:42.746  1648  4697 D NuPlayerDriver: notifyListener_l(0xebe8c000), (200, 3, 0), loop setting(0, 0)
08-19 21:04:42.746  1648  4697 D NuPlayerDriver: notifyListener_l(0xebe8c000), (6, 0, 0), loop setting(0, 0)
08-19 21:04:42.746  4393  5242 W MediaPlayer: info/warning (3, 0)
08-19 21:04:43.083  1914  2699 I chatty  : uid=1000(system) InputReader expire 7 lines
08-19 21:04:43.084  1914  2114 I chatty  : uid=1000(system) android.bg expire 12 lines
08-19 21:04:43.085  3584  3584 D CarrierSvcBindHelper: No carrier app for: 0
08-19 21:04:43.088  3584  3584 D CarrierSvcBindHelper: No carrier app for: 0
08-19 21:04:43.089  4301  4301 D RegisteredNfcFServicesCache: Service unchanged, not updating
08-19 21:04:43.097  4301  4306 I art     : Do partial code cache collection, code=24KB, data=30KB
08-19 21:04:43.097  4301  4306 I art     : After code cache collection, code=24KB, data=30KB
08-19 21:04:43.097  4301  4306 I art     : Increasing code cache capacity to 128KB
08-19 21:04:43.098  4301  4301 D RegisteredNfcFServicesCache: Service unchanged, not updating
08-19 21:04:43.631  1652  1803 I chatty  : uid=1041(audioserver) Binder:1652_1 expire 10 lines
08-19 21:04:43.635  1914  4072 I ActivityManager: START u0 {cmp=com.android.settings/.SetupChooseLockGeneric (has extras)} from uid 1000 on display 0
08-19 21:04:43.692  1914  5547 E UserRestrictionsUtils: Unknown restriction: null
08-19 21:04:43.692  1914  2112 E UserRestrictionsUtils: Unknown restriction: null
08-19 21:04:43.693  1914  5548 E UserRestrictionsUtils: Unknown restriction: null
08-19 21:04:43.693  1914  3565 E UserRestrictionsUtils: Unknown restriction: null
08-19 21:04:43.693  1914  3634 E UserRestrictionsUtils: Unknown restriction: null
08-19 21:04:43.693  1914  2113 E UserRestrictionsUtils: Unknown restriction: null
08-19 21:04:43.693  1914  4070 E UserRestrictionsUtils: Unknown restriction: null
08-19 21:04:43.727  3642  6122 I chatty  : uid=1000(system) com.android.settings expire 4 lines
08-19 21:04:43.741  3642  6124 I chatty  : uid=1000(system) com.android.settings expire 1 line
08-19 21:04:44.161   687   687 W SurfaceFlinger: couldn't log to binary event log: overflow.
08-19 21:04:44.718  1648  4709 I NuPlayerDecoder: [video] saw output EOS
08-19 21:04:44.798  1648  4697 D NuPlayerDriver: notifyListener_l(0xebe8c000), (2, 0, 0), loop setting(0, 0)
08-19 21:04:44.798  1648  3511 D NuPlayerDriver: seekTo(0xebe8c000) 4000 ms at state 6
08-19 21:04:44.799  1648  3511 D NuPlayerDriver: notifyListener_l(0xebe8c000), (7, 0, 0), loop setting(0, 0)
08-19 21:04:44.804  1648  4709 I NuPlayerDecoder: [OMX.qcom.video.decoder.avc] resubmitting CSD
08-19 21:04:44.804  1648  4709 I NuPlayerDecoder: [OMX.qcom.video.decoder.avc] resubmitting CSD
08-19 21:04:44.841  1648  4697 D NuPlayerDriver: notifyListener_l(0xebe8c000), (4, 0, 0), loop setting(0, 0)
08-19 21:04:44.846  1648  1648 D NuPlayerDriver: start(0xebe8c000), state is 6, eos is 0
08-19 21:04:44.851  1648  4697 D NuPlayerDriver: notifyListener_l(0xebe8c000), (200, 3, 0), loop setting(0, 0)
08-19 21:04:44.851  1648  4697 D NuPlayerDriver: notifyListener_l(0xebe8c000), (6, 0, 0), loop setting(0, 0)
08-19 21:04:44.851  4393  5241 W MediaPlayer: info/warning (3, 0)
08-19 21:04:45.900  1914  2112 I ActivityManager: START u0 {cmp=com.android.settings/.SetupChooseLockPattern (has extras)} from uid 1000 on display 0
08-19 21:04:45.929  3642  6121 I chatty  : uid=1000(system) com.android.settings expire 2 lines
08-19 21:04:46.823  1648  4709 I NuPlayerDecoder: [video] saw output EOS
08-19 21:04:46.905  1648  4697 D NuPlayerDriver: notifyListener_l(0xebe8c000), (2, 0, 0), loop setting(0, 0)
08-19 21:04:46.905  1648  5556 D NuPlayerDriver: seekTo(0xebe8c000) 4000 ms at state 6
08-19 21:04:46.905  1648  5556 D NuPlayerDriver: notifyListener_l(0xebe8c000), (7, 0, 0), loop setting(0, 0)
08-19 21:04:46.909  1648  4709 I NuPlayerDecoder: [OMX.qcom.video.decoder.avc] resubmitting CSD
08-19 21:04:46.910  1648  4709 I NuPlayerDecoder: [OMX.qcom.video.decoder.avc] resubmitting CSD
08-19 21:04:46.949  1648  4697 D NuPlayerDriver: notifyListener_l(0xebe8c000), (4, 0, 0), loop setting(0, 0)
08-19 21:04:46.950  1648  5556 D NuPlayerDriver: start(0xebe8c000), state is 6, eos is 0
08-19 21:04:46.952  1648  4697 D NuPlayerDriver: notifyListener_l(0xebe8c000), (200, 3, 0), loop setting(0, 0)
08-19 21:04:46.952  1648  4697 D NuPlayerDriver: notifyListener_l(0xebe8c000), (6, 0, 0), loop setting(0, 0)
08-19 21:04:46.952  4393  4406 W MediaPlayer: info/warning (3, 0)
08-19 21:04:48.839  5456  5456 I Finsky  : [1] com.google.android.finsky.h.c.a(22): Completed 1 account content syncs with 1 successful.
08-19 21:04:48.840  5456  5456 I Finsky  : [1] com.google.android.finsky.services.e.a(5): Installation state replication succeeded.
08-19 21:04:48.931  1648  4709 I NuPlayerDecoder: [video] saw output EOS
08-19 21:04:49.011  1648  4697 D NuPlayerDriver: notifyListener_l(0xebe8c000), (2, 0, 0), loop setting(0, 0)
08-19 21:04:49.011  1648  1648 D NuPlayerDriver: seekTo(0xebe8c000) 4000 ms at state 6
08-19 21:04:49.011  1648  1648 D NuPlayerDriver: notifyListener_l(0xebe8c000), (7, 0, 0), loop setting(0, 0)
08-19 21:04:49.016  1648  4709 I NuPlayerDecoder: [OMX.qcom.video.decoder.avc] resubmitting CSD
08-19 21:04:49.016  1648  4709 I NuPlayerDecoder: [OMX.qcom.video.decoder.avc] resubmitting CSD
08-19 21:04:49.054  1648  4697 D NuPlayerDriver: notifyListener_l(0xebe8c000), (4, 0, 0), loop setting(0, 0)
08-19 21:04:49.056  1648  3766 D NuPlayerDriver: start(0xebe8c000), state is 6, eos is 0
08-19 21:04:49.058  1648  4697 D NuPlayerDriver: notifyListener_l(0xebe8c000), (200, 3, 0), loop setting(0, 0)
08-19 21:04:49.058  1648  4697 D NuPlayerDriver: notifyListener_l(0xebe8c000), (6, 0, 0), loop setting(0, 0)
08-19 21:04:49.059  4393  4746 W MediaPlayer: info/warning (3, 0)
08-19 21:04:51.037  1648  4709 I NuPlayerDecoder: [video] saw output EOS
08-19 21:04:51.117  1648  4697 D NuPlayerDriver: notifyListener_l(0xebe8c000), (2, 0, 0), loop setting(0, 0)
08-19 21:04:51.117  1648  1660 D NuPlayerDriver: seekTo(0xebe8c000) 4000 ms at state 6
08-19 21:04:51.117  1648  1660 D NuPlayerDriver: notifyListener_l(0xebe8c000), (7, 0, 0), loop setting(0, 0)
08-19 21:04:51.124  1648  4709 I NuPlayerDecoder: [OMX.qcom.video.decoder.avc] resubmitting CSD
08-19 21:04:51.125  1648  4709 I NuPlayerDecoder: [OMX.qcom.video.decoder.avc] resubmitting CSD
08-19 21:04:51.162  1648  4697 D NuPlayerDriver: notifyListener_l(0xebe8c000), (4, 0, 0), loop setting(0, 0)
08-19 21:04:51.164  1648  1660 D NuPlayerDriver: start(0xebe8c000), state is 6, eos is 0
08-19 21:04:51.172  1648  4697 D NuPlayerDriver: notifyListener_l(0xebe8c000), (200, 3, 0), loop setting(0, 0)
08-19 21:04:51.172  1648  4697 D NuPlayerDriver: notifyListener_l(0xebe8c000), (6, 0, 0), loop setting(0, 0)
08-19 21:04:51.172  4393  5240 W MediaPlayer: info/warning (3, 0)
08-19 21:04:51.664  1652  1683 I chatty  : uid=1041(audioserver) AudioOut_D expire 46 lines
08-19 21:04:52.181   758   758 D PermissionCache: checking android.permission.ACCESS_KEYGUARD_SECURE_STORAGE for uid=1000 => granted (773 us)
08-19 21:04:52.220   717   717 I         : calling unlock when already unlocked, ignoring.
08-19 21:04:52.220  1914  3634 I LockSettingsService: Unlocking user 0 with token length 69
08-19 21:04:52.221  1914  3634 I chatty  : uid=1000(system) Binder:1914_5 expire 1 line
08-19 21:04:52.221  1914  3634 W ActivityManager: Expected user 0 in state RUNNING_LOCKED but was in state RUNNING_UNLOCKED
08-19 21:04:52.222  1914  3634 D CryptdConnector: SND -> {5 cryptfs add_user_key_auth 0 0 [scrubbed] [scrubbed]}
08-19 21:04:52.222   659   666 D vold    : e4crypt_add_user_key_auth 0 serial=0 token_present=1
08-19 21:04:52.222  1914  2702 D CryptdConnector: RCV <- {200 5 Command succeeded}
08-19 21:04:52.223  1914  3634 D CryptdConnector: SND -> {6 cryptfs fixate_newest_user_key_auth 0}
08-19 21:04:52.223   659   666 D vold    : e4crypt_fixate_newest_user_key_auth 0
08-19 21:04:52.224  1914  2702 D CryptdConnector: RCV <- {200 6 Command succeeded}
08-19 21:04:52.252   717   717 I         : calling unlock when already unlocked, ignoring.
08-19 21:04:52.252  1914  4071 I LockSettingsService: Unlocking user 0 with token length 69
08-19 21:04:52.253  1914  4071 I chatty  : uid=1000(system) Binder:1914_9 expire 1 line
08-19 21:04:52.253  1914  4071 W ActivityManager: Expected user 0 in state RUNNING_LOCKED but was in state RUNNING_UNLOCKED
08-19 21:04:52.258  1914  4359 D CryptdConnector: SND -> {7 cryptfs setfield PatternVisible 1}
08-19 21:04:52.259  1914  2702 D CryptdConnector: RCV <- {200 7 0}
08-19 21:04:52.290  1914  4332 I ActivityManager: START u0 {cmp=com.android.settings/.fingerprint.SetupFingerprintEnrollFindSensor (has extras)} from uid 1000 on display 0
08-19 21:04:52.352  4263  4263 I chatty  : uid=10029 com.google.android.gms.persistent expire 22 lines
08-19 21:04:52.353  1914  1914 V FingerprintService: starting client EnrollClient(com.android.settings), initiatedByClient = true)
08-19 21:04:52.354   757   757 V fingerprintd: enroll(gid=0, timeout=60)
08-19 21:04:52.392  1914  2122 I chatty  : uid=1000(system) android.display expire 12 lines
08-19 21:04:52.461   757  3404 D fingerprintd: onAcquired(9001)
08-19 21:04:52.482  4263  4268 I chatty  : uid=10029(com.google.android.gms) Jit thread pool expire 3 lines
08-19 21:04:52.485  4470  4860 I chatty  : uid=10029(com.google.android.gms) lowpool[4] expire 1 line
08-19 21:04:52.507  4470  4858 I chatty  : uid=10029(com.google.android.gms) expire 2 lines
08-19 21:04:52.763  5456  5470 I Finsky  : [165] com.google.android.finsky.contentfilter.impl.q.a(8): Received content filters request from sharedUserId=com.google.uid.shared:10029
08-19 21:04:53.118  4263  4719 I chatty  : uid=10029(com.google.android.gms) lowpool[1] expire 6 lines
08-19 21:04:53.143  1648  4709 I NuPlayerDecoder: [video] saw output EOS
08-19 21:04:53.224  1648  4697 D NuPlayerDriver: notifyListener_l(0xebe8c000), (2, 0, 0), loop setting(0, 0)
08-19 21:04:53.224  1648  3510 D NuPlayerDriver: seekTo(0xebe8c000) 4000 ms at state 6
08-19 21:04:53.224  1648  3510 D NuPlayerDriver: notifyListener_l(0xebe8c000), (7, 0, 0), loop setting(0, 0)
08-19 21:04:53.238  1648  4709 I NuPlayerDecoder: [OMX.qcom.video.decoder.avc] resubmitting CSD
08-19 21:04:53.238  1648  4709 I NuPlayerDecoder: [OMX.qcom.video.decoder.avc] resubmitting CSD
08-19 21:04:53.275  1648  4697 D NuPlayerDriver: notifyListener_l(0xebe8c000), (4, 0, 0), loop setting(0, 0)
08-19 21:04:53.277  1648  3766 D NuPlayerDriver: start(0xebe8c000), state is 6, eos is 0
08-19 21:04:53.288  1648  4697 D NuPlayerDriver: notifyListener_l(0xebe8c000), (200, 3, 0), loop setting(0, 0)
08-19 21:04:53.288  1648  4697 D NuPlayerDriver: notifyListener_l(0xebe8c000), (6, 0, 0), loop setting(0, 0)
08-19 21:04:53.288  4393  5241 W MediaPlayer: info/warning (3, 0)
08-19 21:04:53.388  4263  4584 I chatty  : uid=10029(com.google.android.gms) FlpThread expire 4 lines
08-19 21:04:53.396  4263  6152 I chatty  : uid=10029 com.google.android.gms.persistent expire 1 line
08-19 21:04:53.732   757   757 V fingerprintd: stopEnrollment()
08-19 21:04:53.732   757  3404 E fpc_tac : sensor_command, Failed to send command: 4 to TA, status code: -7
08-19 21:04:53.732   757  3404 E fpc_fingerprint_hal: do_enroll(501) capture_image status:-7
08-19 21:04:53.732   757  3404 E fpc_fingerprint_hal: do_enroll failed FPC_ERROR_CANCELLED
08-19 21:04:53.732   757   757 D fingerprintd: onError(5)
08-19 21:04:53.732  1914  1914 V FingerprintService: Done with client: com.android.settings
08-19 21:04:53.732  1914  1914 V FingerprintService: handleError(client=com.android.settings, error = 5)
08-19 21:04:53.734  1914  3634 I ActivityManager: START u0 {cmp=com.android.settings/.fingerprint.SetupFingerprintEnrollEnrolling (has extras)} from uid 1000 on display 0
08-19 21:04:53.766  1914  1914 V FingerprintService: starting client EnrollClient(com.android.settings), initiatedByClient = true)
08-19 21:04:53.766   757   757 V fingerprintd: enroll(gid=0, timeout=60)
08-19 21:04:53.826  3584  3584 D CarrierSvcBindHelper: No carrier app for: 0
08-19 21:04:53.835  4301  4301 D RegisteredNfcFServicesCache: Service unchanged, not updating
08-19 21:04:53.842  3584  3584 D CarrierSvcBindHelper: No carrier app for: 0
08-19 21:04:53.856  4301  4301 D RegisteredNfcFServicesCache: Service unchanged, not updating
08-19 21:04:53.882   757  3404 D fingerprintd: onAcquired(9001)
08-19 21:04:54.195   687   687 W SurfaceFlinger: couldn't log to binary event log: overflow.
08-19 21:04:55.267  1648  4709 I NuPlayerDecoder: [video] saw output EOS
08-19 21:04:55.299   757  3404 D fingerprintd: onAcquired(0)
08-19 21:04:55.299   757  3404 D fingerprintd: onEnrollResult(fid=0, gid=0, rem=15)
08-19 21:04:55.346  1648  4697 D NuPlayerDriver: notifyListener_l(0xebe8c000), (2, 0, 0), loop setting(0, 0)
08-19 21:04:55.346  1648  3766 D NuPlayerDriver: seekTo(0xebe8c000) 4000 ms at state 6
08-19 21:04:55.346  1648  3766 D NuPlayerDriver: notifyListener_l(0xebe8c000), (7, 0, 0), loop setting(0, 0)
08-19 21:04:55.351  1648  4709 I NuPlayerDecoder: [OMX.qcom.video.decoder.avc] resubmitting CSD
08-19 21:04:55.351  1648  4709 I NuPlayerDecoder: [OMX.qcom.video.decoder.avc] resubmitting CSD
08-19 21:04:55.390  1648  4697 D NuPlayerDriver: notifyListener_l(0xebe8c000), (4, 0, 0), loop setting(0, 0)
08-19 21:04:55.393  1648  1660 D NuPlayerDriver: start(0xebe8c000), state is 6, eos is 0
08-19 21:04:55.394  1648  4697 D NuPlayerDriver: notifyListener_l(0xebe8c000), (200, 3, 0), loop setting(0, 0)
08-19 21:04:55.394  1648  4697 D NuPlayerDriver: notifyListener_l(0xebe8c000), (6, 0, 0), loop setting(0, 0)
08-19 21:04:55.395  4393  4746 W MediaPlayer: info/warning (3, 0)
08-19 21:04:55.845   757  3404 D fingerprintd: onAcquired(9001)
08-19 21:04:56.180   757  3404 D fingerprintd: onAcquired(0)
08-19 21:04:56.180   757  3404 D fingerprintd: onEnrollResult(fid=0, gid=0, rem=14)
08-19 21:04:56.675   757  3404 D fingerprintd: onAcquired(9001)
08-19 21:04:57.029   757  3404 D fingerprintd: onAcquired(0)
08-19 21:04:57.029   757  3404 D fingerprintd: onEnrollResult(fid=0, gid=0, rem=13)
08-19 21:04:57.370  1648  4709 I NuPlayerDecoder: [video] saw output EOS
08-19 21:04:57.452  1648  4697 D NuPlayerDriver: notifyListener_l(0xebe8c000), (2, 0, 0), loop setting(0, 0)
08-19 21:04:57.452  1648  1660 D NuPlayerDriver: seekTo(0xebe8c000) 4000 ms at state 6
08-19 21:04:57.452  1648  1660 D NuPlayerDriver: notifyListener_l(0xebe8c000), (7, 0, 0), loop setting(0, 0)
08-19 21:04:57.457  1648  4709 I NuPlayerDecoder: [OMX.qcom.video.decoder.avc] resubmitting CSD
08-19 21:04:57.457  1648  4709 I NuPlayerDecoder: [OMX.qcom.video.decoder.avc] resubmitting CSD
08-19 21:04:57.496  1648  4697 D NuPlayerDriver: notifyListener_l(0xebe8c000), (4, 0, 0), loop setting(0, 0)
08-19 21:04:57.499  1648  3511 D NuPlayerDriver: start(0xebe8c000), state is 6, eos is 0
08-19 21:04:57.507  1648  4697 D NuPlayerDriver: notifyListener_l(0xebe8c000), (200, 3, 0), loop setting(0, 0)
08-19 21:04:57.507  1648  4697 D NuPlayerDriver: notifyListener_l(0xebe8c000), (6, 0, 0), loop setting(0, 0)
08-19 21:04:57.507  4393  5240 W MediaPlayer: info/warning (3, 0)
08-19 21:04:57.529   757  3404 D fingerprintd: onAcquired(9001)
08-19 21:04:57.939   757  3404 D fingerprintd: onAcquired(0)
08-19 21:04:57.939   757  3404 D fingerprintd: onEnrollResult(fid=0, gid=0, rem=12)
08-19 21:04:58.545   757  3404 D fingerprintd: onAcquired(9001)
08-19 21:04:58.906   757  3404 D fingerprintd: onAcquired(0)
08-19 21:04:58.906   757  3404 D fingerprintd: onEnrollResult(fid=0, gid=0, rem=11)
08-19 21:04:59.433   757  3404 D fingerprintd: onAcquired(9001)
08-19 21:04:59.477  1648  4709 I NuPlayerDecoder: [video] saw output EOS
08-19 21:04:59.558  1648  4697 D NuPlayerDriver: notifyListener_l(0xebe8c000), (2, 0, 0), loop setting(0, 0)
08-19 21:04:59.559  1648  1660 D NuPlayerDriver: seekTo(0xebe8c000) 4000 ms at state 6
08-19 21:04:59.559  1648  1660 D NuPlayerDriver: notifyListener_l(0xebe8c000), (7, 0, 0), loop setting(0, 0)
08-19 21:04:59.565  1648  4709 I NuPlayerDecoder: [OMX.qcom.video.decoder.avc] resubmitting CSD
08-19 21:04:59.565  1648  4709 I NuPlayerDecoder: [OMX.qcom.video.decoder.avc] resubmitting CSD
08-19 21:04:59.609  1648  4697 D NuPlayerDriver: notifyListener_l(0xebe8c000), (4, 0, 0), loop setting(0, 0)
08-19 21:04:59.611  1648  1648 D NuPlayerDriver: start(0xebe8c000), state is 6, eos is 0
08-19 21:04:59.612  1648  4697 D NuPlayerDriver: notifyListener_l(0xebe8c000), (200, 3, 0), loop setting(0, 0)
08-19 21:04:59.612  1648  4697 D NuPlayerDriver: notifyListener_l(0xebe8c000), (6, 0, 0), loop setting(0, 0)
08-19 21:04:59.613  4393  4405 W MediaPlayer: info/warning (3, 0)
08-19 21:04:59.683   757  3404 D fingerprintd: onAcquired(0)
08-19 21:04:59.683   757  3404 D fingerprintd: onEnrollResult(fid=0, gid=0, rem=10)
08-19 21:05:00.345   757  3404 D fingerprintd: onAcquired(9001)
08-19 21:05:00.680   757  3404 D fingerprintd: onAcquired(0)
08-19 21:05:00.680   757  3404 D fingerprintd: onEnrollResult(fid=0, gid=0, rem=9)
08-19 21:05:01.245   757  3404 D fingerprintd: onAcquired(9001)
08-19 21:05:01.541   757  3404 D fingerprintd: onAcquired(0)
08-19 21:05:01.541   757  3404 D fingerprintd: onEnrollResult(fid=0, gid=0, rem=8)
08-19 21:05:01.584  1648  4709 I NuPlayerDecoder: [video] saw output EOS
08-19 21:05:01.664  1648  4697 D NuPlayerDriver: notifyListener_l(0xebe8c000), (2, 0, 0), loop setting(0, 0)
08-19 21:05:01.665  1648  1648 D NuPlayerDriver: seekTo(0xebe8c000) 4000 ms at state 6
08-19 21:05:01.665  1648  1648 D NuPlayerDriver: notifyListener_l(0xebe8c000), (7, 0, 0), loop setting(0, 0)
08-19 21:05:01.670  1648  4709 I NuPlayerDecoder: [OMX.qcom.video.decoder.avc] resubmitting CSD
08-19 21:05:01.670  1648  4709 I NuPlayerDecoder: [OMX.qcom.video.decoder.avc] resubmitting CSD
08-19 21:05:01.708  1648  4697 D NuPlayerDriver: notifyListener_l(0xebe8c000), (4, 0, 0), loop setting(0, 0)
08-19 21:05:01.710  1648  1648 D NuPlayerDriver: start(0xebe8c000), state is 6, eos is 0
08-19 21:05:01.716  1648  4697 D NuPlayerDriver: notifyListener_l(0xebe8c000), (200, 3, 0), loop setting(0, 0)
08-19 21:05:01.716  1648  4697 D NuPlayerDriver: notifyListener_l(0xebe8c000), (6, 0, 0), loop setting(0, 0)
08-19 21:05:01.716  4393  5242 W MediaPlayer: info/warning (3, 0)
08-19 21:05:02.144   757  3404 D fingerprintd: onAcquired(9001)
08-19 21:05:02.506   757  3404 D fingerprintd: onAcquired(0)
08-19 21:05:02.506   757  3404 D fingerprintd: onEnrollResult(fid=0, gid=0, rem=7)
08-19 21:05:03.069   757  3404 D fingerprintd: onAcquired(9001)
08-19 21:05:03.422   757  3404 D fingerprintd: onAcquired(0)
08-19 21:05:03.422   757  3404 D fingerprintd: onEnrollResult(fid=0, gid=0, rem=6)
08-19 21:05:03.689  1648  4709 I NuPlayerDecoder: [video] saw output EOS
08-19 21:05:03.771  1648  4697 D NuPlayerDriver: notifyListener_l(0xebe8c000), (2, 0, 0), loop setting(0, 0)
08-19 21:05:03.771  1648  3511 D NuPlayerDriver: seekTo(0xebe8c000) 4000 ms at state 6
08-19 21:05:03.771  1648  3511 D NuPlayerDriver: notifyListener_l(0xebe8c000), (7, 0, 0), loop setting(0, 0)
08-19 21:05:03.777  1648  4709 I NuPlayerDecoder: [OMX.qcom.video.decoder.avc] resubmitting CSD
08-19 21:05:03.777  1648  4709 I NuPlayerDecoder: [OMX.qcom.video.decoder.avc] resubmitting CSD
08-19 21:05:03.815  1648  4697 D NuPlayerDriver: notifyListener_l(0xebe8c000), (4, 0, 0), loop setting(0, 0)
08-19 21:05:03.818  1648  1660 D NuPlayerDriver: start(0xebe8c000), state is 6, eos is 0
08-19 21:05:03.825  1648  4697 D NuPlayerDriver: notifyListener_l(0xebe8c000), (200, 3, 0), loop setting(0, 0)
08-19 21:05:03.825  1648  4697 D NuPlayerDriver: notifyListener_l(0xebe8c000), (6, 0, 0), loop setting(0, 0)
08-19 21:05:03.825  4393  4408 W MediaPlayer: info/warning (3, 0)
08-19 21:05:04.237   757  3404 D fingerprintd: onAcquired(9001)
08-19 21:05:04.507   757  3404 D fingerprintd: onAcquired(0)
08-19 21:05:04.507   757  3404 D fingerprintd: onEnrollResult(fid=0, gid=0, rem=5)
08-19 21:05:05.213   757  3404 D fingerprintd: onAcquired(9001)
08-19 21:05:05.471   757  3404 D fingerprintd: onAcquired(0)
08-19 21:05:05.471   757  3404 D fingerprintd: onEnrollResult(fid=0, gid=0, rem=4)
08-19 21:05:05.795  1648  4709 I NuPlayerDecoder: [video] saw output EOS
08-19 21:05:05.876  1648  4697 D NuPlayerDriver: notifyListener_l(0xebe8c000), (2, 0, 0), loop setting(0, 0)
08-19 21:05:05.877  1648  3510 D NuPlayerDriver: seekTo(0xebe8c000) 4000 ms at state 6
08-19 21:05:05.877  1648  3510 D NuPlayerDriver: notifyListener_l(0xebe8c000), (7, 0, 0), loop setting(0, 0)
08-19 21:05:05.881  1648  4709 I NuPlayerDecoder: [OMX.qcom.video.decoder.avc] resubmitting CSD
08-19 21:05:05.881  1648  4709 I NuPlayerDecoder: [OMX.qcom.video.decoder.avc] resubmitting CSD
08-19 21:05:05.919  1648  4697 D NuPlayerDriver: notifyListener_l(0xebe8c000), (4, 0, 0), loop setting(0, 0)
08-19 21:05:05.924  1648  1660 D NuPlayerDriver: start(0xebe8c000), state is 6, eos is 0
08-19 21:05:05.925  1648  4697 D NuPlayerDriver: notifyListener_l(0xebe8c000), (200, 3, 0), loop setting(0, 0)
08-19 21:05:05.925  1648  4697 D NuPlayerDriver: notifyListener_l(0xebe8c000), (6, 0, 0), loop setting(0, 0)
08-19 21:05:05.927  4393  4406 W MediaPlayer: info/warning (3, 0)
08-19 21:05:06.005   757  3404 D fingerprintd: onAcquired(9001)
08-19 21:05:06.347   757  3404 D fingerprintd: onAcquired(0)
08-19 21:05:06.347   757  3404 D fingerprintd: onEnrollResult(fid=0, gid=0, rem=3)
08-19 21:05:06.656  1914  4176 I chatty  : uid=1000 system_server expire 1 line
08-19 21:05:06.847   757  3404 D fingerprintd: onAcquired(9001)
08-19 21:05:07.360   757  3404 D fingerprintd: onAcquired(0)
08-19 21:05:07.360   757  3404 D fingerprintd: onEnrollResult(fid=0, gid=0, rem=2)
08-19 21:05:07.852   757  3404 D fingerprintd: onAcquired(9001)
08-19 21:05:07.901  1648  4709 I NuPlayerDecoder: [video] saw output EOS
08-19 21:05:07.983  1648  4697 D NuPlayerDriver: notifyListener_l(0xebe8c000), (2, 0, 0), loop setting(0, 0)
08-19 21:05:07.983  1648  3510 D NuPlayerDriver: seekTo(0xebe8c000) 4000 ms at state 6
08-19 21:05:07.983  1648  3510 D NuPlayerDriver: notifyListener_l(0xebe8c000), (7, 0, 0), loop setting(0, 0)
08-19 21:05:07.988  1648  4709 I NuPlayerDecoder: [OMX.qcom.video.decoder.avc] resubmitting CSD
08-19 21:05:07.988  1648  4709 I NuPlayerDecoder: [OMX.qcom.video.decoder.avc] resubmitting CSD
08-19 21:05:08.027  1648  4697 D NuPlayerDriver: notifyListener_l(0xebe8c000), (4, 0, 0), loop setting(0, 0)
08-19 21:05:08.030  1648  5556 D NuPlayerDriver: start(0xebe8c000), state is 6, eos is 0
08-19 21:05:08.030  1648  4697 D NuPlayerDriver: notifyListener_l(0xebe8c000), (200, 3, 0), loop setting(0, 0)
08-19 21:05:08.030  1648  4697 D NuPlayerDriver: notifyListener_l(0xebe8c000), (6, 0, 0), loop setting(0, 0)
08-19 21:05:08.031  4393  5241 W MediaPlayer: info/warning (3, 0)
08-19 21:05:08.404   757  3404 D fingerprintd: onAcquired(0)
08-19 21:05:08.404   757  3404 D fingerprintd: onEnrollResult(fid=0, gid=0, rem=1)
08-19 21:05:08.588  4374  4417 I chatty  : uid=10029(com.google.android.gms) com.google.process.gapps expire 1 line
08-19 21:05:08.660   757  3404 D fingerprintd: onAcquired(9001)
08-19 21:05:09.247   757  3404 D fingerprintd: onAcquired(9003)
08-19 21:05:09.598  4671  4701 W DpmTcmClient: Couldn't find 'tcm' socket after 120times. quit trying
08-19 21:05:10.008  1648  4709 I NuPlayerDecoder: [video] saw output EOS
08-19 21:05:10.089  1648  4697 D NuPlayerDriver: notifyListener_l(0xebe8c000), (2, 0, 0), loop setting(0, 0)
08-19 21:05:10.089  1648  5556 D NuPlayerDriver: seekTo(0xebe8c000) 4000 ms at state 6
08-19 21:05:10.089  1648  5556 D NuPlayerDriver: notifyListener_l(0xebe8c000), (7, 0, 0), loop setting(0, 0)
08-19 21:05:10.094  1648  4709 I NuPlayerDecoder: [OMX.qcom.video.decoder.avc] resubmitting CSD
08-19 21:05:10.094  1648  4709 I NuPlayerDecoder: [OMX.qcom.video.decoder.avc] resubmitting CSD
08-19 21:05:10.133  1648  4697 D NuPlayerDriver: notifyListener_l(0xebe8c000), (4, 0, 0), loop setting(0, 0)
08-19 21:05:10.134  1648  5556 D NuPlayerDriver: start(0xebe8c000), state is 6, eos is 0
08-19 21:05:10.135  1648  4697 D NuPlayerDriver: notifyListener_l(0xebe8c000), (200, 3, 0), loop setting(0, 0)
08-19 21:05:10.135  1648  4697 D NuPlayerDriver: notifyListener_l(0xebe8c000), (6, 0, 0), loop setting(0, 0)
08-19 21:05:10.136  4393  5240 W MediaPlayer: info/warning (3, 0)
08-19 21:05:10.437   757  3404 D fingerprintd: onEnrollResult(fid=-1209011788, gid=0, rem=0)
08-19 21:05:10.440  1914  1914 V FingerprintService: Done with client: com.android.settings
08-19 21:05:10.918   670   670 I cnss-daemon: RTM_NEWNEIGH message received: 28
08-19 21:05:10.918   670   670 E cnss-daemon: Stale or unreachable neighbors, ndm state: 4
08-19 21:05:10.963  1914  4332 I ActivityManager: START u0 {flg=0x2000000 cmp=com.android.settings/.fingerprint.SetupFingerprintEnrollFinish (has extras)} from uid 1000 on display 0
08-19 21:05:11.345  1914  3635 W ActivityManager: Duplicate finish request for ActivityRecord{6da42bb u0 com.android.settings/.fingerprint.SetupFingerprintEnrollEnrolling t3 f}
08-19 21:05:12.115  1648  4709 I NuPlayerDecoder: [video] saw output EOS
08-19 21:05:12.141  1652  1683 I chatty  : uid=1041(audioserver) AudioOut_D expire 114 lines
08-19 21:05:12.179  4393  4393 I SetupWizard.LockScreenWrapper: subactivity result {LockScreenSubactivity(10002), RESULT_OK(-1), Bundle[mParcelledData.dataSize=72]}
08-19 21:05:12.183  1914  4070 I ActivityManager: START u0 {act=com.android.wizard.NEXT cmp=com.google.android.setupwizard/.WizardManagerActivity (has extras)} from uid 10021 on display 0
08-19 21:05:12.191  4393  4393 I SetupWizard.WizardManager: onNext resultCode = -1, Stack = [suw/wizard_script_new_device_account_flow#lock_screen,suw/wizard_script_setup_as_new_flow#account_flow,suw/wizard_script#setup_as_new_flow]
08-19 21:05:12.194  1914  3636 I ActivityManager: START u0 {act=com.google.android.setupwizard.DRIVE_BACKUP_OPT_IN flg=0x4000000 cmp=com.google.android.setupwizard/.user.BackupOptInWrapper (has extras)} from uid 10021 on display 0
08-19 21:05:12.196  1648  4697 D NuPlayerDriver: notifyListener_l(0xebe8c000), (2, 0, 0), loop setting(0, 0)
08-19 21:05:12.210  1648  3510 D NuPlayerDriver: seekTo(0xebe8c000) 4000 ms at state 6
08-19 21:05:12.210  1648  3510 D NuPlayerDriver: notifyListener_l(0xebe8c000), (7, 0, 0), loop setting(0, 0)
08-19 21:05:12.215  1648  4709 I NuPlayerDecoder: [OMX.qcom.video.decoder.avc] resubmitting CSD
08-19 21:05:12.215  1648  4709 I NuPlayerDecoder: [OMX.qcom.video.decoder.avc] resubmitting CSD
08-19 21:05:12.260  1648  4697 D NuPlayerDriver: notifyListener_l(0xebe8c000), (4, 0, 0), loop setting(0, 0)
08-19 21:05:12.276  1914  4071 I ActivityManager: START u0 {act=com.android.wizard.NEXT cmp=com.google.android.setupwizard/.WizardManagerActivity (has extras)} from uid 10021 on display 0
08-19 21:05:12.300  1648  1648 D NuPlayerDriver: start(0xebe8c000), state is 6, eos is 0
08-19 21:05:12.301  1648  4697 D NuPlayerDriver: notifyListener_l(0xebe8c000), (200, 3, 0), loop setting(0, 0)
08-19 21:05:12.301  1648  4697 D NuPlayerDriver: notifyListener_l(0xebe8c000), (6, 0, 0), loop setting(0, 0)
08-19 21:05:12.301  4393  4405 W MediaPlayer: info/warning (3, 0)
08-19 21:05:12.315  4393  4393 I SetupWizard.WizardManager: onNext resultCode = 1, Stack = [suw/wizard_script_new_device_account_flow#drive_backup_optin,suw/wizard_script_setup_as_new_flow#account_flow,suw/wizard_script#setup_as_new_flow]
08-19 21:05:12.318  1914  2712 I ActivityManager: START u0 {act=com.google.android.setupwizard.GOOGLE_SERVICES flg=0x4000000 cmp=com.google.android.setupwizard/.user.GoogleServicesWrapper (has extras)} from uid 10021 on display 0
08-19 21:05:12.324  1914  4359 D WindowManager: relayoutVisibleWindow: Window{3e52dda u0 com.google.android.setupwizard/com.google.android.setupwizard.time.DateTimeActivity EXITING} mAnimatingExit=true, mRemoveOnExit=false, mDestroying=false
08-19 21:05:12.373  1914  5547 I ActivityManager: START u0 {act=com.google.android.gms.auth.GOOGLE_SERVICES cmp=com.google.android.gms/.auth.uiflows.addaccount.GoogleServicesActivity (has extras)} from uid 10021 on display 0
08-19 21:05:12.589  4263  4936 I chatty  : uid=10029 com.google.android.gms.persistent expire 1 line
08-19 21:05:12.936  4393  4393 I art     : Starting a blocking GC Explicit
08-19 21:05:12.950  4393  4393 I art     : Explicit concurrent mark sweep GC freed 6442(712KB) AllocSpace objects, 3(92KB) LOS objects, 25% free, 23MB/31MB, paused 134us total 13.714ms
08-19 21:05:12.951  4393  4393 I art     : Starting a blocking GC Explicit
08-19 21:05:12.964  4393  4393 I art     : Explicit concurrent mark sweep GC freed 608(23KB) AllocSpace objects, 1(1140KB) LOS objects, 25% free, 22MB/30MB, paused 264us total 12.493ms
08-19 21:05:14.271  1648  4709 I NuPlayerDecoder: [video] saw output EOS
08-19 21:05:14.352  1648  4697 D NuPlayerDriver: notifyListener_l(0xebe8c000), (2, 0, 0), loop setting(0, 0)
08-19 21:05:14.352  1648  3511 D NuPlayerDriver: seekTo(0xebe8c000) 4000 ms at state 6
08-19 21:05:14.352  1648  3511 D NuPlayerDriver: notifyListener_l(0xebe8c000), (7, 0, 0), loop setting(0, 0)
08-19 21:05:14.357  1648  4709 I NuPlayerDecoder: [OMX.qcom.video.decoder.avc] resubmitting CSD
08-19 21:05:14.357  1648  4709 I NuPlayerDecoder: [OMX.qcom.video.decoder.avc] resubmitting CSD
08-19 21:05:14.395  1648  4697 D NuPlayerDriver: notifyListener_l(0xebe8c000), (4, 0, 0), loop setting(0, 0)
08-19 21:05:14.397  1648  3766 D NuPlayerDriver: start(0xebe8c000), state is 6, eos is 0
08-19 21:05:14.397  1648  4697 D NuPlayerDriver: notifyListener_l(0xebe8c000), (200, 3, 0), loop setting(0, 0)
08-19 21:05:14.397  1648  4697 D NuPlayerDriver: notifyListener_l(0xebe8c000), (6, 0, 0), loop setting(0, 0)
08-19 21:05:14.398  4393  4405 W MediaPlayer: info/warning (3, 0)
08-19 21:05:16.378  1648  4709 I NuPlayerDecoder: [video] saw output EOS
08-19 21:05:16.459  1648  4697 D NuPlayerDriver: notifyListener_l(0xebe8c000), (2, 0, 0), loop setting(0, 0)
08-19 21:05:16.459  1648  3766 D NuPlayerDriver: seekTo(0xebe8c000) 4000 ms at state 6
08-19 21:05:16.459  1648  3766 D NuPlayerDriver: notifyListener_l(0xebe8c000), (7, 0, 0), loop setting(0, 0)
08-19 21:05:16.464  1648  4709 I NuPlayerDecoder: [OMX.qcom.video.decoder.avc] resubmitting CSD
08-19 21:05:16.464  1648  4709 I NuPlayerDecoder: [OMX.qcom.video.decoder.avc] resubmitting CSD
08-19 21:05:16.499  1648  4697 D NuPlayerDriver: notifyListener_l(0xebe8c000), (4, 0, 0), loop setting(0, 0)
08-19 21:05:16.500  1648  3510 D NuPlayerDriver: start(0xebe8c000), state is 6, eos is 0
08-19 21:05:16.510  1648  4697 D NuPlayerDriver: notifyListener_l(0xebe8c000), (200, 3, 0), loop setting(0, 0)
08-19 21:05:16.510  1648  4697 D NuPlayerDriver: notifyListener_l(0xebe8c000), (6, 0, 0), loop setting(0, 0)
08-19 21:05:16.510  4393  5242 W MediaPlayer: info/warning (3, 0)
08-19 21:05:17.244  5282  5323 I chatty  : uid=10029 com.google.android.gms.unstable expire 1 line
08-19 21:05:18.485  1648  4709 I NuPlayerDecoder: [video] saw output EOS
08-19 21:05:18.501  4263  4263 I chatty  : uid=10029 com.google.android.gms.persistent expire 3 lines
08-19 21:05:18.504  1914  5548 I BackupManagerService: Backup enabled => true
08-19 21:05:18.514  1914  1914 I chatty  : uid=1000 system_server expire 1 line
08-19 21:05:18.515  1914  4497 I chatty  : uid=1000(system) IzatServiceBase expire 2 lines
08-19 21:05:18.524  4470  5388 I chatty  : uid=10029(com.google.android.gms) expire 1 line
08-19 21:05:18.533  4263  5998 I chatty  : uid=10029(com.google.android.gms) Binder:4263_6 expire 3 lines
08-19 21:05:18.534  4393  4393 I SetupWizard.GoogleServicesWrapper: subactivity result {GoogleServicesSubactivity(10002), RESULT_OK(-1), null}
08-19 21:05:18.536  1914  2112 I ActivityManager: START u0 {act=com.android.wizard.NEXT cmp=com.google.android.setupwizard/.WizardManagerActivity (has extras)} from uid 10021 on display 0
08-19 21:05:18.557  4263  6204 I chatty  : uid=10029 com.google.android.gms.persistent expire 1 line
08-19 21:05:18.560  4263  6203 I chatty  : uid=10029 com.google.android.gms.persistent expire 1 line
