08-19 21:03:17.313  1914  3390 D ConnectivityService: NetworkAgentInfo [MOBILE (LTE) - 100] validation passed
08-19 21:03:18.944  1914  2124 D LuxLevels: bright hysteresis constant= 0.1, threshold=51.51351, lux=46.830463
08-19 21:03:18.944  1914  2124 D LuxLevels: dark hysteresis constant= 0.2, threshold=37.46437, lux=46.830463
08-19 21:03:19.232  1914  5400 I CertBlacklister: Certificate blacklist changed, updating...
08-19 21:03:19.235  1914  5400 I CertBlacklister: Certificate blacklist updated
08-19 21:03:19.248  1914  5401 I CertBlacklister: Certificate blacklist changed, updating...
08-19 21:03:19.252  1914  5401 I CertBlacklister: Certificate blacklist updated
08-19 21:03:19.359  4470  5162 E ActivityThread: Failed to find provider info for com.google.android.wearable.settings
08-19 21:03:19.391  1914  4071 W ActivityManager: Unable to start service Intent { cmp=com.google.android.gms/.analytics.service.RefreshEnabledStateService } U=0: not found
08-19 21:03:19.753  1914  4359 I BroadcastQueue: Delay finish: com.google.android.partnersetup/.GservicesChangedReceiver
08-19 21:03:19.791  1914  2113 I BroadcastQueue: Resuming delayed broadcast
08-19 21:03:19.824  1914  2127 I ActivityManager: Killing 4816:com.android.vending/u0a32 (adj 800): change com.android.vending
08-19 21:03:19.825  1914  2127 D ActivityManager: cleanUpApplicationRecord -- 4816
08-19 21:03:19.830  1914  2127 W ActivityManager: Scheduling restart of crashed service com.android.vending/com.google.android.finsky.hygiene.DailyHygiene$DailyHygieneService in 1000ms
08-19 21:03:20.648  1914  4071 I ActivityManager: Start proc 5456:com.android.vending/u0a32 for broadcast com.android.vending/com.google.android.finsky.packagemanager.impl.PackageMonitorReceiverImpl$RegisteredReceiver
08-19 21:03:20.758  1914  3634 I ActivityManager: START u0 {act=com.android.wizard.NEXT cmp=com.google.android.setupwizard/.WizardManagerActivity (has extras)} from uid 10021 on display 0
08-19 21:03:20.836  1914  3636 I ActivityManager: START u0 {act=com.android.wizard.LOAD flg=0x4000000 cmp=com.google.android.setupwizard/.WizardManagerActivity (has extras)} from uid 10021 on display 0
08-19 21:03:20.842  1914  3635 W ActivityManager: Duplicate finish request for ActivityRecord{e22b6aa u0 com.google.android.setupwizard/.WizardManagerActivity t3 f}
08-19 21:03:20.875  1914  4332 I ActivityManager: START u0 {act=com.google.android.setupwizard.DEVICE_OWNER_WARNING flg=0x4000000 cmp=com.google.android.setupwizard/.user.DeviceOwnerWarningActivity (has extras)} from uid 10021 on display 0
08-19 21:03:20.886  1914  1914 V BackupManagerService: Connected to transport ComponentInfo{com.google.android.gms/com.google.android.gms.backup.BackupTransportService}
08-19 21:03:20.886  1914  1914 V BackupManagerService: Registering transport com.google.android.gms/.backup.BackupTransportService::com.google.android.gms/.backup.BackupTransportService = com.android.internal.backup.IBackupTransport$Stub$Proxy@fd698ca
08-19 21:03:20.900  1914  4072 I ActivityManager: START u0 {act=com.android.wizard.NEXT cmp=com.google.android.setupwizard/.WizardManagerActivity (has extras)} from uid 10021 on display 0
08-19 21:03:20.924  1914  2712 I ActivityManager: START u0 {act=com.google.android.setupwizard.CHECK_FRP flg=0x4000000 cmp=com.google.android.setupwizard/.account.CheckFrp (has extras)} from uid 10021 on display 0
08-19 21:03:20.973  1914  4070 I ActivityManager: START u0 {act=com.android.wizard.NEXT cmp=com.google.android.setupwizard/.WizardManagerActivity (has extras)} from uid 10021 on display 0
08-19 21:03:21.008  1914  4332 I ActivityManager: START u0 {act=com.android.setupwizard.NETWORK_SETTINGS flg=0x4000000 cmp=com.google.android.setupwizard/.network.NetworkActivity (has extras)} from uid 10021 on display 0
08-19 21:03:21.414  1914  2712 V BackupManagerService: selectBackupTransport() set com.google.android.gms/.backup.BackupTransportService returning com.google.android.gms/.backup.BackupTransportService
08-19 21:03:21.550  4470  4642 D ActivityThread: Loading provider com.google.android.gms.matchstick.dataprovider: com.google.android.gms.matchstick.data.DatabaseProvider
08-19 21:03:21.823  1914  2114 E DeviceIdleController: Bad device idle settings
08-19 21:03:21.823  1914  2114 E DeviceIdleController: java.lang.IllegalArgumentException: 'null' in 'null' is not a valid key-value pair
08-19 21:03:21.823  1914  2114 E DeviceIdleController: 	at android.util.KeyValueListParser.setString(KeyValueListParser.java:57)
08-19 21:03:21.823  1914  2114 E DeviceIdleController: 	at com.android.server.DeviceIdleController$Constants.updateConstants(DeviceIdleController.java:793)
08-19 21:03:21.823  1914  2114 E DeviceIdleController: 	at com.android.server.DeviceIdleController$Constants.onChange(DeviceIdleController.java:787)
08-19 21:03:21.823  1914  2114 E DeviceIdleController: 	at android.database.ContentObserver.onChange(ContentObserver.java:145)
08-19 21:03:21.823  1914  2114 E DeviceIdleController: 	at android.database.ContentObserver$NotificationRunnable.run(ContentObserver.java:216)
08-19 21:03:21.823  1914  2114 E DeviceIdleController: 	at android.os.Handler.handleCallback(Handler.java:751)
08-19 21:03:21.823  1914  2114 E DeviceIdleController: 	at android.os.Handler.dispatchMessage(Handler.java:95)
08-19 21:03:21.823  1914  2114 E DeviceIdleController: 	at android.os.Looper.loop(Looper.java:154)
08-19 21:03:21.823  1914  2114 E DeviceIdleController: 	at android.os.HandlerThread.run(HandlerThread.java:61)
08-19 21:03:23.461  1914  4071 I ActivityManager: START u0 {act=com.android.settings.WIFI_DIALOG cmp=com.android.settings/.wifi.WifiDialogActivity (has extras)} from uid 10021 on display 0
08-19 21:03:23.564  1914  2115 I ActivityManager: Waited long enough for: ServiceRecord{28c6e01 u0 com.android.providers.media/.MediaScannerService}
08-19 21:03:28.803  1914  2115 I ActivityManager: Waited long enough for: ServiceRecord{dd5581d u0 com.android.musicfx/.SystemService}
08-19 21:03:29.474  1914  2115 I ActivityManager: Waited long enough for: ServiceRecord{f9987f0 u0 com.slim.device/.ScreenStateService}
08-19 21:03:42.841  1914  3383 D WifiService: New client listening to asynchronous messages
08-19 21:03:42.841  1914  3383 D WiFiServiceImpl : SAVE nid=0 uid=1000 name=android.uid.system:1000
08-19 21:03:42.842  1914  3383 D WifiService: Connect with config* ID: -1 SSID: "BTHub6-P7GR" PROVIDER-NAME: null BSSID: null FQDN: null PRIO: 0 HIDDEN: false
08-19 21:03:42.842  1914  3383 D WifiService:  NetworkSelectionStatus NETWORK_SELECTION_ENABLED
08-19 21:03:42.842  1914  3383 D WifiService:  hasEverConnected: false
08-19 21:03:42.842  1914  3383 D WifiService:  KeyMgmt: WPA_PSK Protocols:
08-19 21:03:42.842  1914  3383 D WifiService:  AuthAlgorithms:
08-19 21:03:42.842  1914  3383 D WifiService:  PairwiseCiphers:
08-19 21:03:42.842  1914  3383 D WifiService:  GroupCiphers:
08-19 21:03:42.842  1914  3383 D WifiService:  PSK: *
08-19 21:03:42.842  1914  3383 D WifiService:  sim_num 
08-19 21:03:42.842  1914  3383 D WifiService: Enterprise config:
08-19 21:03:42.842  1914  3383 D WifiService: IP config:
08-19 21:03:42.842  1914  3383 D WifiService: IP assignment: DHCP
08-19 21:03:42.842  1914  3383 D WifiService: Proxy settings: NONE
08-19 21:03:42.842  1914  3383 D WifiService:  cuid=-1 luid=-1 lcuid=0 userApproved=USER_UNSPECIFIED noInternetAccessExpected=false isCarrierNetwork=false roamingFailureBlackListTimeMilli: 1000
08-19 21:03:42.842  1914  3383 D WifiService: triggeredLow: 0 triggeredBad: 0 triggeredNotHigh: 0
08-19 21:03:42.842  1914  3383 D WifiService: ticksLow: 0 ticksBad: 0 ticksNotHigh: 0
08-19 21:03:42.842  1914  3383 D WifiService: triggeredJoin: 0
08-19 21:03:42.842  1914  3383 D WiFiServiceImpl : CONNECT  nid=-1 uid=1000 name=android.uid.system:1000
08-19 21:03:42.842  1914  3383 D WifiService: Connect with config* ID: -1 SSID: "BTHub6-P7GR" PROVIDER-NAME: null BSSID: null FQDN: null PRIO: 0 HIDDEN: false
08-19 21:03:42.842  1914  3383 D WifiService:  NetworkSelectionStatus NETWORK_SELECTION_ENABLED
08-19 21:03:42.842  1914  3383 D WifiService:  hasEverConnected: false
08-19 21:03:42.842  1914  3383 D WifiService:  KeyMgmt: WPA_PSK Protocols:
08-19 21:03:42.842  1914  3383 D WifiService:  AuthAlgorithms:
08-19 21:03:42.842  1914  3383 D WifiService:  PairwiseCiphers:
08-19 21:03:42.842  1914  3383 D WifiService:  GroupCiphers:
08-19 21:03:42.842  1914  3383 D WifiService:  PSK: *
08-19 21:03:42.842  1914  3383 D WifiService:  sim_num 
08-19 21:03:42.842  1914  3383 D WifiService: Enterprise config:
08-19 21:03:42.842  1914  3383 D WifiService: IP config:
08-19 21:03:42.842  1914  3383 D WifiService: IP assignment: DHCP
08-19 21:03:42.842  1914  3383 D WifiService: Proxy settings: NONE
08-19 21:03:42.842  1914  3383 D WifiService:  cuid=-1 luid=-1 lcuid=0 userApproved=USER_UNSPECIFIED noInternetAccessExpected=false isCarrierNetwork=false roamingFailureBlackListTimeMilli: 1000
08-19 21:03:42.842  1914  3383 D WifiService: triggeredLow: 0 triggeredBad: 0 triggeredNotHigh: 0
08-19 21:03:42.842  1914  3383 D WifiService: ticksLow: 0 ticksBad: 0 ticksNotHigh: 0
08-19 21:03:42.842  1914  3383 D WifiService: triggeredJoin: 0
08-19 21:03:42.866  1914  3565 W ActivityManager: Duplicate finish request for ActivityRecord{bee3655 u0 com.android.settings/.wifi.WifiDialogActivity t3 f}
08-19 21:03:44.325  4287  4431 W MediaProvider: Missing volume for /system/media/audio/ringtones/Noises1.ogg; assuming invalid
08-19 21:03:44.326  4287  4431 W MediaProvider: Missing volume for /system/media/audio/ringtones/Noises2.ogg; assuming invalid
08-19 21:03:44.326  4287  4431 W MediaProvider: Missing volume for /system/media/audio/ringtones/Noises3.ogg; assuming invalid
08-19 21:03:44.327  4287  4431 W MediaProvider: Missing volume for /system/media/audio/ringtones/OrganDub.ogg; assuming invalid
08-19 21:03:44.334  4287  4431 W MediaProvider: Missing volume for /system/media/audio/ringtones/Orion.ogg; assuming invalid
08-19 21:03:44.343  4287  4431 I MediaScanner: forcing rescan of /system/media/audio/ringtones/PERSEUS.ogg since build fingerprint changed
08-19 21:03:44.357  4287  4431 I MediaScanner: forcing rescan of /system/media/audio/ringtones/Paradise_Island.ogg since build fingerprint changed
08-19 21:03:44.365  4287  4431 I MediaScanner: forcing rescan of /system/media/audio/ringtones/Pegasus.ogg since build fingerprint changed
08-19 21:03:44.379  4287  4431 I MediaScanner: forcing rescan of /system/media/audio/ringtones/Perseus.ogg since build fingerprint changed
08-19 21:03:44.395  4287  4431 I MediaScanner: forcing rescan of /system/media/audio/ringtones/Playa.ogg since build fingerprint changed
08-19 21:03:44.406  4287  4431 I MediaScanner: forcing rescan of /system/media/audio/ringtones/Pyxis.ogg since build fingerprint changed
08-19 21:03:44.412  4287  4431 I MediaScanner: forcing rescan of /system/media/audio/ringtones/Rasalas.ogg since build fingerprint changed
08-19 21:03:44.428  4287  4431 I MediaScanner: forcing rescan of /system/media/audio/ringtones/Revelation.ogg since build fingerprint changed
08-19 21:03:44.439  4287  4431 I MediaScanner: forcing rescan of /system/media/audio/ringtones/Rigel.ogg since build fingerprint changed
08-19 21:03:44.449  4287  4431 I MediaScanner: forcing rescan of /system/media/audio/ringtones/Ring_Classic_02.ogg since build fingerprint changed
08-19 21:03:44.462  4287  4431 I MediaScanner: forcing rescan of /system/media/audio/ringtones/Ring_Digital_02.ogg since build fingerprint changed
08-19 21:03:44.471  4287  4431 I MediaScanner: forcing rescan of /system/media/audio/ringtones/Ring_Synth_02.ogg since build fingerprint changed
08-19 21:03:44.481  4287  4431 I MediaScanner: forcing rescan of /system/media/audio/ringtones/Ring_Synth_04.ogg since build fingerprint changed
08-19 21:03:44.490  4287  4431 I MediaScanner: forcing rescan of /system/media/audio/ringtones/Road_Trip.ogg since build fingerprint changed
08-19 21:03:44.499  4287  4431 I MediaScanner: forcing rescan of /system/media/audio/ringtones/RomancingTheTone.ogg since build fingerprint changed
08-19 21:03:44.510  4287  4431 I MediaScanner: forcing rescan of /system/media/audio/ringtones/Safari.ogg since build fingerprint changed
08-19 21:03:44.521  4287  4431 I MediaScanner: forcing rescan of /system/media/audio/ringtones/Savannah.ogg since build fingerprint changed
08-19 21:03:44.530  4287  4431 I MediaScanner: forcing rescan of /system/media/audio/ringtones/Scarabaeus.ogg since build fingerprint changed
08-19 21:03:44.544  4287  4431 I MediaScanner: forcing rescan of /system/media/audio/ringtones/Sceptrum.ogg since build fingerprint changed
08-19 21:03:44.561  4287  4431 I MediaScanner: forcing rescan of /system/media/audio/ringtones/Seville.ogg since build fingerprint changed
08-19 21:03:44.571  4287  4431 I MediaScanner: forcing rescan of /system/media/audio/ringtones/Shes_All_That.ogg since build fingerprint changed
08-19 21:03:44.580  4287  4431 I MediaScanner: forcing rescan of /system/media/audio/ringtones/SilkyWay.ogg since build fingerprint changed
08-19 21:03:44.590  4287  4431 I MediaScanner: forcing rescan of /system/media/audio/ringtones/SitarVsSitar.ogg since build fingerprint changed
08-19 21:03:44.598  4287  4431 I MediaScanner: forcing rescan of /system/media/audio/ringtones/Solarium.ogg since build fingerprint changed
08-19 21:03:44.611  4287  4431 I MediaScanner: forcing rescan of /system/media/audio/ringtones/SpringyJalopy.ogg since build fingerprint changed
08-19 21:03:44.622  4287  4431 I MediaScanner: forcing rescan of /system/media/audio/ringtones/Steppin_Out.ogg since build fingerprint changed
08-19 21:03:44.630  4287  4431 I MediaScanner: forcing rescan of /system/media/audio/ringtones/Terminated.ogg since build fingerprint changed
08-19 21:03:44.642  4287  4431 I MediaScanner: forcing rescan of /system/media/audio/ringtones/Testudo.ogg since build fingerprint changed
08-19 21:03:44.655  4287  4431 I MediaScanner: forcing rescan of /system/media/audio/ringtones/Themos.ogg since build fingerprint changed
08-19 21:03:44.673  4287  4431 I MediaScanner: forcing rescan of /system/media/audio/ringtones/Third_Eye.ogg since build fingerprint changed
08-19 21:03:44.682  4287  4431 I MediaScanner: forcing rescan of /system/media/audio/ringtones/Thunderfoot.ogg since build fingerprint changed
08-19 21:03:44.692  4287  4431 I MediaScanner: forcing rescan of /system/media/audio/ringtones/TwirlAway.ogg since build fingerprint changed
08-19 21:03:44.701  4287  4431 I MediaScanner: forcing rescan of /system/media/audio/ringtones/URSAMINOR.ogg since build fingerprint changed
08-19 21:03:44.717  4287  4431 I MediaScanner: forcing rescan of /system/media/audio/ringtones/UrsaMinor.ogg since build fingerprint changed
08-19 21:03:44.732  4287  4431 I MediaScanner: forcing rescan of /system/media/audio/ringtones/VeryAlarmed.ogg since build fingerprint changed
08-19 21:03:44.741  4287  4431 I MediaScanner: forcing rescan of /system/media/audio/ringtones/Vespa.ogg since build fingerprint changed
08-19 21:03:44.750  4287  4431 I MediaScanner: forcing rescan of /system/media/audio/ringtones/World.ogg since build fingerprint changed
08-19 21:03:44.759  4287  4431 I MediaScanner: forcing rescan of /system/media/audio/ringtones/Zeta.ogg since build fingerprint changed
08-19 21:03:44.765  3578  3578 I wpa_supplicant: wlan0: Trying to associate with SSID 'BTHub6-P7GR'
08-19 21:03:44.768  1914  3388 I chatty  : uid=1000(system) WifiScanningSer expire 1 line
08-19 21:03:44.775  4287  4431 I MediaScanner: forcing rescan of /system/media/audio/ringtones/hydra.ogg since build fingerprint changed
08-19 21:03:44.799  3578  3578 I wpa_supplicant: wlan0: Associated with 40:c7:29:15:bd:2b
08-19 21:03:44.801  3578  3578 I wpa_supplicant: wlan0: CTRL-EVENT-SUBNET-STATUS-UPDATE status=0
08-19 21:03:44.806  3578  3578 I wpa_supplicant: wlan0: WPA: Key negotiation completed with 40:c7:29:15:bd:2b [PTK=CCMP GTK=CCMP]
08-19 21:03:44.806  3578  3578 I wpa_supplicant: wlan0: CTRL-EVENT-CONNECTED - Connection to 40:c7:29:15:bd:2b completed [id=0 id_str=%7B%22creatorUid%22%3A%221000%22%2C%22configKey%22%3A%22%5C%22BTHub6-P7GR%5C%22WPA_PSK%22%7D]
08-19 21:03:44.813  1914  3384 D ConnectivityService: registerNetworkAgent NetworkAgentInfo{ ni{[type: WIFI[], state: CONNECTING/CONNECTING, reason: (unspecified), extra: "BTHub6-P7GR", failover: false, available: true, roaming: false, metered: false]}  network{101}  nethandle{433808132830}  lp{{LinkAddresses: []  Routes: [] DnsAddresses: [] Domains: null MTU: 0}}  nc{[ Transports: WIFI Capabilities: NOT_METERED&INTERNET&NOT_RESTRICTED&TRUSTED&NOT_VPN LinkUpBandwidth>=1048576Kbps LinkDnBandwidth>=1048576Kbps]}  Score{20}  everValidated{false}  lastValidated{false}  created{false} lingering{false} explicitlySelected{false} acceptUnvalidated{false} everCaptivePortalDetected{false} lastCaptivePortalDetected{false} }
08-19 21:03:44.813  1914  3390 D ConnectivityService: NetworkAgentInfo [WIFI () - 101] EVENT_NETWORK_INFO_CHANGED, going from null to CONNECTING
08-19 21:03:44.823  1914  5740 I chatty  : uid=1000 system_server expire 2 lines
08-19 21:03:44.826   670   670 I cnss-daemon: RTM_NEWROUTE Indication
08-19 21:03:44.826   670   670 I cnss-daemon: RTM_NEWROUTE Indication
08-19 21:03:44.827   670   670 I cnss-daemon: RTM_NEWROUTE Indication
08-19 21:03:44.836  1914  5744 I chatty  : uid=1000 system_server expire 12 lines
08-19 21:03:44.838  1914  5742 I chatty  : uid=1000 system_server expire 9 lines
08-19 21:03:44.948  4287  4431 W MediaScanner: Error opening directory '/oem/media/', skipping: No such file or directory.
08-19 21:03:44.949  4287  4431 W MediaProvider: Missing volume for /system/media/audio/ui; assuming invalid
08-19 21:03:44.953  4287  4431 W MediaProvider: Missing volume for /system/media/bootanimation.zip; assuming invalid
08-19 21:03:44.957  4287  4431 W MediaProvider: Missing volume for /system/media/audio/ringtones/PERSEUS.ogg; assuming invalid
08-19 21:03:44.959  4287  4431 W MediaProvider: Missing volume for /system/media/audio/ringtones/Paradise_Island.ogg; assuming invalid
08-19 21:03:44.960  4287  4431 W MediaProvider: Missing volume for /system/media/audio/ringtones/Pegasus.ogg; assuming invalid
08-19 21:03:44.961  4287  4431 W MediaProvider: Missing volume for /system/media/audio/ringtones/Perseus.ogg; assuming invalid
08-19 21:03:44.962  4287  4431 W MediaProvider: Missing volume for /system/media/audio/ringtones/Playa.ogg; assuming invalid
08-19 21:03:44.964  4287  4431 W MediaProvider: Missing volume for /system/media/audio/ringtones/Pyxis.ogg; assuming invalid
08-19 21:03:44.965  4287  4431 W MediaProvider: Missing volume for /system/media/audio/ringtones/Rasalas.ogg; assuming invalid
08-19 21:03:44.967  4287  4431 W MediaProvider: Missing volume for /system/media/audio/ringtones/Revelation.ogg; assuming invalid
08-19 21:03:44.969  4287  4431 W MediaProvider: Missing volume for /system/media/audio/ringtones/Rigel.ogg; assuming invalid
08-19 21:03:44.971  4287  4431 W MediaProvider: Missing volume for /system/media/audio/ringtones/Ring_Classic_02.ogg; assuming invalid
08-19 21:03:44.973  4287  4431 W MediaProvider: Missing volume for /system/media/audio/ringtones/Ring_Digital_02.ogg; assuming invalid
08-19 21:03:44.974  4287  4431 W MediaProvider: Missing volume for /system/media/audio/ringtones/Ring_Synth_02.ogg; assuming invalid
08-19 21:03:44.975  4287  4431 W MediaProvider: Missing volume for /system/media/audio/ringtones/Ring_Synth_04.ogg; assuming invalid
08-19 21:03:44.975  4287  4431 W MediaProvider: Missing volume for /system/media/audio/ringtones/Road_Trip.ogg; assuming invalid
08-19 21:03:44.976  4287  4431 W MediaProvider: Missing volume for /system/media/audio/ringtones/RomancingTheTone.ogg; assuming invalid
08-19 21:03:44.977  4287  4431 W MediaProvider: Missing volume for /system/media/audio/ringtones/Safari.ogg; assuming invalid
08-19 21:03:44.978  4287  4431 W MediaProvider: Missing volume for /system/media/audio/ringtones/Savannah.ogg; assuming invalid
08-19 21:03:44.979  4287  4431 W MediaProvider: Missing volume for /system/media/audio/ringtones/Scarabaeus.ogg; assuming invalid
08-19 21:03:44.980  4287  4431 W MediaProvider: Missing volume for /system/media/audio/ringtones/Sceptrum.ogg; assuming invalid
08-19 21:03:44.981  4287  4431 W MediaProvider: Missing volume for /system/media/audio/ringtones/Seville.ogg; assuming invalid
08-19 21:03:44.982  4287  4431 W MediaProvider: Missing volume for /system/media/audio/ringtones/Shes_All_That.ogg; assuming invalid
08-19 21:03:44.983  4287  4431 W MediaProvider: Missing volume for /system/media/audio/ringtones/SilkyWay.ogg; assuming invalid
08-19 21:03:44.985  4287  4431 W MediaProvider: Missing volume for /system/media/audio/ringtones/SitarVsSitar.ogg; assuming invalid
08-19 21:03:44.987  4287  4431 W MediaProvider: Missing volume for /system/media/audio/ringtones/Solarium.ogg; assuming invalid
08-19 21:03:44.988  4287  4431 W MediaProvider: Missing volume for /system/media/audio/ringtones/SpringyJalopy.ogg; assuming invalid
08-19 21:03:44.989  4287  4431 W MediaProvider: Missing volume for /system/media/audio/ringtones/Steppin_Out.ogg; assuming invalid
08-19 21:03:44.989  4287  4431 W MediaProvider: Missing volume for /system/media/audio/ringtones/Terminated.ogg; assuming invalid
08-19 21:03:44.991  4287  4431 W MediaProvider: Missing volume for /system/media/audio/ringtones/Testudo.ogg; assuming invalid
08-19 21:03:44.992  4287  4431 W MediaProvider: Missing volume for /system/media/audio/ringtones/Themos.ogg; assuming invalid
08-19 21:03:44.993  4287  4431 W MediaProvider: Missing volume for /system/media/audio/ringtones/Third_Eye.ogg; assuming invalid
08-19 21:03:44.994  4287  4431 W MediaProvider: Missing volume for /system/media/audio/ringtones/Thunderfoot.ogg; assuming invalid
08-19 21:03:44.994  4287  4431 W MediaProvider: Missing volume for /system/media/audio/ringtones/TwirlAway.ogg; assuming invalid
08-19 21:03:44.995  4287  4431 W MediaProvider: Missing volume for /system/media/audio/ringtones/URSAMINOR.ogg; assuming invalid
08-19 21:03:44.996  4287  4431 W MediaProvider: Missing volume for /system/media/audio/ringtones/UrsaMinor.ogg; assuming invalid
08-19 21:03:44.997  4287  4431 W MediaProvider: Missing volume for /system/media/audio/ringtones/VeryAlarmed.ogg; assuming invalid
08-19 21:03:44.998  4287  4431 W MediaProvider: Missing volume for /system/media/audio/ringtones/Vespa.ogg; assuming invalid
08-19 21:03:45.000  4287  4431 W MediaProvider: Missing volume for /system/media/audio/ringtones/World.ogg; assuming invalid
08-19 21:03:45.001  4287  4431 W MediaProvider: Missing volume for /system/media/audio/ringtones/Zeta.ogg; assuming invalid
08-19 21:03:45.003  4287  4431 W MediaProvider: Missing volume for /system/media/audio/ringtones/hydra.ogg; assuming invalid
08-19 21:03:45.007  4287  4431 W MediaProvider: Missing volume for /system/media/audio/ui/Dock.ogg; assuming invalid
08-19 21:03:45.009  4287  4431 W MediaProvider: Missing volume for /system/media/audio/ui/Effect_Tick.ogg; assuming invalid
08-19 21:03:45.010  4287  4431 W MediaProvider: Missing volume for /system/media/audio/ui/KeypressDelete.ogg; assuming invalid
08-19 21:03:45.020  4287  4431 W MediaProvider: Missing volume for /system/media/audio/ui/KeypressInvalid.ogg; assuming invalid
08-19 21:03:45.022  4287  4431 W MediaProvider: Missing volume for /system/media/audio/ui/KeypressReturn.ogg; assuming invalid
08-19 21:03:45.025  3584  3584 D CarrierSvcBindHelper: No carrier app for: 0
08-19 21:03:45.026  4287  4431 W MediaProvider: Missing volume for /system/media/audio/ui/KeypressSpacebar.ogg; assuming invalid
08-19 21:03:45.027  4287  4431 W MediaProvider: Missing volume for /system/media/audio/ui/KeypressStandard.ogg; assuming invalid
08-19 21:03:45.028  4301  4301 D RegisteredNfcFServicesCache: Service unchanged, not updating
08-19 21:03:45.029  4287  4431 W MediaProvider: Missing volume for /system/media/audio/ui/Lock.ogg; assuming invalid
08-19 21:03:45.031  4287  4431 W MediaProvider: Missing volume for /system/media/audio/ui/LowBattery.ogg; assuming invalid
08-19 21:03:45.032  4287  4431 W MediaProvider: Missing volume for /system/media/audio/ui/Trusted.ogg; assuming invalid
08-19 21:03:45.036  4287  4431 W MediaProvider: Missing volume for /system/media/audio/ui/Undock.ogg; assuming invalid
08-19 21:03:45.038  4287  4431 W MediaProvider: Missing volume for /system/media/audio/ui/Unlock.ogg; assuming invalid
08-19 21:03:45.040  4287  4431 W MediaProvider: Missing volume for /system/media/audio/ui/VideoRecord.ogg; assuming invalid
08-19 21:03:45.041  4287  4431 W MediaProvider: Missing volume for /system/media/audio/ui/VideoStop.ogg; assuming invalid
08-19 21:03:45.042  4287  4431 W MediaProvider: Missing volume for /system/media/audio/ui/WirelessChargingStarted.ogg; assuming invalid
08-19 21:03:45.043  4287  4431 W MediaProvider: Missing volume for /system/media/audio/ui/camera_click.ogg; assuming invalid
08-19 21:03:45.044  4287  4431 W MediaProvider: Missing volume for /system/media/audio/ui/camera_focus.ogg; assuming invalid
08-19 21:03:45.680  4393  4406 W MediaPlayer: info/warning (3, 0)
08-19 21:03:45.826   670   670 I cnss-daemon: RTM_NEWROUTE Indication
08-19 21:03:45.826   670   670 I cnss-daemon: ip type is ipv6 254.128.0.0
08-19 21:03:45.827   670   670 I cnss-daemon: RTM_NEWNEIGH message received: 28
08-19 21:03:45.827   670   670 E cnss-daemon: Stale or unreachable neighbors, ndm state: 4
08-19 21:03:45.827   670   670 I cnss-daemon: RTM_NEWROUTE Indication
08-19 21:03:45.827   670   670 I cnss-daemon: RTM_NEWROUTE Indication
08-19 21:03:45.828   670   670 I cnss-daemon: RTM_NEWROUTE Indication
08-19 21:03:45.829   670   670 I cnss-daemon: RTM_NEWROUTE Indication
08-19 21:03:45.830   670   670 I cnss-daemon: RTM_NEWROUTE Indication
08-19 21:03:45.831   670   670 I cnss-daemon: RTM_NEWROUTE Indication
08-19 21:03:45.832  1914  3577 I chatty  : uid=1000(system) Thread-4 expire 17 lines
08-19 21:03:47.787  4393  5240 W MediaPlayer: info/warning (3, 0)
08-19 21:03:48.714  4287  4431 D MediaScanner: stat() failed for /storage/6461-3732/.android_secure: Permission denied
08-19 21:03:49.894  4393  5242 W MediaPlayer: info/warning (3, 0)
08-19 21:03:50.861  1649  2085 D CommandListener: Setting iface cfg
08-19 21:03:50.862   670   670 I cnss-daemon: RTM_NEWROUTE Indication
08-19 21:03:50.862   670   670 I cnss-daemon: RTM_NEWROUTE Indication
08-19 21:03:50.862   670   670 I cnss-daemon: RTM_NEWROUTE Indication
08-19 21:03:50.862   670   670 I cnss-daemon: RTM_NEWROUTE Indication
08-19 21:03:50.868  1914  3390 D ConnectivityService: NetworkAgentInfo [WIFI () - 101] EVENT_NETWORK_INFO_CHANGED, going from CONNECTING to CONNECTED
08-19 21:03:50.869  1914  3390 D ConnectivityService: Adding iface wlan0 to network 101
08-19 21:03:50.901   670   670 I cnss-daemon: RTM_NEWROUTE Indication
08-19 21:03:50.902   670   670 I cnss-daemon: RTM_NEWROUTE Indication
08-19 21:03:50.902   670   670 I cnss-daemon: RTM_NEWROUTE Indication
08-19 21:03:50.903   670   670 I cnss-daemon: RTM_NEWROUTE Indication
08-19 21:03:50.904  1649  2085 E Netd    : netlink response contains error (File exists)
08-19 21:03:50.904   670   670 I cnss-daemon: RTM_NEWROUTE Indication
08-19 21:03:50.904   670   670 I cnss-daemon: ip type is ipv4 192.168.1.254
08-19 21:03:50.905  1914  3390 D ConnectivityService: Setting DNS servers for network 101 to [/192.168.1.254]
08-19 21:03:50.906  1914  3390 I Nat464Xlat: Android Xlat is disabled
08-19 21:03:50.910  1914  3390 I chatty  : uid=1000(system) ConnectivitySer expire 3 lines
08-19 21:03:50.910  3579  3609 D QtiTetherService/IpaWrapper: getStats(false)
08-19 21:03:50.914  3579  3614 D QtiTetherService/IpaWrapper: getStats(false)
08-19 21:03:50.915  3579  3639 W QCNEJ   : |CORE| network available: 101
08-19 21:03:50.916  1914  3407 I chatty  : uid=1000(system) ConnectivityMan expire 1 line
08-19 21:03:50.917  3579  3639 W QCNEJ   : |CORE| onAvailable: bind the process to WIFI
08-19 21:03:50.922   670   670 I cnss-daemon: RTM_NEWNEIGH message received: 28
08-19 21:03:50.922   670   670 I cnss-daemon: NDA_DST received: 192.168.1.254 ul: 562997164615872
08-19 21:03:50.922   670   670 I cnss-daemon: NDA_LLADDR received
08-19 21:03:50.922   670   670 E cnss-daemon: gateway ipv4 address: 192.168.1.254
08-19 21:03:50.922   670   670 E cnss-daemon: gateway mac address: 40:c7:29:15:bd:27
08-19 21:03:50.922   670   670 E cnss-daemon: gw update message successfully sent
08-19 21:03:50.950  1914  5749 I chatty  : uid=1000 system_server expire 3 lines
08-19 21:03:50.970  1914  5750 I chatty  : uid=1000 system_server expire 2 lines
08-19 21:03:51.227  1914  3390 D ConnectivityService: NetworkAgentInfo [WIFI () - 101] validation passed
08-19 21:03:51.228  1914  3390 D ConnectivityService: Switching to new default network: NetworkAgentInfo{ ni{[type: WIFI[], state: CONNECTED/CONNECTED, reason: (unspecified), extra: "BTHub6-P7GR", failover: false, available: true, roaming: false, metered: false]}  network{101}  nethandle{433808132830}  lp{{InterfaceName: wlan0 LinkAddresses: [fe80::ae37:43ff:fed1:c775/64,fdaa:bbcc:ddee:0:ae37:43ff:fed1:c775/64,fdaa:bbcc:ddee:0:e844:cafc:1033:7e7b/64,2a00:23c4:7102:4500:ae37:43ff:fed1:c775/64,2a00:23c4:7102:4500:e844:cafc:1033:7e7b/64,192.168.1.190/24,]  Routes: [fe80::/64 -> :: wlan0,::/0 -> fe80::42c7:29ff:fe15:bd27 wlan0,fdaa:bbcc:ddee::/64 -> :: wlan0,2a00:23c4:7102:4500::/64 -> :: wlan0,192.168.1.0/24 -> 0.0.0.0 wlan0,0.0.0.0/0 -> 192.168.1.254 wlan0,] DnsAddresses: [192.168.1.254,] Domains: home MTU: 0 TcpBufferSizes: 524288,1048576,2097152,262144,524288,1048576}}  nc{[ Transports: WIFI Capabilities: NOT_METERED&INTERNET&NOT_RESTRICTED&TRUSTED&NOT_VPN&VALIDATED&FOREGROUND LinkUpBandwidth>=1048576Kbps LinkDnBandwidth>=1048576Kbps SignalStrength: -28]}  Score{60}  everValidated{true}  lastValidated{true}  created{true} lingering{false} explicitlySelected{true} acceptUnvalidated{false} everCaptivePortalDetected{false} lastCaptivePortalDetected{false} }
08-19 21:03:51.238  1649  2085 V IdletimerController: runCmd(/system/bin/ip6tables -w -t raw -A idletimer_raw_PREROUTING -i wlan0 -j IDLETIMER --timeout 15 --label 1 --send_nl_msg 1) res_ipv4=0, res_ipv6=0
08-19 21:03:51.249  1649  2085 V IdletimerController: runCmd(/system/bin/ip6tables -w -t mangle -A idletimer_mangle_POSTROUTING -o wlan0 -j IDLETIMER --timeout 15 --label 1 --send_nl_msg 1) res_ipv4=0, res_ipv6=0
08-19 21:03:51.253  1914  3390 D ConnectivityService: Lingering NetworkAgentInfo [MOBILE (LTE) - 100] for 30000ms
08-19 21:03:51.253  1914  3390 D ConnectivityService: Sending DISCONNECTED broadcast for type 0 NetworkAgentInfo [MOBILE (LTE) - 100] isDefaultNetwork=true
08-19 21:03:51.253  3579  3639 I QCNEJ   : |CORE| network losing: 100 in 30000ms
08-19 21:03:51.253  1914  3390 D ConnectivityService: Sending CONNECTED broadcast for type 1 NetworkAgentInfo [WIFI () - 101] isDefaultNetwork=true
08-19 21:03:51.281  4470  5762 I chatty  : uid=10029(com.google.android.gms) iu-sync-manager expire 6 lines
08-19 21:03:51.468  1914  3381 I chatty  : uid=1000(system) NetworkPolicy expire 4 lines
08-19 21:03:51.470  3579  5085 I QtiTetherService: handleMessage(TetherEvent -- QuotaSet{Quota=9223372036854775807 bytes Iface=rmnet_data0})
08-19 21:03:51.470  3579  5085 I QtiTetherService/IpaWrapper: setQuota(upstream=rmnet_data0 bytes=9223372036854775807)
08-19 21:03:51.471  3579  5085 I libQtiTether: setQuota called for upstream=rmnet_data0 quota=9223372036854775806
08-19 21:03:51.471  3579  5085 I libQtiTether: setQuota(upstream=rmnet_data0, quota_mb=9223372036854775806)
08-19 21:03:51.648  3579  5085 I QtiTetherService: handleMessage(TetherEvent -- QuotaSet{Quota=9223372036854775807 bytes Iface=rmnet_data0})
08-19 21:03:51.648  3579  5085 I QtiTetherService/IpaWrapper: setQuota(upstream=rmnet_data0 bytes=9223372036854775807)
08-19 21:03:51.648  3579  5085 I libQtiTether: setQuota called for upstream=rmnet_data0 quota=9223372036854775806
08-19 21:03:51.648  3579  5085 I libQtiTether: setQuota(upstream=rmnet_data0, quota_mb=9223372036854775806)
08-19 21:03:51.871  1648  4709 I chatty  : uid=1013(media) /system/bin/mediaserver expire 19 lines
08-19 21:03:51.879  1914  5825 I chatty  : uid=1000 system_server expire 2 lines
08-19 21:03:51.891  1914  4332 I ActivityManager: START u0 {act=com.android.wizard.NEXT cmp=com.google.android.setupwizard/.WizardManagerActivity (has extras)} from uid 10021 on display 0
08-19 21:03:51.918  4393  4393 I SetupWizard.WizardManager: onNext resultCode = -1, Stack = [suw/wizard_script_setup_as_new_flow#network_settings,suw/wizard_script#setup_as_new_flow]
08-19 21:03:51.920  1914  3635 I ActivityManager: START u0 {act=com.android.setupwizard.CAPTIVE_PORTAL flg=0x4000000 cmp=com.google.android.setupwizard/.network.CaptivePortal (has extras)} from uid 10021 on display 0
08-19 21:03:51.948  1914  4070 D ConnectivityService: reportNetworkConnectivity(101, false) by 10021
08-19 21:03:51.948  1914  5739 I chatty  : uid=1000 system_server expire 1 line
08-19 21:03:51.949  1914  5827 I chatty  : uid=1000 system_server expire 2 lines
08-19 21:03:51.949  1914  5828 I chatty  : uid=1000 system_server expire 2 lines
08-19 21:03:51.967  4393  4393 I SetupWizard.CaptivePortalFragment: Connection validated, dismissing dialog
08-19 21:03:51.968  4393  4393 D SetupWizard.WizardManager: peekNextActivity wizardBundle=Bundle[{action=WizardAction{mId=android.resource://com.google.android.setupwizard/xml/wizard_script_setup_as_new_flow#captive_portal mUri=intent:#Intent;action=com.android.setupwizard.CAPTIVE_PORTAL;end mBranches={} default=gms_checkin}, stack=[WizardAction{mId=android.resource://com.google.android.setupwizard/xml/wizard_script#setup_as_new_flow mUri=intent:#Intent;action=com.android.wizard.LOAD;S.loadScriptUri=android.resource%3A%2F%2Fcom.google.android.setupwizard%2Fxml%2Fwizard_script_setup_as_new_flow;end mBranches={} default=oem_post_setup}, WizardAction{mId=android.resource://com.google.android.setupwizard/xml/wizard_script_setup_as_new_flow#captive_portal mUri=intent:#Intent;action=com.android.setupwizard.CAPTIVE_PORTAL;end mBranches={} default=gms_checkin}]}] scriptUri=android.resource://com.google.android.setupwizard/xml/wizard_script_setup_as_new_flow actionId=android.resource://com.google.android.setupwizard/xml/wizard_script_setup_as_new_flow#captive_portal
08-19 21:03:51.971  1914  4359 I ActivityManager: START u0 {act=com.android.wizard.NEXT cmp=com.google.android.setupwizard/.WizardManagerActivity (has extras)} from uid 10021 on display 0
08-19 21:03:52.014  4393  4393 I SetupWizard.WizardManager: onNext resultCode = -1, Stack = [suw/wizard_script_setup_as_new_flow#captive_portal,suw/wizard_script#setup_as_new_flow]
08-19 21:03:52.019  1914  4359 I ActivityManager: START u0 {act=com.google.android.setupwizard.GMS_CHECKIN flg=0x4000000 cmp=com.google.android.setupwizard/.network.GmsCheckin (has extras)} from uid 10021 on display 0
08-19 21:03:52.026  1914  3634 W ActivityManager: Duplicate finish request for ActivityRecord{7b82354 u0 com.google.android.setupwizard/.WizardManagerActivity t3 f}
08-19 21:03:52.043  4393  4393 D SetupWizard.WizardManager: peekNextActivity wizardBundle=Bundle[{action=WizardAction{mId=android.resource://com.google.android.setupwizard/xml/wizard_script_setup_as_new_flow#gms_checkin mUri=intent:#Intent;action=com.google.android.setupwizard.GMS_CHECKIN;end mBranches={} default=ota_update}, stack=[WizardAction{mId=android.resource://com.google.android.setupwizard/xml/wizard_script#setup_as_new_flow mUri=intent:#Intent;action=com.android.wizard.LOAD;S.loadScriptUri=android.resource%3A%2F%2Fcom.google.android.setupwizard%2Fxml%2Fwizard_script_setup_as_new_flow;end mBranches={} default=oem_post_setup}, WizardAction{mId=android.resource://com.google.android.setupwizard/xml/wizard_script_setup_as_new_flow#gms_checkin mUri=intent:#Intent;action=com.google.android.setupwizard.GMS_CHECKIN;end mBranches={} default=ota_update}]}] scriptUri=android.resource://com.google.android.setupwizard/xml/wizard_script_setup_as_new_flow actionId=android.resource://com.google.android.setupwizard/xml/wizard_script_setup_as_new_flow#gms_checkin
08-19 21:03:52.048  1914  2112 W InputMethodManagerService: Window already focused, ignoring focus gain of: com.android.internal.view.IInputMethodClient$Stub$Proxy@f1e20c0 attribute=null, token = android.os.BinderProxy@a11b39a
08-19 21:03:52.048  1648  3510 I chatty  : uid=1013(media) Binder:1648_2 expire 4 lines
08-19 21:03:52.053  1648  4697 I chatty  : uid=1013(media) /system/bin/mediaserver expire 22 lines
08-19 21:03:52.053  4393  5242 W MediaPlayer: info/warning (3, 0)
08-19 21:03:52.096  1914  3390 D ConnectivityService: NetworkAgentInfo [WIFI () - 101] validation passed
08-19 21:03:52.099  1914  5829 I chatty  : uid=1000 system_server expire 2 lines
08-19 21:03:52.493  4393  4393 I art     : Starting a blocking GC Explicit
08-19 21:03:52.511  4393  4393 I art     : Explicit concurrent mark sweep GC freed 69280(3MB) AllocSpace objects, 16(1700KB) LOS objects, 40% free, 23MB/38MB, paused 129us total 17.218ms
08-19 21:03:52.512  4393  4393 I art     : Starting a blocking GC Explicit
08-19 21:03:52.523  4393  4393 I art     : Explicit concurrent mark sweep GC freed 2853(234KB) AllocSpace objects, 0(0B) LOS objects, 40% free, 23MB/38MB, paused 131us total 11.068ms
08-19 21:03:52.541  4393  4393 I art     : Starting a blocking GC Explicit
08-19 21:03:52.552  4393  4393 I art     : Explicit concurrent mark sweep GC freed 109(4KB) AllocSpace objects, 0(0B) LOS objects, 40% free, 23MB/38MB, paused 244us total 11.220ms
08-19 21:03:52.553  4393  4393 I art     : Starting a blocking GC Explicit
08-19 21:03:52.563  4393  4393 I art     : Explicit concurrent mark sweep GC freed 5(128B) AllocSpace objects, 0(0B) LOS objects, 40% free, 23MB/38MB, paused 154us total 9.781ms
08-19 21:03:53.437  1914  3634 I ActivityManager: START u0 {act=com.android.wizard.NEXT cmp=com.google.android.setupwizard/.WizardManagerActivity (has extras)} from uid 10021 on display 0
08-19 21:03:53.458  4393  4393 I SetupWizard.WizardManager: onNext resultCode = -1, Stack = [suw/wizard_script_setup_as_new_flow#gms_checkin,suw/wizard_script#setup_as_new_flow]
08-19 21:03:53.461  1914  5548 I ActivityManager: START u0 {act=com.google.android.setupwizard.OTA_UPDATE flg=0x4000000 cmp=com.google.android.setupwizard/.update.OtaUpdateActivity (has extras)} from uid 10021 on display 0
08-19 21:03:53.518  1914  2712 I ActivityManager: START u0 {act=com.android.wizard.NEXT cmp=com.google.android.setupwizard/.WizardManagerActivity (has extras)} from uid 10021 on display 0
08-19 21:03:53.536  4393  4393 I SetupWizard.WizardManager: onNext resultCode = 1, Stack = [suw/wizard_script_setup_as_new_flow#ota_update,suw/wizard_script#setup_as_new_flow]
08-19 21:03:53.540  1914  3565 I ActivityManager: START u0 {act=com.google.android.setupwizard.EARLY_UPDATE flg=0x4000000 cmp=com.google.android.setupwizard/.update.EarlyUpdate (has extras)} from uid 10021 on display 0
08-19 21:03:53.548  1914  2112 D WindowManager: relayoutVisibleWindow: Window{99ecd2 u0 com.google.android.setupwizard/com.google.android.setupwizard.network.NetworkActivity EXITING} mAnimatingExit=true, mRemoveOnExit=false, mDestroying=false
08-19 21:03:53.586  5456  5456 W Finsky  : [1] com.google.android.finsky.application.FinskyAppImpl.bw(1162): No account configured on this device.
08-19 21:03:53.618  1914  2122 I chatty  : uid=1000(system) android.display expire 10 lines
08-19 21:03:53.619  5456  5470 I Adreno  : QUALCOMM build                   : 49e65ee, Ie324a8a06c
08-19 21:03:53.619  5456  5470 I Adreno  : Build Date                       : 03/16/17
08-19 21:03:53.619  5456  5470 I Adreno  : OpenGL ES Shader Compiler Version: XE031.14.00.01
08-19 21:03:53.619  5456  5470 I Adreno  : Local Branch                     : 
08-19 21:03:53.619  5456  5470 I Adreno  : Remote Branch                    : 
08-19 21:03:53.619  5456  5470 I Adreno  : Remote Branch                    : 
08-19 21:03:53.619  5456  5470 I Adreno  : Reconstruct Branch               : 
08-19 21:03:53.620  5456  5470 I Adreno  : PFP: 0x005ff104, ME: 0x005ff063
08-19 21:03:54.050  5456  5470 W Finsky  : [165] com.google.android.finsky.application.FinskyAppImpl.bw(1162): No account configured on this device.
08-19 21:03:54.082  5456  5484 D NetworkSecurityConfig: No Network Security Config specified, using platform default
08-19 21:03:54.153  4393  4393 I art     : Starting a blocking GC Explicit
08-19 21:03:54.173  4393  4393 I art     : Explicit concurrent mark sweep GC freed 5665(559KB) AllocSpace objects, 3(1180KB) LOS objects, 40% free, 23MB/38MB, paused 328us total 19.716ms
08-19 21:03:54.176  4393  4393 I art     : Starting a blocking GC Explicit
08-19 21:03:54.193  4393  4393 I art     : Explicit concurrent mark sweep GC freed 923(73KB) AllocSpace objects, 0(0B) LOS objects, 40% free, 23MB/38MB, paused 191us total 17.029ms
08-19 21:03:54.206  1648  3766 I chatty  : uid=1013(media) Binder:1648_4 expire 12 lines
08-19 21:03:54.206  4393  4393 I art     : Starting a blocking GC Explicit
08-19 21:03:54.206  4393  4746 W MediaPlayer: info/warning (3, 0)
08-19 21:03:54.217  4393  4393 I art     : Explicit concurrent mark sweep GC freed 43(1912B) AllocSpace objects, 0(0B) LOS objects, 40% free, 23MB/38MB, paused 152us total 11.145ms
08-19 21:03:54.218  4393  4393 I art     : Starting a blocking GC Explicit
08-19 21:03:54.229  4393  4393 I art     : Explicit concurrent mark sweep GC freed 5(128B) AllocSpace objects, 0(0B) LOS objects, 40% free, 23MB/38MB, paused 142us total 11.429ms
08-19 21:03:54.482  5456  5470 E Finsky  : [165] com.google.android.finsky.setup.PlaySetupService.b(353): Error while loading early update: com.android.volley.NoConnectionError: java.net.UnknownHostException: Unable to resolve host "android.clients.google.com": No address associated with hostname
08-19 21:03:54.483  5456  5470 W Finsky  : [165] com.google.android.finsky.application.FinskyAppImpl.bw(1162): No account configured on this device.
08-19 21:03:54.484  4393  4393 D SetupWizard.WizardManager: peekNextActivity wizardBundle=Bundle[{action=WizardAction{mId=android.resource://com.google.android.setupwizard/xml/wizard_script_setup_as_new_flow#early_update mUri=intent:#Intent;action=com.google.android.setupwizard.EARLY_UPDATE;end mBranches={} default=zero_touch}, stack=[WizardAction{mId=android.resource://com.google.android.setupwizard/xml/wizard_script#setup_as_new_flow mUri=intent:#Intent;action=com.android.wizard.LOAD;S.loadScriptUri=android.resource%3A%2F%2Fcom.google.android.setupwizard%2Fxml%2Fwizard_script_setup_as_new_flow;end mBranches={} default=oem_post_setup}, WizardAction{mId=android.resource://com.google.android.setupwizard/xml/wizard_script_setup_as_new_flow#early_update mUri=intent:#Intent;action=com.google.android.setupwizard.EARLY_UPDATE;end mBranches={} default=zero_touch}]}] scriptUri=android.resource://com.google.android.setupwizard/xml/wizard_script_setup_as_new_flow actionId=android.resource://com.google.android.setupwizard/xml/wizard_script_setup_as_new_flow#early_update
08-19 21:03:55.076  1914  3634 I ActivityManager: START u0 {act=com.android.wizard.NEXT cmp=com.google.android.setupwizard/.WizardManagerActivity (has extras)} from uid 10021 on display 0
08-19 21:03:55.087  4393  4393 I SetupWizard.WizardManager: onNext resultCode = -1, Stack = [suw/wizard_script_setup_as_new_flow#early_update,suw/wizard_script#setup_as_new_flow]
08-19 21:03:55.091  1914  3636 I ActivityManager: START u0 {act=com.android.wizard.LOAD flg=0x4000000 cmp=com.google.android.setupwizard/.WizardManagerActivity (has extras)} from uid 10021 on display 0
08-19 21:03:55.093  1914  3634 W ActivityManager: Duplicate finish request for ActivityRecord{3c1aea1 u0 com.google.android.setupwizard/.WizardManagerActivity t3 f}
08-19 21:03:55.133  4393  4393 I SetupWizard.WizardManager: onLoad scriptUri=android.resource://com.google.android.setupwizard/xml/wizard_script_zero_touch_flow, Stack = [suw/wizard_script_setup_as_new_flow#zero_touch,suw/wizard_script#setup_as_new_flow]
08-19 21:03:55.138  1914  4071 I ActivityManager: START u0 {act=com.google.android.setupwizard.ZERO_TOUCH_SETUP flg=0x4000000 cmp=com.google.android.setupwizard/.user.ZeroTouchWrapper (has extras)} from uid 10021 on display 0
08-19 21:03:55.150  4393  4393 W SetupWizard.ZeroTouchWrapper: GServices flag for zero touch present, but zero touch intent cannot be resolved
08-19 21:03:55.151  1914  4071 I ActivityManager: START u0 {act=com.android.wizard.NEXT cmp=com.google.android.setupwizard/.WizardManagerActivity (has extras)} from uid 10021 on display 0
08-19 21:03:55.176  4393  4393 I SetupWizard.WizardManager: onNext resultCode = -1, Stack = [suw/wizard_script_zero_touch_flow#zero_touch_initial,suw/wizard_script_setup_as_new_flow#zero_touch,suw/wizard_script#setup_as_new_flow]
08-19 21:03:55.176  4393  4393 I SetupWizard.WizardManager: onExit resultCode = -1, Stack = [suw/wizard_script_zero_touch_flow#zero_touch_initial,suw/wizard_script_setup_as_new_flow#zero_touch,suw/wizard_script#setup_as_new_flow]
08-19 21:03:55.176  4393  4393 I SetupWizard.WizardManager: onNext resultCode = -1, Stack = [suw/wizard_script_setup_as_new_flow#zero_touch,suw/wizard_script#setup_as_new_flow]
08-19 21:03:55.179  1914  5547 I ActivityManager: START u0 {act=com.google.android.setupwizard.LOAD_ADD_ACCOUNT_INTENT flg=0x4000000 cmp=com.google.android.setupwizard/.account.LoadAddAccountIntent (has extras)} from uid 10021 on display 0
08-19 21:03:55.185  1914  3636 D WindowManager: relayoutVisibleWindow: Window{99ecd2 u0 com.google.android.setupwizard/com.google.android.setupwizard.network.NetworkActivity EXITING} mAnimatingExit=true, mRemoveOnExit=false, mDestroying=false
08-19 21:03:55.276  4393  4393 D SetupWizard.WizardManager: peekNextActivity wizardBundle=Bundle[{action=WizardAction{mId=android.resource://com.google.android.setupwizard/xml/wizard_script_setup_as_new_flow#load_account_intent mUri=intent:#Intent;action=com.google.android.setupwizard.LOAD_ADD_ACCOUNT_INTENT;B.showTapAndGo=false;end mBranches={} default=account_setup}, stack=[WizardAction{mId=android.resource://com.google.android.setupwizard/xml/wizard_script#setup_as_new_flow mUri=intent:#Intent;action=com.android.wizard.LOAD;S.loadScriptUri=android.resource%3A%2F%2Fcom.google.android.setupwizard%2Fxml%2Fwizard_script_setup_as_new_flow;end mBranches={} default=oem_post_setup}, WizardAction{mId=android.resource://com.google.android.setupwizard/xml/wizard_script_setup_as_new_flow#load_account_intent mUri=intent:#Intent;action=com.google.android.setupwizard.LOAD_ADD_ACCOUNT_INTENT;B.showTapAndGo=false;end mBranches={} default=account_setup}]}] scriptUri=android.resource://com.google.android.setupwizard/xml/wizard_script_setup_as_new_flow actionId=android.resource://com.google.android.setupwizard/xml/wizard_script_setup_as_new_flow#load_account_intent
08-19 21:03:55.811  4393  4393 I art     : Starting a blocking GC Explicit
08-19 21:03:55.824  4393  4393 I art     : Explicit concurrent mark sweep GC freed 7494(848KB) AllocSpace objects, 3(1180KB) LOS objects, 39% free, 23MB/39MB, paused 143us total 13.215ms
08-19 21:03:55.826  4393  4393 I art     : Starting a blocking GC Explicit
08-19 21:03:55.837  4393  4393 I art     : Explicit concurrent mark sweep GC freed 2556(196KB) AllocSpace objects, 0(0B) LOS objects, 40% free, 23MB/38MB, paused 146us total 11.723ms
08-19 21:03:55.844  4393  4393 I art     : Starting a blocking GC Explicit
08-19 21:03:55.855  4393  4393 I art     : Explicit concurrent mark sweep GC freed 82(3KB) AllocSpace objects, 0(0B) LOS objects, 39% free, 23MB/38MB, paused 144us total 11.427ms
08-19 21:03:55.855  4393  4393 I art     : Starting a blocking GC Explicit
08-19 21:03:55.867  4393  4393 I art     : Explicit concurrent mark sweep GC freed 5(128B) AllocSpace objects, 0(0B) LOS objects, 39% free, 23MB/38MB, paused 176us total 11.023ms
08-19 21:03:55.874  4393  4393 I art     : Starting a blocking GC Explicit
08-19 21:03:55.885  4393  4393 I art     : Explicit concurrent mark sweep GC freed 64(5KB) AllocSpace objects, 0(0B) LOS objects, 40% free, 23MB/38MB, paused 176us total 11.469ms
08-19 21:03:55.886  4393  4393 I art     : Starting a blocking GC Explicit
08-19 21:03:55.896  4393  4393 I art     : Explicit concurrent mark sweep GC freed 15(1048B) AllocSpace objects, 0(0B) LOS objects, 40% free, 23MB/38MB, paused 140us total 10.159ms
08-19 21:03:55.958   670   670 I cnss-daemon: RTM_NEWNEIGH message received: 28
08-19 21:03:55.958   670   670 I cnss-daemon: NDA_DST received: fe80::42c7:29ff:fe15:bd27 ul: 33022
08-19 21:03:55.958   670   670 I cnss-daemon: NDA_LLADDR received
08-19 21:03:56.320  4393  5241 W MediaPlayer: info/warning (3, 0)
08-19 21:03:56.725  1914  3635 I ActivityManager: START u0 {act=com.android.wizard.NEXT cmp=com.google.android.setupwizard/.WizardManagerActivity (has extras)} from uid 10021 on display 0
08-19 21:03:56.743  4393  4393 I SetupWizard.WizardManager: onNext resultCode = -1, Stack = [suw/wizard_script_setup_as_new_flow#load_account_intent,suw/wizard_script#setup_as_new_flow]
08-19 21:03:56.746  1914  4072 I ActivityManager: START u0 {act=com.google.android.setupwizard.ACCOUNT_SETUP flg=0x4000000 cmp=com.google.android.setupwizard/.account.AccountSetupWrapper (has extras)} from uid 10021 on display 0
